Archive member included to satisfy reference by file (symbol)

/Applications/Simplicity Studio.app/Contents/Eclipse/developer/toolchains/gnu_arm/12.2.rel1_2023.7/bin/../lib/gcc/arm-none-eabi/12.2.1/thumb/v8-m.main+fp/hard/libgcc.a(_arm_muldf3.o)
                              CMakeFiles/test.dir/default_config/Users/xinye/SimplicityStudio/v5_workspace/test/ad5940lib/ad5940.c.obj (__aeabi_dmul)
/Applications/Simplicity Studio.app/Contents/Eclipse/developer/toolchains/gnu_arm/12.2.rel1_2023.7/bin/../lib/gcc/arm-none-eabi/12.2.1/thumb/v8-m.main+fp/hard/libgcc.a(_arm_addsubdf3.o)
                              CMakeFiles/test.dir/default_config/Users/xinye/SimplicityStudio/v5_workspace/test/ad5940lib/ad5940.c.obj (__aeabi_dadd)
/Applications/Simplicity Studio.app/Contents/Eclipse/developer/toolchains/gnu_arm/12.2.rel1_2023.7/bin/../lib/gcc/arm-none-eabi/12.2.1/thumb/v8-m.main+fp/hard/libgcc.a(_arm_muldivdf3.o)
                              CMakeFiles/test.dir/default_config/Users/xinye/SimplicityStudio/v5_workspace/test/ad5940lib/ad5940.c.obj (__aeabi_ddiv)
/Applications/Simplicity Studio.app/Contents/Eclipse/developer/toolchains/gnu_arm/12.2.rel1_2023.7/bin/../lib/gcc/arm-none-eabi/12.2.1/thumb/v8-m.main+fp/hard/libgcc.a(_arm_cmpdf2.o)
                              CMakeFiles/test.dir/default_config/Users/xinye/SimplicityStudio/v5_workspace/test/ad5940lib/ad5940.c.obj (__aeabi_dcmplt)
/Applications/Simplicity Studio.app/Contents/Eclipse/developer/toolchains/gnu_arm/12.2.rel1_2023.7/bin/../lib/gcc/arm-none-eabi/12.2.1/thumb/v8-m.main+fp/hard/libgcc.a(_arm_truncdfsf2.o)
                              CMakeFiles/test.dir/default_config/Users/xinye/SimplicityStudio/v5_workspace/test/ad5940lib/ad5940.c.obj (__aeabi_d2f)
/Applications/Simplicity Studio.app/Contents/Eclipse/developer/toolchains/gnu_arm/12.2.rel1_2023.7/bin/../lib/gcc/arm-none-eabi/12.2.1/thumb/v8-m.main+fp/hard/libgcc.a(_aeabi_ldivmod.o)
                              CMakeFiles/slc_test.dir/default_config/Users/xinye/SimplicityStudio/SDKs/gecko_sdk_2/platform/emlib/src/em_eusart.c.obj (__aeabi_ldivmod)
/Applications/Simplicity Studio.app/Contents/Eclipse/developer/toolchains/gnu_arm/12.2.rel1_2023.7/bin/../lib/gcc/arm-none-eabi/12.2.1/thumb/v8-m.main+fp/hard/libgcc.a(_aeabi_uldivmod.o)
                              CMakeFiles/slc_test.dir/default_config/Users/xinye/SimplicityStudio/SDKs/gecko_sdk_2/platform/emlib/src/em_eusart.c.obj (__aeabi_uldivmod)
/Applications/Simplicity Studio.app/Contents/Eclipse/developer/toolchains/gnu_arm/12.2.rel1_2023.7/bin/../lib/gcc/arm-none-eabi/12.2.1/thumb/v8-m.main+fp/hard/libgcc.a(_udivmoddi4.o)
                              /Applications/Simplicity Studio.app/Contents/Eclipse/developer/toolchains/gnu_arm/12.2.rel1_2023.7/bin/../lib/gcc/arm-none-eabi/12.2.1/thumb/v8-m.main+fp/hard/libgcc.a(_aeabi_ldivmod.o) (__udivmoddi4)
/Applications/Simplicity Studio.app/Contents/Eclipse/developer/toolchains/gnu_arm/12.2.rel1_2023.7/bin/../lib/gcc/arm-none-eabi/12.2.1/thumb/v8-m.main+fp/hard/libgcc.a(_dvmd_tls.o)
                              /Applications/Simplicity Studio.app/Contents/Eclipse/developer/toolchains/gnu_arm/12.2.rel1_2023.7/bin/../lib/gcc/arm-none-eabi/12.2.1/thumb/v8-m.main+fp/hard/libgcc.a(_aeabi_ldivmod.o) (__aeabi_ldiv0)
/Applications/Simplicity Studio.app/Contents/Eclipse/developer/toolchains/gnu_arm/12.2.rel1_2023.7/bin/../lib/gcc/arm-none-eabi/12.2.1/../../../../arm-none-eabi/lib/thumb/v8-m.main+fp/hard/libc_nano.a(libc_a-exit.o)
                              /Applications/Simplicity Studio.app/Contents/Eclipse/developer/toolchains/gnu_arm/12.2.rel1_2023.7/bin/../lib/gcc/arm-none-eabi/12.2.1/../../../../arm-none-eabi/lib/thumb/v8-m.main+fp/hard/crt0.o (exit)
/Applications/Simplicity Studio.app/Contents/Eclipse/developer/toolchains/gnu_arm/12.2.rel1_2023.7/bin/../lib/gcc/arm-none-eabi/12.2.1/../../../../arm-none-eabi/lib/thumb/v8-m.main+fp/hard/libc_nano.a(libc_a-nano-vfprintf_float.o)
                              (_printf_float)
/Applications/Simplicity Studio.app/Contents/Eclipse/developer/toolchains/gnu_arm/12.2.rel1_2023.7/bin/../lib/gcc/arm-none-eabi/12.2.1/../../../../arm-none-eabi/lib/thumb/v8-m.main+fp/hard/libc_nano.a(libc_a-nano-vfprintf_i.o)
                              /Applications/Simplicity Studio.app/Contents/Eclipse/developer/toolchains/gnu_arm/12.2.rel1_2023.7/bin/../lib/gcc/arm-none-eabi/12.2.1/../../../../arm-none-eabi/lib/thumb/v8-m.main+fp/hard/libc_nano.a(libc_a-nano-vfprintf_float.o) (_printf_common)
/Applications/Simplicity Studio.app/Contents/Eclipse/developer/toolchains/gnu_arm/12.2.rel1_2023.7/bin/../lib/gcc/arm-none-eabi/12.2.1/../../../../arm-none-eabi/lib/thumb/v8-m.main+fp/hard/libc_nano.a(libc_a-setvbuf.o)
                              CMakeFiles/slc_test.dir/default_config/Users/xinye/SimplicityStudio/SDKs/gecko_sdk_2/platform/service/iostream/src/sl_iostream_stdlib_config.c.obj (setvbuf)
[...]
Memory Configuration

Name             Origin             Length             Attributes
FLASH            0x0000000000000000 0x0000000000056000 xr
RAM              0x0000000020000000 0x0000000000008000 xrw
*default*        0x0000000000000000 0xffffffffffffffff

Linker script and memory map

LOAD /Applications/Simplicity Studio.app/Contents/Eclipse/developer/toolchains/gnu_arm/12.2.rel1_2023.7/bin/../lib/gcc/arm-none-eabi/12.2.1/thumb/v8-m.main+fp/hard/crti.o
LOAD /Applications/Simplicity Studio.app/Contents/Eclipse/developer/toolchains/gnu_arm/12.2.rel1_2023.7/bin/../lib/gcc/arm-none-eabi/12.2.1/thumb/v8-m.main+fp/hard/crtbegin.o
LOAD /Applications/Simplicity Studio.app/Contents/Eclipse/developer/toolchains/gnu_arm/12.2.rel1_2023.7/bin/../lib/gcc/arm-none-eabi/12.2.1/../../../../arm-none-eabi/lib/thumb/v8-m.main+fp/hard/crt0.o
LOAD CMakeFiles/slc_test.dir/default_config/Users/xinye/SimplicityStudio/SDKs/gecko_sdk_2/hardware/board/src/sl_board_control_gpio.c.obj
LOAD CMakeFiles/slc_test.dir/default_config/Users/xinye/SimplicityStudio/SDKs/gecko_sdk_2/hardware/board/src/sl_board_init.c.obj
LOAD CMakeFiles/slc_test.dir/default_config/Users/xinye/SimplicityStudio/SDKs/gecko_sdk_2/hardware/driver/configuration_over_swo/src/sl_cos.c.obj
LOAD CMakeFiles/slc_test.dir/default_config/Users/xinye/SimplicityStudio/SDKs/gecko_sdk_2/hardware/driver/mx25_flash_shutdown/src/sl_mx25_flash_shutdown_usart/sl_mx25_flash_shutdown.c.obj
LOAD CMakeFiles/slc_test.dir/default_config/Users/xinye/SimplicityStudio/SDKs/gecko_sdk_2/platform/common/src/sl_assert.c.obj
LOAD CMakeFiles/slc_test.dir/default_config/Users/xinye/SimplicityStudio/SDKs/gecko_sdk_2/platform/common/src/sl_slist.c.obj
LOAD CMakeFiles/slc_test.dir/default_config/Users/xinye/SimplicityStudio/SDKs/gecko_sdk_2/platform/common/src/sl_string.c.obj
LOAD CMakeFiles/slc_test.dir/default_config/Users/xinye/SimplicityStudio/SDKs/gecko_sdk_2/platform/common/src/sl_syscalls.c.obj
LOAD CMakeFiles/slc_test.dir/default_config/Users/xinye/SimplicityStudio/SDKs/gecko_sdk_2/platform/common/toolchain/src/sl_memory.c.obj
LOAD CMakeFiles/slc_test.dir/default_config/Users/xinye/SimplicityStudio/SDKs/gecko_sdk_2/platform/Device/SiliconLabs/BGM22/Source/startup_bgm22.c.obj
LOAD CMakeFiles/slc_test.dir/default_config/Users/xinye/SimplicityStudio/SDKs/gecko_sdk_2/platform/Device/SiliconLabs/BGM22/Source/system_bgm22.c.obj
LOAD CMakeFiles/slc_test.dir/default_config/Users/xinye/SimplicityStudio/SDKs/gecko_sdk_2/platform/driver/debug/src/sl_debug_swo.c.obj
LOAD CMakeFiles/slc_test.dir/default_config/Users/xinye/SimplicityStudio/SDKs/gecko_sdk_2/platform/emdrv/dmadrv/src/dmadrv.c.obj
LOAD CMakeFiles/slc_test.dir/default_config/Users/xinye/SimplicityStudio/SDKs/gecko_sdk_2/platform/emdrv/gpiointerrupt/src/gpiointerrupt.c.obj
LOAD CMakeFiles/slc_test.dir/default_config/Users/xinye/SimplicityStudio/SDKs/gecko_sdk_2/platform/emdrv/spidrv/src/spidrv.c.obj
LOAD CMakeFiles/slc_test.dir/default_config/Users/xinye/SimplicityStudio/SDKs/gecko_sdk_2/platform/emlib/src/em_burtc.c.obj
LOAD CMakeFiles/slc_test.dir/default_config/Users/xinye/SimplicityStudio/SDKs/gecko_sdk_2/platform/emlib/src/em_cmu.c.obj
LOAD CMakeFiles/slc_test.dir/default_config/Users/xinye/SimplicityStudio/SDKs/gecko_sdk_2/platform/emlib/src/em_core.c.obj
LOAD CMakeFiles/slc_test.dir/default_config/Users/xinye/SimplicityStudio/SDKs/gecko_sdk_2/platform/emlib/src/em_emu.c.obj
LOAD CMakeFiles/slc_test.dir/default_config/Users/xinye/SimplicityStudio/SDKs/gecko_sdk_2/platform/emlib/src/em_eusart.c.obj
LOAD CMakeFiles/slc_test.dir/default_config/Users/xinye/SimplicityStudio/SDKs/gecko_sdk_2/platform/emlib/src/em_gpio.c.obj
LOAD CMakeFiles/slc_test.dir/default_config/Users/xinye/SimplicityStudio/SDKs/gecko_sdk_2/platform/emlib/src/em_ldma.c.obj
LOAD CMakeFiles/slc_test.dir/default_config/Users/xinye/SimplicityStudio/SDKs/gecko_sdk_2/platform/emlib/src/em_msc.c.obj
LOAD CMakeFiles/slc_test.dir/default_config/Users/xinye/SimplicityStudio/SDKs/gecko_sdk_2/platform/emlib/src/em_rtcc.c.obj
LOAD CMakeFiles/slc_test.dir/default_config/Users/xinye/SimplicityStudio/SDKs/gecko_sdk_2/platform/emlib/src/em_system.c.obj
LOAD CMakeFiles/slc_test.dir/default_config/Users/xinye/SimplicityStudio/SDKs/gecko_sdk_2/platform/emlib/src/em_timer.c.obj
LOAD CMakeFiles/slc_test.dir/default_config/Users/xinye/SimplicityStudio/SDKs/gecko_sdk_2/platform/emlib/src/em_usart.c.obj
LOAD CMakeFiles/slc_test.dir/default_config/Users/xinye/SimplicityStudio/SDKs/gecko_sdk_2/platform/service/device_init/src/sl_device_init_dcdc_s2.c.obj
LOAD CMakeFiles/slc_test.dir/default_config/Users/xinye/SimplicityStudio/SDKs/gecko_sdk_2/platform/service/device_init/src/sl_device_init_emu_s2.c.obj
LOAD CMakeFiles/slc_test.dir/default_config/Users/xinye/SimplicityStudio/SDKs/gecko_sdk_2/platform/service/device_init/src/sl_device_init_hfxo_s2.c.obj
LOAD CMakeFiles/slc_test.dir/default_config/Users/xinye/SimplicityStudio/SDKs/gecko_sdk_2/platform/service/device_init/src/sl_device_init_lfxo_s2.c.obj
LOAD CMakeFiles/slc_test.dir/default_config/Users/xinye/SimplicityStudio/SDKs/gecko_sdk_2/platform/service/device_init/src/sl_device_init_nvic.c.obj
LOAD CMakeFiles/slc_test.dir/default_config/Users/xinye/SimplicityStudio/SDKs/gecko_sdk_2/platform/service/iostream/src/sl_iostream.c.obj
LOAD CMakeFiles/slc_test.dir/default_config/Users/xinye/SimplicityStudio/SDKs/gecko_sdk_2/platform/service/iostream/src/sl_iostream_eusart.c.obj
LOAD CMakeFiles/slc_test.dir/default_config/Users/xinye/SimplicityStudio/SDKs/gecko_sdk_2/platform/service/iostream/src/sl_iostream_retarget_stdio.c.obj
LOAD CMakeFiles/slc_test.dir/default_config/Users/xinye/SimplicityStudio/SDKs/gecko_sdk_2/platform/service/iostream/src/sl_iostream_stdlib_config.c.obj
LOAD CMakeFiles/slc_test.dir/default_config/Users/xinye/SimplicityStudio/SDKs/gecko_sdk_2/platform/service/iostream/src/sl_iostream_uart.c.obj
LOAD CMakeFiles/slc_test.dir/default_config/Users/xinye/SimplicityStudio/SDKs/gecko_sdk_2/platform/service/sleeptimer/src/sl_sleeptimer.c.obj
LOAD CMakeFiles/slc_test.dir/default_config/Users/xinye/SimplicityStudio/SDKs/gecko_sdk_2/platform/service/sleeptimer/src/sl_sleeptimer_hal_burtc.c.obj
LOAD CMakeFiles/slc_test.dir/default_config/Users/xinye/SimplicityStudio/SDKs/gecko_sdk_2/platform/service/sleeptimer/src/sl_sleeptimer_hal_prortc.c.obj
LOAD CMakeFiles/slc_test.dir/default_config/Users/xinye/SimplicityStudio/SDKs/gecko_sdk_2/platform/service/sleeptimer/src/sl_sleeptimer_hal_rtcc.c.obj
LOAD CMakeFiles/slc_test.dir/default_config/Users/xinye/SimplicityStudio/SDKs/gecko_sdk_2/platform/service/sleeptimer/src/sl_sleeptimer_hal_timer.c.obj
LOAD CMakeFiles/slc_test.dir/default_config/Users/xinye/SimplicityStudio/SDKs/gecko_sdk_2/platform/service/system/src/sl_system_init.c.obj
LOAD CMakeFiles/slc_test.dir/default_config/Users/xinye/SimplicityStudio/SDKs/gecko_sdk_2/platform/service/system/src/sl_system_process_action.c.obj
LOAD CMakeFiles/slc_test.dir/default_config/Users/xinye/SimplicityStudio/SDKs/gecko_sdk_2/platform/service/udelay/src/sl_udelay.c.obj
LOAD CMakeFiles/slc_test.dir/default_config/Users/xinye/SimplicityStudio/SDKs/gecko_sdk_2/platform/service/udelay/src/sl_udelay_armv6m_gcc.S.obj
LOAD CMakeFiles/slc_test.dir/default_config/Users/xinye/SimplicityStudio/v5_workspace/test/app.c.obj
LOAD CMakeFiles/slc_test.dir/default_config/Users/xinye/SimplicityStudio/v5_workspace/test/autogen/sl_board_default_init.c.obj
LOAD CMakeFiles/slc_test.dir/default_config/Users/xinye/SimplicityStudio/v5_workspace/test/autogen/sl_device_init_clocks.c.obj
LOAD CMakeFiles/slc_test.dir/default_config/Users/xinye/SimplicityStudio/v5_workspace/test/autogen/sl_emlib_gpio_simple_init.c.obj
LOAD CMakeFiles/slc_test.dir/default_config/Users/xinye/SimplicityStudio/v5_workspace/test/autogen/sl_event_handler.c.obj
LOAD CMakeFiles/slc_test.dir/default_config/Users/xinye/SimplicityStudio/v5_workspace/test/autogen/sl_iostream_handles.c.obj
LOAD CMakeFiles/slc_test.dir/default_config/Users/xinye/SimplicityStudio/v5_workspace/test/autogen/sl_iostream_init_eusart_instances.c.obj
LOAD CMakeFiles/slc_test.dir/default_config/Users/xinye/SimplicityStudio/v5_workspace/test/autogen/sl_spidrv_init.c.obj
LOAD CMakeFiles/slc_test.dir/default_config/Users/xinye/SimplicityStudio/v5_workspace/test/main.c.obj
LOAD CMakeFiles/slc_test.dir/default_config/Users/xinye/SimplicityStudio/v5_workspace/test/spidrv_master_baremetal.c.obj
LOAD CMakeFiles/test.dir/default_config/Users/xinye/SimplicityStudio/v5_workspace/test/BGM220Port.c.obj
LOAD CMakeFiles/test.dir/default_config/Users/xinye/SimplicityStudio/v5_workspace/test/ad5940lib/AD5940Main.c.obj
LOAD CMakeFiles/test.dir/default_config/Users/xinye/SimplicityStudio/v5_workspace/test/ad5940lib/SqrWaveVoltammetry.c.obj
LOAD CMakeFiles/test.dir/default_config/Users/xinye/SimplicityStudio/v5_workspace/test/ad5940lib/ad5940.c.obj
START GROUP
LOAD /Applications/Simplicity Studio.app/Contents/Eclipse/developer/toolchains/gnu_arm/12.2.rel1_2023.7/bin/../lib/gcc/arm-none-eabi/12.2.1/thumb/v8-m.main+fp/hard/libgcc.a
LOAD /Applications/Simplicity Studio.app/Contents/Eclipse/developer/toolchains/gnu_arm/12.2.rel1_2023.7/bin/../lib/gcc/arm-none-eabi/12.2.1/../../../../arm-none-eabi/lib/thumb/v8-m.main+fp/hard/libc_nano.a
LOAD /Applications/Simplicity Studio.app/Contents/Eclipse/developer/toolchains/gnu_arm/12.2.rel1_2023.7/bin/../lib/gcc/arm-none-eabi/12.2.1/../../../../arm-none-eabi/lib/thumb/v8-m.main+fp/hard/libm.a
LOAD /Applications/Simplicity Studio.app/Contents/Eclipse/developer/toolchains/gnu_arm/12.2.rel1_2023.7/bin/../lib/gcc/arm-none-eabi/12.2.1/../../../../arm-none-eabi/lib/thumb/v8-m.main+fp/hard/libnosys.a
END GROUP
START GROUP
LOAD /Applications/Simplicity Studio.app/Contents/Eclipse/developer/toolchains/gnu_arm/12.2.rel1_2023.7/bin/../lib/gcc/arm-none-eabi/12.2.1/thumb/v8-m.main+fp/hard/libgcc.a
LOAD /Applications/Simplicity Studio.app/Contents/Eclipse/developer/toolchains/gnu_arm/12.2.rel1_2023.7/bin/../lib/gcc/arm-none-eabi/12.2.1/../../../../arm-none-eabi/lib/thumb/v8-m.main+fp/hard/libc_nano.a
END GROUP
START GROUP
LOAD /Applications/Simplicity Studio.app/Contents/Eclipse/developer/toolchains/gnu_arm/12.2.rel1_2023.7/bin/../lib/gcc/arm-none-eabi/12.2.1/thumb/v8-m.main+fp/hard/libgcc.a
LOAD /Applications/Simplicity Studio.app/Contents/Eclipse/developer/toolchains/gnu_arm/12.2.rel1_2023.7/bin/../lib/gcc/arm-none-eabi/12.2.1/../../../../arm-none-eabi/lib/thumb/v8-m.main+fp/hard/libc_nano.a
END GROUP
LOAD /Applications/Simplicity Studio.app/Contents/Eclipse/developer/toolchains/gnu_arm/12.2.rel1_2023.7/bin/../lib/gcc/arm-none-eabi/12.2.1/thumb/v8-m.main+fp/hard/crtend.o
LOAD /Applications/Simplicity Studio.app/Contents/Eclipse/developer/toolchains/gnu_arm/12.2.rel1_2023.7/bin/../lib/gcc/arm-none-eabi/12.2.1/thumb/v8-m.main+fp/hard/crtn.o

.text           0x0000000000000000     0xb4e8
                0x0000000000000000                linker_vectors_begin = .
 *(.vectors)
 .vectors       0x0000000000000000      0x140 CMakeFiles/slc_test.dir/default_config/Users/xinye/SimplicityStudio/SDKs/gecko_sdk_2/platform/Device/SiliconLabs/BGM22/Source/startup_bgm22.c.obj
                0x0000000000000000                __Vectors
                0x0000000000000140                linker_vectors_end = .
                0x0000000000000140                __Vectors_End = .
                0x0000000000000140                __Vectors_Size = (__Vectors_End - __Vectors)
                0x0000000000000140                linker_code_begin = .
 *(SORT_BY_ALIGNMENT(.text*))
 .text          0x0000000000000140        0x8 CMakeFiles/slc_test.dir/default_config/Users/xinye/SimplicityStudio/SDKs/gecko_sdk_2/platform/service/udelay/src/sl_udelay_armv6m_gcc.S.obj
                0x0000000000000140                sli_delay_loop
 .text._dtoa_r  0x0000000000000148      0xc54 /Applications/Simplicity Studio.app/Contents/Eclipse/developer/toolchains/gnu_arm/12.2.rel1_2023.7/bin/../lib/gcc/arm-none-eabi/12.2.1/../../../../arm-none-eabi/lib/thumb/v8-m.main+fp/hard/libc_nano.a(libc_a-dtoa.o)
                0x0000000000000148                _dtoa_r
 *fill*         0x0000000000000d9c        0x4 
 .text.__ieee754_atan2
                0x0000000000000da0      0x1b0 /Applications/Simplicity Studio.app/Contents/Eclipse/developer/toolchains/gnu_arm/12.2.rel1_2023.7/bin/../lib/gcc/arm-none-eabi/12.2.1/../../../../arm-none-eabi/lib/thumb/v8-m.main+fp/hard/libm.a(libm_a-e_atan2.o)
                0x0000000000000da0                __ieee754_atan2
 .text.atan     0x0000000000000f50      0x340 /Applications/Simplicity Studio.app/Contents/Eclipse/developer/toolchains/gnu_arm/12.2.rel1_2023.7/bin/../lib/gcc/arm-none-eabi/12.2.1/../../../../arm-none-eabi/lib/thumb/v8-m.main+fp/hard/libm.a(libm_a-s_atan.o)
                0x0000000000000f50                atan
 .text.deregister_tm_clones
                0x0000000000001290       0x1c /Applications/Simplicity Studio.app/Contents/Eclipse/developer/toolchains/gnu_arm/12.2.rel1_2023.7/bin/../lib/gcc/arm-none-eabi/12.2.1/thumb/v8-m.main+fp/hard/crtbegin.o
 .text.register_tm_clones
                0x00000000000012ac       0x28 /Applications/Simplicity Studio.app/Contents/Eclipse/developer/toolchains/gnu_arm/12.2.rel1_2023.7/bin/../lib/gcc/arm-none-eabi/12.2.1/thumb/v8-m.main+fp/hard/crtbegin.o
 .text.__do_global_dtors_aux
                0x00000000000012d4       0x28 /Applications/Simplicity Studio.app/Contents/Eclipse/developer/toolchains/gnu_arm/12.2.rel1_2023.7/bin/../lib/gcc/arm-none-eabi/12.2.1/thumb/v8-m.main+fp/hard/crtbegin.o
 .text.frame_dummy
                0x00000000000012fc       0x24 /Applications/Simplicity Studio.app/Contents/Eclipse/developer/toolchains/gnu_arm/12.2.rel1_2023.7/bin/../lib/gcc/arm-none-eabi/12.2.1/thumb/v8-m.main+fp/hard/crtbegin.o
 .text          0x0000000000001320       0x7c /Applications/Simplicity Studio.app/Contents/Eclipse/developer/toolchains/gnu_arm/12.2.rel1_2023.7/bin/../lib/gcc/arm-none-eabi/12.2.1/../../../../arm-none-eabi/lib/thumb/v8-m.main+fp/hard/crt0.o
                0x0000000000001320                _stack_init
                0x0000000000001328                _mainCRTStartup
                0x0000000000001328                _start
 .text.cs_high  0x000000000000139c        0xc CMakeFiles/slc_test.dir/default_config/Users/xinye/SimplicityStudio/SDKs/gecko_sdk_2/hardware/driver/mx25_flash_shutdown/src/sl_mx25_flash_shutdown_usart/sl_mx25_flash_shutdown.c.obj
 .text.cs_low   0x00000000000013a8        0xc CMakeFiles/slc_test.dir/default_config/Users/xinye/SimplicityStudio/SDKs/gecko_sdk_2/hardware/driver/mx25_flash_shutdown/src/sl_mx25_flash_shutdown_usart/sl_mx25_flash_shutdown.c.obj
 .text.sl_mx25_flash_shutdown
                0x00000000000013b4      0x114 CMakeFiles/slc_test.dir/default_config/Users/xinye/SimplicityStudio/SDKs/gecko_sdk_2/hardware/driver/mx25_flash_shutdown/src/sl_mx25_flash_shutdown_usart/sl_mx25_flash_shutdown.c.obj
                0x00000000000013b4                sl_mx25_flash_shutdown
 .text._sbrk    0x00000000000014c8       0x20 CMakeFiles/slc_test.dir/default_config/Users/xinye/SimplicityStudio/SDKs/gecko_sdk_2/platform/common/toolchain/src/sl_memory.c.obj
                0x00000000000014c8                _sbrk
 .text.CopyRamFuncs
                0x00000000000014e8       0x1c CMakeFiles/slc_test.dir/default_config/Users/xinye/SimplicityStudio/SDKs/gecko_sdk_2/platform/Device/SiliconLabs/BGM22/Source/startup_bgm22.c.obj
                0x00000000000014e8                CopyRamFuncs
 .text.Reset_Handler
                0x0000000000001504       0x64 CMakeFiles/slc_test.dir/default_config/Users/xinye/SimplicityStudio/SDKs/gecko_sdk_2/platform/Device/SiliconLabs/BGM22/Source/startup_bgm22.c.obj
                0x0000000000001504                Reset_Handler
 .text.SystemInit
                0x0000000000001568       0x64 CMakeFiles/slc_test.dir/default_config/Users/xinye/SimplicityStudio/SDKs/gecko_sdk_2/platform/Device/SiliconLabs/BGM22/Source/system_bgm22.c.obj
                0x0000000000001568                SystemInit
 .text.SystemHFRCODPLLClockGet
                0x00000000000015cc        0xc CMakeFiles/slc_test.dir/default_config/Users/xinye/SimplicityStudio/SDKs/gecko_sdk_2/platform/Device/SiliconLabs/BGM22/Source/system_bgm22.c.obj
                0x00000000000015cc                SystemHFRCODPLLClockGet
 .text.SystemSYSCLKGet
                0x00000000000015d8       0x34 CMakeFiles/slc_test.dir/default_config/Users/xinye/SimplicityStudio/SDKs/gecko_sdk_2/platform/Device/SiliconLabs/BGM22/Source/system_bgm22.c.obj
                0x00000000000015d8                SystemSYSCLKGet
 .text.SystemHCLKGet
                0x000000000000160c       0x24 CMakeFiles/slc_test.dir/default_config/Users/xinye/SimplicityStudio/SDKs/gecko_sdk_2/platform/Device/SiliconLabs/BGM22/Source/system_bgm22.c.obj
                0x000000000000160c                SystemHCLKGet
 .text.SystemMaxCoreClockGet
                0x0000000000001630        0x8 CMakeFiles/slc_test.dir/default_config/Users/xinye/SimplicityStudio/SDKs/gecko_sdk_2/platform/Device/SiliconLabs/BGM22/Source/system_bgm22.c.obj
                0x0000000000001630                SystemMaxCoreClockGet
 .text.SystemHFXOClockGet
                0x0000000000001638        0xc CMakeFiles/slc_test.dir/default_config/Users/xinye/SimplicityStudio/SDKs/gecko_sdk_2/platform/Device/SiliconLabs/BGM22/Source/system_bgm22.c.obj
                0x0000000000001638                SystemHFXOClockGet
 .text.SystemHFXOClockSet
                0x0000000000001644       0x20 CMakeFiles/slc_test.dir/default_config/Users/xinye/SimplicityStudio/SDKs/gecko_sdk_2/platform/Device/SiliconLabs/BGM22/Source/system_bgm22.c.obj
                0x0000000000001644                SystemHFXOClockSet
 .text.SystemFSRCOClockGet
                0x0000000000001664        0x8 CMakeFiles/slc_test.dir/default_config/Users/xinye/SimplicityStudio/SDKs/gecko_sdk_2/platform/Device/SiliconLabs/BGM22/Source/system_bgm22.c.obj
                0x0000000000001664                SystemFSRCOClockGet
 .text.SystemLFXOClockGet
                0x000000000000166c        0xc CMakeFiles/slc_test.dir/default_config/Users/xinye/SimplicityStudio/SDKs/gecko_sdk_2/platform/Device/SiliconLabs/BGM22/Source/system_bgm22.c.obj
                0x000000000000166c                SystemLFXOClockGet
 .text.sl_debug_swo_init
                0x0000000000001678       0xc0 CMakeFiles/slc_test.dir/default_config/Users/xinye/SimplicityStudio/SDKs/gecko_sdk_2/platform/driver/debug/src/sl_debug_swo.c.obj
                0x0000000000001678                sl_debug_swo_init
 .text.sl_debug_swo_write_u8
                0x0000000000001738       0x44 CMakeFiles/slc_test.dir/default_config/Users/xinye/SimplicityStudio/SDKs/gecko_sdk_2/platform/driver/debug/src/sl_debug_swo.c.obj
                0x0000000000001738                sl_debug_swo_write_u8
 .text.StartTransfer
                0x000000000000177c      0x17c CMakeFiles/slc_test.dir/default_config/Users/xinye/SimplicityStudio/SDKs/gecko_sdk_2/platform/emdrv/dmadrv/src/dmadrv.c.obj
 .text.DMADRV_AllocateChannel
                0x00000000000018f8       0x60 CMakeFiles/slc_test.dir/default_config/Users/xinye/SimplicityStudio/SDKs/gecko_sdk_2/platform/emdrv/dmadrv/src/dmadrv.c.obj
                0x00000000000018f8                DMADRV_AllocateChannel
 .text.DMADRV_DeInit
                0x0000000000001958       0x44 CMakeFiles/slc_test.dir/default_config/Users/xinye/SimplicityStudio/SDKs/gecko_sdk_2/platform/emdrv/dmadrv/src/dmadrv.c.obj
                0x0000000000001958                DMADRV_DeInit
 .text.DMADRV_FreeChannel
                0x000000000000199c       0x4c CMakeFiles/slc_test.dir/default_config/Users/xinye/SimplicityStudio/SDKs/gecko_sdk_2/platform/emdrv/dmadrv/src/dmadrv.c.obj
                0x000000000000199c                DMADRV_FreeChannel
 .text.DMADRV_Init
                0x00000000000019e8       0x68 CMakeFiles/slc_test.dir/default_config/Users/xinye/SimplicityStudio/SDKs/gecko_sdk_2/platform/emdrv/dmadrv/src/dmadrv.c.obj
                0x00000000000019e8                DMADRV_Init
 .text.DMADRV_PauseTransfer
                0x0000000000001a50       0x40 CMakeFiles/slc_test.dir/default_config/Users/xinye/SimplicityStudio/SDKs/gecko_sdk_2/platform/emdrv/dmadrv/src/dmadrv.c.obj
                0x0000000000001a50                DMADRV_PauseTransfer
 .text.DMADRV_ResumeTransfer
                0x0000000000001a90       0x40 CMakeFiles/slc_test.dir/default_config/Users/xinye/SimplicityStudio/SDKs/gecko_sdk_2/platform/emdrv/dmadrv/src/dmadrv.c.obj
                0x0000000000001a90                DMADRV_ResumeTransfer
 .text.DMADRV_StopTransfer
                0x0000000000001ad0       0x40 CMakeFiles/slc_test.dir/default_config/Users/xinye/SimplicityStudio/SDKs/gecko_sdk_2/platform/emdrv/dmadrv/src/dmadrv.c.obj
                0x0000000000001ad0                DMADRV_StopTransfer
 .text.DMADRV_TransferCompletePending
                0x0000000000001b10       0x50 CMakeFiles/slc_test.dir/default_config/Users/xinye/SimplicityStudio/SDKs/gecko_sdk_2/platform/emdrv/dmadrv/src/dmadrv.c.obj
                0x0000000000001b10                DMADRV_TransferCompletePending
 .text.DMADRV_TransferDone
                0x0000000000001b60       0x44 CMakeFiles/slc_test.dir/default_config/Users/xinye/SimplicityStudio/SDKs/gecko_sdk_2/platform/emdrv/dmadrv/src/dmadrv.c.obj
                0x0000000000001b60                DMADRV_TransferDone
 .text.LDMA_IRQHandler
                0x0000000000001ba4       0x74 CMakeFiles/slc_test.dir/default_config/Users/xinye/SimplicityStudio/SDKs/gecko_sdk_2/platform/emdrv/dmadrv/src/dmadrv.c.obj
                0x0000000000001ba4                LDMA_IRQHandler
 .text.GPIOINT_IRQDispatcher
                0x0000000000001c18       0x38 CMakeFiles/slc_test.dir/default_config/Users/xinye/SimplicityStudio/SDKs/gecko_sdk_2/platform/emdrv/gpiointerrupt/src/gpiointerrupt.c.obj
 .text.GPIOINT_Init
                0x0000000000001c50       0x30 CMakeFiles/slc_test.dir/default_config/Users/xinye/SimplicityStudio/SDKs/gecko_sdk_2/platform/emdrv/gpiointerrupt/src/gpiointerrupt.c.obj
                0x0000000000001c50                GPIOINT_Init
 .text.GPIOINT_CallbackRegister
                0x0000000000001c80       0x24 CMakeFiles/slc_test.dir/default_config/Users/xinye/SimplicityStudio/SDKs/gecko_sdk_2/platform/emdrv/gpiointerrupt/src/gpiointerrupt.c.obj
                0x0000000000001c80                GPIOINT_CallbackRegister
 .text.GPIO_EVEN_IRQHandler
                0x0000000000001ca4       0x24 CMakeFiles/slc_test.dir/default_config/Users/xinye/SimplicityStudio/SDKs/gecko_sdk_2/platform/emdrv/gpiointerrupt/src/gpiointerrupt.c.obj
                0x0000000000001ca4                GPIO_EVEN_IRQHandler
 .text.GPIO_ODD_IRQHandler
                0x0000000000001cc8       0x24 CMakeFiles/slc_test.dir/default_config/Users/xinye/SimplicityStudio/SDKs/gecko_sdk_2/platform/emdrv/gpiointerrupt/src/gpiointerrupt.c.obj
                0x0000000000001cc8                GPIO_ODD_IRQHandler
 .text.RxDMAComplete
                0x0000000000001cec       0x50 CMakeFiles/slc_test.dir/default_config/Users/xinye/SimplicityStudio/SDKs/gecko_sdk_2/platform/emdrv/spidrv/src/spidrv.c.obj
 .text.TransferApiPrologue
                0x0000000000001d3c       0x48 CMakeFiles/slc_test.dir/default_config/Users/xinye/SimplicityStudio/SDKs/gecko_sdk_2/platform/emdrv/spidrv/src/spidrv.c.obj
 .text.StartTransferDMA
                0x0000000000001d84       0x8c CMakeFiles/slc_test.dir/default_config/Users/xinye/SimplicityStudio/SDKs/gecko_sdk_2/platform/emdrv/spidrv/src/spidrv.c.obj
 .text.SPIDRV_Init
                0x0000000000001e10      0x254 CMakeFiles/slc_test.dir/default_config/Users/xinye/SimplicityStudio/SDKs/gecko_sdk_2/platform/emdrv/spidrv/src/spidrv.c.obj
                0x0000000000001e10                SPIDRV_Init
 .text.SPIDRV_MTransferB
                0x0000000000002064       0x4c CMakeFiles/slc_test.dir/default_config/Users/xinye/SimplicityStudio/SDKs/gecko_sdk_2/platform/emdrv/spidrv/src/spidrv.c.obj
                0x0000000000002064                SPIDRV_MTransferB
 .text.EMU_VScaleGet
                0x00000000000020b0       0x18 CMakeFiles/slc_test.dir/default_config/Users/xinye/SimplicityStudio/SDKs/gecko_sdk_2/platform/emlib/src/em_cmu.c.obj
 .text.em01GrpaClkGet
                0x00000000000020c8       0x48 CMakeFiles/slc_test.dir/default_config/Users/xinye/SimplicityStudio/SDKs/gecko_sdk_2/platform/emlib/src/em_cmu.c.obj
 .text.iadcClkGet
                0x0000000000002110       0x54 CMakeFiles/slc_test.dir/default_config/Users/xinye/SimplicityStudio/SDKs/gecko_sdk_2/platform/emlib/src/em_cmu.c.obj
 .text.em01GrpbClkGet
                0x0000000000002164       0x74 CMakeFiles/slc_test.dir/default_config/Users/xinye/SimplicityStudio/SDKs/gecko_sdk_2/platform/emlib/src/em_cmu.c.obj
 .text.em23GrpaClkGet
                0x00000000000021d8       0x48 CMakeFiles/slc_test.dir/default_config/Users/xinye/SimplicityStudio/SDKs/gecko_sdk_2/platform/emlib/src/em_cmu.c.obj
 .text.wdog0ClkGet
                0x0000000000002220       0x64 CMakeFiles/slc_test.dir/default_config/Users/xinye/SimplicityStudio/SDKs/gecko_sdk_2/platform/emlib/src/em_cmu.c.obj
 .text.rtccClkGet
                0x0000000000002284       0x54 CMakeFiles/slc_test.dir/default_config/Users/xinye/SimplicityStudio/SDKs/gecko_sdk_2/platform/emlib/src/em_cmu.c.obj
 .text.em4GrpaClkGet
                0x00000000000022d8       0x48 CMakeFiles/slc_test.dir/default_config/Users/xinye/SimplicityStudio/SDKs/gecko_sdk_2/platform/emlib/src/em_cmu.c.obj
 .text.euart0ClkGet
                0x0000000000002320       0x48 CMakeFiles/slc_test.dir/default_config/Users/xinye/SimplicityStudio/SDKs/gecko_sdk_2/platform/emlib/src/em_cmu.c.obj
 .text.CMU_ClockDivGet
                0x0000000000002368       0x84 CMakeFiles/slc_test.dir/default_config/Users/xinye/SimplicityStudio/SDKs/gecko_sdk_2/platform/emlib/src/em_cmu.c.obj
                0x0000000000002368                CMU_ClockDivGet
 .text.flashWaitStateControl
                0x00000000000023ec       0x4c CMakeFiles/slc_test.dir/default_config/Users/xinye/SimplicityStudio/SDKs/gecko_sdk_2/platform/emlib/src/em_cmu.c.obj
 .text.CMU_ClockEnable
                0x0000000000002438       0x54 CMakeFiles/slc_test.dir/default_config/Users/xinye/SimplicityStudio/SDKs/gecko_sdk_2/platform/emlib/src/em_cmu.c.obj
                0x0000000000002438                CMU_ClockEnable
 .text.CMU_ClockFreqGet
                0x000000000000248c      0x198 CMakeFiles/slc_test.dir/default_config/Users/xinye/SimplicityStudio/SDKs/gecko_sdk_2/platform/emlib/src/em_cmu.c.obj
                0x000000000000248c                CMU_ClockFreqGet
 .text.rhclkPrescOptimize
                0x0000000000002624       0x20 CMakeFiles/slc_test.dir/default_config/Users/xinye/SimplicityStudio/SDKs/gecko_sdk_2/platform/emlib/src/em_cmu.c.obj
 .text.CMU_ClockSelectGet
                0x0000000000002644      0x168 CMakeFiles/slc_test.dir/default_config/Users/xinye/SimplicityStudio/SDKs/gecko_sdk_2/platform/emlib/src/em_cmu.c.obj
                0x0000000000002644                CMU_ClockSelectGet
 .text.sli_em_cmu_HFXOSetForceEnable
                0x00000000000027ac       0x18 CMakeFiles/slc_test.dir/default_config/Users/xinye/SimplicityStudio/SDKs/gecko_sdk_2/platform/emlib/src/em_cmu.c.obj
                0x00000000000027ac                sli_em_cmu_HFXOSetForceEnable
 .text.CMU_HFXOInit
                0x00000000000027c4      0x1dc CMakeFiles/slc_test.dir/default_config/Users/xinye/SimplicityStudio/SDKs/gecko_sdk_2/platform/emlib/src/em_cmu.c.obj
                0x00000000000027c4                CMU_HFXOInit
 .text.CMU_HFXOCTuneDeltaGet
                0x00000000000029a0        0xc CMakeFiles/slc_test.dir/default_config/Users/xinye/SimplicityStudio/SDKs/gecko_sdk_2/platform/emlib/src/em_cmu.c.obj
                0x00000000000029a0                CMU_HFXOCTuneDeltaGet
 .text.CMU_LFXOInit
                0x00000000000029ac       0xc4 CMakeFiles/slc_test.dir/default_config/Users/xinye/SimplicityStudio/SDKs/gecko_sdk_2/platform/emlib/src/em_cmu.c.obj
                0x00000000000029ac                CMU_LFXOInit
 .text.CMU_LFXOPrecisionSet
                0x0000000000002a70        0xc CMakeFiles/slc_test.dir/default_config/Users/xinye/SimplicityStudio/SDKs/gecko_sdk_2/platform/emlib/src/em_cmu.c.obj
                0x0000000000002a70                CMU_LFXOPrecisionSet
 .text.CMU_HFXOPrecisionSet
                0x0000000000002a7c        0xc CMakeFiles/slc_test.dir/default_config/Users/xinye/SimplicityStudio/SDKs/gecko_sdk_2/platform/emlib/src/em_cmu.c.obj
                0x0000000000002a7c                CMU_HFXOPrecisionSet
 .text.CMU_ClockDivSet
                0x0000000000002a88      0x104 CMakeFiles/slc_test.dir/default_config/Users/xinye/SimplicityStudio/SDKs/gecko_sdk_2/platform/emlib/src/em_cmu.c.obj
                0x0000000000002a88                CMU_ClockDivSet
 .text.sli_em_cmu_SYSCLKInitPreClockSelect
                0x0000000000002b8c       0x20 CMakeFiles/slc_test.dir/default_config/Users/xinye/SimplicityStudio/SDKs/gecko_sdk_2/platform/emlib/src/em_cmu.c.obj
                0x0000000000002b8c                sli_em_cmu_SYSCLKInitPreClockSelect
 .text.pclkDivOptimize
                0x0000000000002bac       0x24 CMakeFiles/slc_test.dir/default_config/Users/xinye/SimplicityStudio/SDKs/gecko_sdk_2/platform/emlib/src/em_cmu.c.obj
 .text.__NVIC_GetPriority
                0x0000000000002bd0       0x24 CMakeFiles/slc_test.dir/default_config/Users/xinye/SimplicityStudio/SDKs/gecko_sdk_2/platform/emlib/src/em_core.c.obj
 .text.CORE_NvicIRQDisabled
                0x0000000000002bf4       0x34 CMakeFiles/slc_test.dir/default_config/Users/xinye/SimplicityStudio/SDKs/gecko_sdk_2/platform/emlib/src/em_core.c.obj
                0x0000000000002bf4                CORE_NvicIRQDisabled
 .text.CORE_IrqIsBlocked
                0x0000000000002c28       0x6c CMakeFiles/slc_test.dir/default_config/Users/xinye/SimplicityStudio/SDKs/gecko_sdk_2/platform/emlib/src/em_core.c.obj
                0x0000000000002c28                CORE_IrqIsBlocked
 .text.EMU_EM4Init
                0x0000000000002c94       0x14 CMakeFiles/slc_test.dir/default_config/Users/xinye/SimplicityStudio/SDKs/gecko_sdk_2/platform/emlib/src/em_emu.c.obj
                0x0000000000002c94                EMU_EM4Init
 .text.EMU_VScaleEM01
                0x0000000000002ca8       0xa8 CMakeFiles/slc_test.dir/default_config/Users/xinye/SimplicityStudio/SDKs/gecko_sdk_2/platform/emlib/src/em_emu.c.obj
                0x0000000000002ca8                EMU_VScaleEM01
 .text.EMU_VScaleEM01ByClock
                0x0000000000002d50       0x30 CMakeFiles/slc_test.dir/default_config/Users/xinye/SimplicityStudio/SDKs/gecko_sdk_2/platform/emlib/src/em_emu.c.obj
                0x0000000000002d50                EMU_VScaleEM01ByClock
 .text.EMU_DCDCModeSet
                0x0000000000002d80       0xb8 CMakeFiles/slc_test.dir/default_config/Users/xinye/SimplicityStudio/SDKs/gecko_sdk_2/platform/emlib/src/em_emu.c.obj
                0x0000000000002d80                EMU_DCDCModeSet
 .text.EMU_DCDCInit
                0x0000000000002e38       0x74 CMakeFiles/slc_test.dir/default_config/Users/xinye/SimplicityStudio/SDKs/gecko_sdk_2/platform/emlib/src/em_emu.c.obj
                0x0000000000002e38                EMU_DCDCInit
 .text.EUSART_Reset
                0x0000000000002eac       0x34 CMakeFiles/slc_test.dir/default_config/Users/xinye/SimplicityStudio/SDKs/gecko_sdk_2/platform/emlib/src/em_eusart.c.obj
                0x0000000000002eac                EUSART_Reset
 .text.EUSART_Enable
                0x0000000000002ee0       0x60 CMakeFiles/slc_test.dir/default_config/Users/xinye/SimplicityStudio/SDKs/gecko_sdk_2/platform/emlib/src/em_eusart.c.obj
                0x0000000000002ee0                EUSART_Enable
 .text.EUSART_BaudrateSet
                0x0000000000002f40      0x128 CMakeFiles/slc_test.dir/default_config/Users/xinye/SimplicityStudio/SDKs/gecko_sdk_2/platform/emlib/src/em_eusart.c.obj
                0x0000000000002f40                EUSART_BaudrateSet
 .text.EUSART_AsyncInitCommon.constprop.0
                0x0000000000003068      0x178 CMakeFiles/slc_test.dir/default_config/Users/xinye/SimplicityStudio/SDKs/gecko_sdk_2/platform/emlib/src/em_eusart.c.obj
 .text.EUSART_UartInitLf
                0x00000000000031e0       0xb4 CMakeFiles/slc_test.dir/default_config/Users/xinye/SimplicityStudio/SDKs/gecko_sdk_2/platform/emlib/src/em_eusart.c.obj
                0x00000000000031e0                EUSART_UartInitLf
 .text.EUSART_UartInitHf
                0x0000000000003294       0x50 CMakeFiles/slc_test.dir/default_config/Users/xinye/SimplicityStudio/SDKs/gecko_sdk_2/platform/emlib/src/em_eusart.c.obj
                0x0000000000003294                EUSART_UartInitHf
 .text.BUS_RegBitWrite
                0x00000000000032e4       0x2c CMakeFiles/slc_test.dir/default_config/Users/xinye/SimplicityStudio/SDKs/gecko_sdk_2/platform/emlib/src/em_gpio.c.obj
 .text.GPIO_PinOutSet
                0x0000000000003310       0x40 CMakeFiles/slc_test.dir/default_config/Users/xinye/SimplicityStudio/SDKs/gecko_sdk_2/platform/emlib/src/em_gpio.c.obj
 .text.GPIO_PinOutClear
                0x0000000000003350       0x40 CMakeFiles/slc_test.dir/default_config/Users/xinye/SimplicityStudio/SDKs/gecko_sdk_2/platform/emlib/src/em_gpio.c.obj
 .text.GPIO_ExtIntConfig
                0x0000000000003390       0xe0 CMakeFiles/slc_test.dir/default_config/Users/xinye/SimplicityStudio/SDKs/gecko_sdk_2/platform/emlib/src/em_gpio.c.obj
                0x0000000000003390                GPIO_ExtIntConfig
 .text.GPIO_PinModeSet
                0x0000000000003470       0x90 CMakeFiles/slc_test.dir/default_config/Users/xinye/SimplicityStudio/SDKs/gecko_sdk_2/platform/emlib/src/em_gpio.c.obj
                0x0000000000003470                GPIO_PinModeSet
 .text.LDMA_DeInit
                0x0000000000003500       0x3c CMakeFiles/slc_test.dir/default_config/Users/xinye/SimplicityStudio/SDKs/gecko_sdk_2/platform/emlib/src/em_ldma.c.obj
                0x0000000000003500                LDMA_DeInit
 .text.LDMA_EnableChannelRequest
                0x000000000000353c       0x40 CMakeFiles/slc_test.dir/default_config/Users/xinye/SimplicityStudio/SDKs/gecko_sdk_2/platform/emlib/src/em_ldma.c.obj
                0x000000000000353c                LDMA_EnableChannelRequest
 .text.LDMA_Init
                0x000000000000357c       0x94 CMakeFiles/slc_test.dir/default_config/Users/xinye/SimplicityStudio/SDKs/gecko_sdk_2/platform/emlib/src/em_ldma.c.obj
                0x000000000000357c                LDMA_Init
 .text.LDMA_StartTransfer
                0x0000000000003610      0x100 CMakeFiles/slc_test.dir/default_config/Users/xinye/SimplicityStudio/SDKs/gecko_sdk_2/platform/emlib/src/em_ldma.c.obj
                0x0000000000003610                LDMA_StartTransfer
 .text.LDMA_StopTransfer
                0x0000000000003710       0x38 CMakeFiles/slc_test.dir/default_config/Users/xinye/SimplicityStudio/SDKs/gecko_sdk_2/platform/emlib/src/em_ldma.c.obj
                0x0000000000003710                LDMA_StopTransfer
 .text.LDMA_TransferDone
                0x0000000000003748       0x44 CMakeFiles/slc_test.dir/default_config/Users/xinye/SimplicityStudio/SDKs/gecko_sdk_2/platform/emlib/src/em_ldma.c.obj
                0x0000000000003748                LDMA_TransferDone
 .text.RTCC_ChannelInit
                0x000000000000378c       0x48 CMakeFiles/slc_test.dir/default_config/Users/xinye/SimplicityStudio/SDKs/gecko_sdk_2/platform/emlib/src/em_rtcc.c.obj
                0x000000000000378c                RTCC_ChannelInit
 .text.RTCC_Enable
                0x00000000000037d4       0x54 CMakeFiles/slc_test.dir/default_config/Users/xinye/SimplicityStudio/SDKs/gecko_sdk_2/platform/emlib/src/em_rtcc.c.obj
                0x00000000000037d4                RTCC_Enable
 .text.RTCC_Init
                0x0000000000003828       0x48 CMakeFiles/slc_test.dir/default_config/Users/xinye/SimplicityStudio/SDKs/gecko_sdk_2/platform/emlib/src/em_rtcc.c.obj
                0x0000000000003828                RTCC_Init
 .text.SYSTEM_GetProdRev
                0x0000000000003870       0x10 CMakeFiles/slc_test.dir/default_config/Users/xinye/SimplicityStudio/SDKs/gecko_sdk_2/platform/emlib/src/em_system.c.obj
                0x0000000000003870                SYSTEM_GetProdRev
 .text.USART_BaudrateSyncSet
                0x0000000000003880       0x48 CMakeFiles/slc_test.dir/default_config/Users/xinye/SimplicityStudio/SDKs/gecko_sdk_2/platform/emlib/src/em_usart.c.obj
                0x0000000000003880                USART_BaudrateSyncSet
 .text.USART_Reset
                0x00000000000038c8       0x70 CMakeFiles/slc_test.dir/default_config/Users/xinye/SimplicityStudio/SDKs/gecko_sdk_2/platform/emlib/src/em_usart.c.obj
                0x00000000000038c8                USART_Reset
 .text.USART_InitSync
                0x0000000000003938       0xcc CMakeFiles/slc_test.dir/default_config/Users/xinye/SimplicityStudio/SDKs/gecko_sdk_2/platform/emlib/src/em_usart.c.obj
                0x0000000000003938                USART_InitSync
 .text.sl_device_init_dcdc
                0x0000000000003a04       0x20 CMakeFiles/slc_test.dir/default_config/Users/xinye/SimplicityStudio/SDKs/gecko_sdk_2/platform/service/device_init/src/sl_device_init_dcdc_s2.c.obj
                0x0000000000003a04                sl_device_init_dcdc
 .text.sl_device_init_emu
                0x0000000000003a24       0x24 CMakeFiles/slc_test.dir/default_config/Users/xinye/SimplicityStudio/SDKs/gecko_sdk_2/platform/service/device_init/src/sl_device_init_emu_s2.c.obj
                0x0000000000003a24                sl_device_init_emu
 .text.sl_device_init_hfxo
                0x0000000000003a48       0x74 CMakeFiles/slc_test.dir/default_config/Users/xinye/SimplicityStudio/SDKs/gecko_sdk_2/platform/service/device_init/src/sl_device_init_hfxo_s2.c.obj
                0x0000000000003a48                sl_device_init_hfxo
 .text.sl_device_init_lfxo
                0x0000000000003abc       0x2c CMakeFiles/slc_test.dir/default_config/Users/xinye/SimplicityStudio/SDKs/gecko_sdk_2/platform/service/device_init/src/sl_device_init_lfxo_s2.c.obj
                0x0000000000003abc                sl_device_init_lfxo
 .text.sl_device_init_nvic
                0x0000000000003ae8       0x3c CMakeFiles/slc_test.dir/default_config/Users/xinye/SimplicityStudio/SDKs/gecko_sdk_2/platform/service/device_init/src/sl_device_init_nvic.c.obj
                0x0000000000003ae8                sl_device_init_nvic
 .text.sl_iostream_set_default
                0x0000000000003b24       0x18 CMakeFiles/slc_test.dir/default_config/Users/xinye/SimplicityStudio/SDKs/gecko_sdk_2/platform/service/iostream/src/sl_iostream.c.obj
                0x0000000000003b24                sl_iostream_set_default
 .text.sl_iostream_get_default
                0x0000000000003b3c       0x18 CMakeFiles/slc_test.dir/default_config/Users/xinye/SimplicityStudio/SDKs/gecko_sdk_2/platform/service/iostream/src/sl_iostream.c.obj
                0x0000000000003b3c                sl_iostream_get_default
 .text.sl_iostream_eusart_init
                0x0000000000003b54      0x1e4 CMakeFiles/slc_test.dir/default_config/Users/xinye/SimplicityStudio/SDKs/gecko_sdk_2/platform/service/iostream/src/sl_iostream_eusart.c.obj
                0x0000000000003b54                sl_iostream_eusart_init
 .text._write   0x0000000000003d38       0x20 CMakeFiles/slc_test.dir/default_config/Users/xinye/SimplicityStudio/SDKs/gecko_sdk_2/platform/service/iostream/src/sl_iostream_retarget_stdio.c.obj
                0x0000000000003d38                _write
 .text.sl_iostream_stdlib_disable_buffering
                0x0000000000003d58       0x14 CMakeFiles/slc_test.dir/default_config/Users/xinye/SimplicityStudio/SDKs/gecko_sdk_2/platform/service/iostream/src/sl_iostream_stdlib_config.c.obj
                0x0000000000003d58                sl_iostream_stdlib_disable_buffering
 .text.get_write_ptr
                0x0000000000003d6c       0x40 CMakeFiles/slc_test.dir/default_config/Users/xinye/SimplicityStudio/SDKs/gecko_sdk_2/platform/service/iostream/src/sl_iostream_uart.c.obj
 .text.dma_irq_handler
                0x0000000000003dac       0x74 CMakeFiles/slc_test.dir/default_config/Users/xinye/SimplicityStudio/SDKs/gecko_sdk_2/platform/service/iostream/src/sl_iostream_uart.c.obj
 .text.uart_read
                0x0000000000003e20      0x1f4 CMakeFiles/slc_test.dir/default_config/Users/xinye/SimplicityStudio/SDKs/gecko_sdk_2/platform/service/iostream/src/sl_iostream_uart.c.obj
 .text.uart_deinit
                0x0000000000004014       0x98 CMakeFiles/slc_test.dir/default_config/Users/xinye/SimplicityStudio/SDKs/gecko_sdk_2/platform/service/iostream/src/sl_iostream_uart.c.obj
 .text.uart_write
                0x00000000000040ac       0xc0 CMakeFiles/slc_test.dir/default_config/Users/xinye/SimplicityStudio/SDKs/gecko_sdk_2/platform/service/iostream/src/sl_iostream_uart.c.obj
 .text.sli_iostream_uart_context_init
                0x000000000000416c       0xf8 CMakeFiles/slc_test.dir/default_config/Users/xinye/SimplicityStudio/SDKs/gecko_sdk_2/platform/service/iostream/src/sl_iostream_uart.c.obj
                0x000000000000416c                sli_iostream_uart_context_init
 .text.delta_list_insert_timer
                0x0000000000004264       0x40 CMakeFiles/slc_test.dir/default_config/Users/xinye/SimplicityStudio/SDKs/gecko_sdk_2/platform/service/sleeptimer/src/sl_sleeptimer.c.obj
 .text.update_delta_list
                0x00000000000042a4       0x34 CMakeFiles/slc_test.dir/default_config/Users/xinye/SimplicityStudio/SDKs/gecko_sdk_2/platform/service/sleeptimer/src/sl_sleeptimer.c.obj
 .text.set_comparator_for_next_timer
                0x00000000000042d8       0x5c CMakeFiles/slc_test.dir/default_config/Users/xinye/SimplicityStudio/SDKs/gecko_sdk_2/platform/service/sleeptimer/src/sl_sleeptimer.c.obj
 .text.delta_list_remove_timer
                0x0000000000004334       0x38 CMakeFiles/slc_test.dir/default_config/Users/xinye/SimplicityStudio/SDKs/gecko_sdk_2/platform/service/sleeptimer/src/sl_sleeptimer.c.obj
 .text.sl_sleeptimer_init
                0x000000000000436c       0x74 CMakeFiles/slc_test.dir/default_config/Users/xinye/SimplicityStudio/SDKs/gecko_sdk_2/platform/service/sleeptimer/src/sl_sleeptimer.c.obj
                0x000000000000436c                sl_sleeptimer_init
 .text.sl_sleeptimer_stop_timer
                0x00000000000043e0       0x60 CMakeFiles/slc_test.dir/default_config/Users/xinye/SimplicityStudio/SDKs/gecko_sdk_2/platform/service/sleeptimer/src/sl_sleeptimer.c.obj
                0x00000000000043e0                sl_sleeptimer_stop_timer
 .text.process_timer_irq
                0x0000000000004440      0x150 CMakeFiles/slc_test.dir/default_config/Users/xinye/SimplicityStudio/SDKs/gecko_sdk_2/platform/service/sleeptimer/src/sl_sleeptimer.c.obj
                0x0000000000004440                process_timer_irq
 .text.sleeptimer_hal_init_timer
                0x0000000000004590       0x88 CMakeFiles/slc_test.dir/default_config/Users/xinye/SimplicityStudio/SDKs/gecko_sdk_2/platform/service/sleeptimer/src/sl_sleeptimer_hal_rtcc.c.obj
                0x0000000000004590                sleeptimer_hal_init_timer
 .text.sleeptimer_hal_set_compare
                0x0000000000004618       0x64 CMakeFiles/slc_test.dir/default_config/Users/xinye/SimplicityStudio/SDKs/gecko_sdk_2/platform/service/sleeptimer/src/sl_sleeptimer_hal_rtcc.c.obj
                0x0000000000004618                sleeptimer_hal_set_compare
 .text.sleeptimer_hal_disable_int
                0x000000000000467c       0x30 CMakeFiles/slc_test.dir/default_config/Users/xinye/SimplicityStudio/SDKs/gecko_sdk_2/platform/service/sleeptimer/src/sl_sleeptimer_hal_rtcc.c.obj
                0x000000000000467c                sleeptimer_hal_disable_int
 .text.sleeptimer_hal_set_int
                0x00000000000046ac       0x10 CMakeFiles/slc_test.dir/default_config/Users/xinye/SimplicityStudio/SDKs/gecko_sdk_2/platform/service/sleeptimer/src/sl_sleeptimer_hal_rtcc.c.obj
                0x00000000000046ac                sleeptimer_hal_set_int
 .text.RTCC_IRQHandler
                0x00000000000046bc       0x34 CMakeFiles/slc_test.dir/default_config/Users/xinye/SimplicityStudio/SDKs/gecko_sdk_2/platform/service/sleeptimer/src/sl_sleeptimer_hal_rtcc.c.obj
                0x00000000000046bc                RTCC_IRQHandler
 .text.sl_udelay_wait
                0x00000000000046f0       0x58 CMakeFiles/slc_test.dir/default_config/Users/xinye/SimplicityStudio/SDKs/gecko_sdk_2/platform/service/udelay/src/sl_udelay.c.obj
                0x00000000000046f0                sl_udelay_wait
 .text.ad5940int_handler
                0x0000000000004748       0x1c CMakeFiles/slc_test.dir/default_config/Users/xinye/SimplicityStudio/v5_workspace/test/app.c.obj
                0x0000000000004748                ad5940int_handler
 .text.ad5940int_init
                0x0000000000004764       0x34 CMakeFiles/slc_test.dir/default_config/Users/xinye/SimplicityStudio/v5_workspace/test/app.c.obj
                0x0000000000004764                ad5940int_init
 .text.sl_device_init_clocks
                0x0000000000004798       0x9c CMakeFiles/slc_test.dir/default_config/Users/xinye/SimplicityStudio/v5_workspace/test/autogen/sl_device_init_clocks.c.obj
                0x0000000000004798                sl_device_init_clocks
 .text.sl_platform_init
                0x0000000000004834       0x58 CMakeFiles/slc_test.dir/default_config/Users/xinye/SimplicityStudio/v5_workspace/test/autogen/sl_event_handler.c.obj
                0x0000000000004834                sl_platform_init
 .text.sl_iostream_eusart_init_vcom
                0x000000000000488c       0xcc CMakeFiles/slc_test.dir/default_config/Users/xinye/SimplicityStudio/v5_workspace/test/autogen/sl_iostream_init_eusart_instances.c.obj
                0x000000000000488c                sl_iostream_eusart_init_vcom
 .text.EUART0_RX_IRQHandler
                0x0000000000004958        0xc CMakeFiles/slc_test.dir/default_config/Users/xinye/SimplicityStudio/v5_workspace/test/autogen/sl_iostream_init_eusart_instances.c.obj
                0x0000000000004958                EUART0_RX_IRQHandler
 .text.sl_spidrv_init_instances
                0x0000000000004964       0x14 CMakeFiles/slc_test.dir/default_config/Users/xinye/SimplicityStudio/v5_workspace/test/autogen/sl_spidrv_init.c.obj
                0x0000000000004964                sl_spidrv_init_instances
 .text.spidrv_app_init
                0x0000000000004978       0x10 CMakeFiles/slc_test.dir/default_config/Users/xinye/SimplicityStudio/v5_workspace/test/spidrv_master_baremetal.c.obj
                0x0000000000004978                spidrv_app_init
 .text.AD5940_ReadWriteNBytes
                0x0000000000004988       0x28 CMakeFiles/test.dir/default_config/Users/xinye/SimplicityStudio/v5_workspace/test/BGM220Port.c.obj
                0x0000000000004988                AD5940_ReadWriteNBytes
 .text.AD5940_CsClr
                0x00000000000049b0        0xc CMakeFiles/test.dir/default_config/Users/xinye/SimplicityStudio/v5_workspace/test/BGM220Port.c.obj
                0x00000000000049b0                AD5940_CsClr
 .text.AD5940_CsSet
                0x00000000000049bc        0xc CMakeFiles/test.dir/default_config/Users/xinye/SimplicityStudio/v5_workspace/test/BGM220Port.c.obj
                0x00000000000049bc                AD5940_CsSet
 .text.AD5940_RstSet
                0x00000000000049c8        0xc CMakeFiles/test.dir/default_config/Users/xinye/SimplicityStudio/v5_workspace/test/BGM220Port.c.obj
                0x00000000000049c8                AD5940_RstSet
 .text.AD5940_RstClr
                0x00000000000049d4        0xc CMakeFiles/test.dir/default_config/Users/xinye/SimplicityStudio/v5_workspace/test/BGM220Port.c.obj
                0x00000000000049d4                AD5940_RstClr
 .text.AD5940_GetMCUIntFlag
                0x00000000000049e0        0xc CMakeFiles/test.dir/default_config/Users/xinye/SimplicityStudio/v5_workspace/test/BGM220Port.c.obj
                0x00000000000049e0                AD5940_GetMCUIntFlag
 .text.AD5940_ClrMCUIntFlag
                0x00000000000049ec       0x10 CMakeFiles/test.dir/default_config/Users/xinye/SimplicityStudio/v5_workspace/test/BGM220Port.c.obj
                0x00000000000049ec                AD5940_ClrMCUIntFlag
 .text.AD5940RampStructInit
                0x00000000000049fc       0x90 CMakeFiles/test.dir/default_config/Users/xinye/SimplicityStudio/v5_workspace/test/ad5940lib/AD5940Main.c.obj
                0x00000000000049fc                AD5940RampStructInit
 .text.AD5940_Main
                0x0000000000004a8c      0x138 CMakeFiles/test.dir/default_config/Users/xinye/SimplicityStudio/v5_workspace/test/ad5940lib/AD5940Main.c.obj
                0x0000000000004a8c                AD5940_Main
 .text.AppSWVDataProcess.isra.0
                0x0000000000004bc4       0x48 CMakeFiles/test.dir/default_config/Users/xinye/SimplicityStudio/v5_workspace/test/ad5940lib/SqrWaveVoltammetry.c.obj
 .text.RampDacRegUpdate.isra.0
                0x0000000000004c0c      0x170 CMakeFiles/test.dir/default_config/Users/xinye/SimplicityStudio/v5_workspace/test/ad5940lib/SqrWaveVoltammetry.c.obj
 .text.AppSWVSeqDACCtrlGen
                0x0000000000004d7c      0x2ac CMakeFiles/test.dir/default_config/Users/xinye/SimplicityStudio/v5_workspace/test/ad5940lib/SqrWaveVoltammetry.c.obj
 .text.AppSWVGetCfg
                0x0000000000005028       0x14 CMakeFiles/test.dir/default_config/Users/xinye/SimplicityStudio/v5_workspace/test/ad5940lib/SqrWaveVoltammetry.c.obj
                0x0000000000005028                AppSWVGetCfg
 .text.AppSWVCtrl
                0x000000000000503c       0xe8 CMakeFiles/test.dir/default_config/Users/xinye/SimplicityStudio/v5_workspace/test/ad5940lib/SqrWaveVoltammetry.c.obj
                0x000000000000503c                AppSWVCtrl
 .text.AppSWVInit
                0x0000000000005124      0x3c0 CMakeFiles/test.dir/default_config/Users/xinye/SimplicityStudio/v5_workspace/test/ad5940lib/SqrWaveVoltammetry.c.obj
                0x0000000000005124                AppSWVInit
 .text.AppSWVISR
                0x00000000000054e4       0xa8 CMakeFiles/test.dir/default_config/Users/xinye/SimplicityStudio/v5_workspace/test/ad5940lib/SqrWaveVoltammetry.c.obj
                0x00000000000054e4                AppSWVISR
 .text.AD5940_SEQGenSearchReg
                0x000000000000558c       0x30 CMakeFiles/test.dir/default_config/Users/xinye/SimplicityStudio/v5_workspace/test/ad5940lib/ad5940.c.obj
 .text.AD5940_SEQRegInfoInsert
                0x00000000000055bc       0x3c CMakeFiles/test.dir/default_config/Users/xinye/SimplicityStudio/v5_workspace/test/ad5940lib/ad5940.c.obj
 .text.AD5940_SEQGenInsert
                0x00000000000055f8       0x2c CMakeFiles/test.dir/default_config/Users/xinye/SimplicityStudio/v5_workspace/test/ad5940lib/ad5940.c.obj
                0x00000000000055f8                AD5940_SEQGenInsert
 .text.AD5940_SEQGenInit
                0x0000000000005624       0x28 CMakeFiles/test.dir/default_config/Users/xinye/SimplicityStudio/v5_workspace/test/ad5940lib/ad5940.c.obj
                0x0000000000005624                AD5940_SEQGenInit
 .text.AD5940_SEQGenFetchSeq
                0x000000000000564c       0x18 CMakeFiles/test.dir/default_config/Users/xinye/SimplicityStudio/v5_workspace/test/ad5940lib/ad5940.c.obj
                0x000000000000564c                AD5940_SEQGenFetchSeq
 .text.AD5940_SEQGenCtrl
                0x0000000000005664       0x14 CMakeFiles/test.dir/default_config/Users/xinye/SimplicityStudio/v5_workspace/test/ad5940lib/ad5940.c.obj
                0x0000000000005664                AD5940_SEQGenCtrl
 .text.AD5940_Notch50HzAvailable
                0x0000000000005678       0xbc CMakeFiles/test.dir/default_config/Users/xinye/SimplicityStudio/v5_workspace/test/ad5940lib/ad5940.c.obj
                0x0000000000005678                AD5940_Notch50HzAvailable
 .text.AD5940_Notch60HzAvailable
                0x0000000000005734       0x94 CMakeFiles/test.dir/default_config/Users/xinye/SimplicityStudio/v5_workspace/test/ad5940lib/ad5940.c.obj
                0x0000000000005734                AD5940_Notch60HzAvailable
 .text.AD5940_ClksCalculate
                0x00000000000057c8      0x18c CMakeFiles/test.dir/default_config/Users/xinye/SimplicityStudio/v5_workspace/test/ad5940lib/ad5940.c.obj
                0x00000000000057c8                AD5940_ClksCalculate
 .text.AD5940_ADCCode2Volt
                0x0000000000005954       0x58 CMakeFiles/test.dir/default_config/Users/xinye/SimplicityStudio/v5_workspace/test/ad5940lib/ad5940.c.obj
                0x0000000000005954                AD5940_ADCCode2Volt
 .text.AD5940_WriteReg
                0x00000000000059ac       0xa4 CMakeFiles/test.dir/default_config/Users/xinye/SimplicityStudio/v5_workspace/test/ad5940lib/ad5940.c.obj
                0x00000000000059ac                AD5940_WriteReg
 .text.AD5940_ReadReg
                0x0000000000005a50       0x44 CMakeFiles/test.dir/default_config/Users/xinye/SimplicityStudio/v5_workspace/test/ad5940lib/ad5940.c.obj
                0x0000000000005a50                AD5940_ReadReg
 .text.AD5940_Initialize
                0x0000000000005a94       0xb0 CMakeFiles/test.dir/default_config/Users/xinye/SimplicityStudio/v5_workspace/test/ad5940lib/ad5940.c.obj
                0x0000000000005a94                AD5940_Initialize
 .text.__AD5940_ReferenceON
                0x0000000000005b44       0x24 CMakeFiles/test.dir/default_config/Users/xinye/SimplicityStudio/v5_workspace/test/ad5940lib/ad5940.c.obj
 .text.__AD5940_SetDExRTIA
                0x0000000000005b68       0x68 CMakeFiles/test.dir/default_config/Users/xinye/SimplicityStudio/v5_workspace/test/ad5940lib/ad5940.c.obj
                0x0000000000005b68                __AD5940_SetDExRTIA
 .text.AD5940_WGFreqWordCal
                0x0000000000005bd0       0x58 CMakeFiles/test.dir/default_config/Users/xinye/SimplicityStudio/v5_workspace/test/ad5940lib/ad5940.c.obj
                0x0000000000005bd0                AD5940_WGFreqWordCal
 .text.__AD5940_TakeMeasurement
                0x0000000000005c28       0x50 CMakeFiles/test.dir/default_config/Users/xinye/SimplicityStudio/v5_workspace/test/ad5940lib/ad5940.c.obj
 .text.AD5940_ShutDownS
                0x0000000000005c78       0x34 CMakeFiles/test.dir/default_config/Users/xinye/SimplicityStudio/v5_workspace/test/ad5940lib/ad5940.c.obj
                0x0000000000005c78                AD5940_ShutDownS
 .text.AD5940_LPRtiaCal
                0x0000000000005cac      0x5e0 CMakeFiles/test.dir/default_config/Users/xinye/SimplicityStudio/v5_workspace/test/ad5940lib/ad5940.c.obj
                0x0000000000005cac                AD5940_LPRtiaCal
 .text.AD5940_LFOSCMeasure
                0x000000000000628c      0x1a4 CMakeFiles/test.dir/default_config/Users/xinye/SimplicityStudio/v5_workspace/test/ad5940lib/ad5940.c.obj
                0x000000000000628c                AD5940_LFOSCMeasure
 .text          0x0000000000006430      0x378 /Applications/Simplicity Studio.app/Contents/Eclipse/developer/toolchains/gnu_arm/12.2.rel1_2023.7/bin/../lib/gcc/arm-none-eabi/12.2.1/thumb/v8-m.main+fp/hard/libgcc.a(_arm_addsubdf3.o)
                0x0000000000006430                __aeabi_drsub
                0x0000000000006438                __subdf3
                0x0000000000006438                __aeabi_dsub
                0x000000000000643c                __aeabi_dadd
                0x000000000000643c                __adddf3
                0x00000000000066b4                __aeabi_ui2d
                0x00000000000066b4                __floatunsidf
                0x00000000000066d4                __floatsidf
                0x00000000000066d4                __aeabi_i2d
                0x00000000000066f8                __extendsfdf2
                0x00000000000066f8                __aeabi_f2d
                0x000000000000673c                __aeabi_ul2d
                0x000000000000673c                __floatundidf
                0x000000000000674c                __aeabi_l2d
                0x000000000000674c                __floatdidf
 .text          0x00000000000067a8      0x424 /Applications/Simplicity Studio.app/Contents/Eclipse/developer/toolchains/gnu_arm/12.2.rel1_2023.7/bin/../lib/gcc/arm-none-eabi/12.2.1/thumb/v8-m.main+fp/hard/libgcc.a(_arm_muldivdf3.o)
                0x00000000000067a8                __aeabi_dmul
                0x00000000000067a8                __muldf3
                0x00000000000069fc                __aeabi_ddiv
                0x00000000000069fc                __divdf3
 .text          0x0000000000006bcc      0x110 /Applications/Simplicity Studio.app/Contents/Eclipse/developer/toolchains/gnu_arm/12.2.rel1_2023.7/bin/../lib/gcc/arm-none-eabi/12.2.1/thumb/v8-m.main+fp/hard/libgcc.a(_arm_cmpdf2.o)
                0x0000000000006bcc                __gedf2
                0x0000000000006bcc                __gtdf2
                0x0000000000006bd4                __ledf2
                0x0000000000006bd4                __ltdf2
                0x0000000000006bdc                __cmpdf2
                0x0000000000006bdc                __eqdf2
                0x0000000000006bdc                __nedf2
                0x0000000000006c58                __aeabi_cdrcmple
                0x0000000000006c68                __aeabi_cdcmple
                0x0000000000006c68                __aeabi_cdcmpeq
                0x0000000000006c78                __aeabi_dcmpeq
                0x0000000000006c8c                __aeabi_dcmplt
                0x0000000000006ca0                __aeabi_dcmple
                0x0000000000006cb4                __aeabi_dcmpge
                0x0000000000006cc8                __aeabi_dcmpgt
 .text          0x0000000000006cdc       0xa0 /Applications/Simplicity Studio.app/Contents/Eclipse/developer/toolchains/gnu_arm/12.2.rel1_2023.7/bin/../lib/gcc/arm-none-eabi/12.2.1/thumb/v8-m.main+fp/hard/libgcc.a(_arm_truncdfsf2.o)
                0x0000000000006cdc                __aeabi_d2f
                0x0000000000006cdc                __truncdfsf2
 .text          0x0000000000006d7c       0x30 /Applications/Simplicity Studio.app/Contents/Eclipse/developer/toolchains/gnu_arm/12.2.rel1_2023.7/bin/../lib/gcc/arm-none-eabi/12.2.1/thumb/v8-m.main+fp/hard/libgcc.a(_aeabi_uldivmod.o)
                0x0000000000006d7c                __aeabi_uldivmod
 .text.__udivmoddi4
                0x0000000000006dac      0x2ec /Applications/Simplicity Studio.app/Contents/Eclipse/developer/toolchains/gnu_arm/12.2.rel1_2023.7/bin/../lib/gcc/arm-none-eabi/12.2.1/thumb/v8-m.main+fp/hard/libgcc.a(_udivmoddi4.o)
                0x0000000000006dac                __udivmoddi4
 .text          0x0000000000007098        0x4 /Applications/Simplicity Studio.app/Contents/Eclipse/developer/toolchains/gnu_arm/12.2.rel1_2023.7/bin/../lib/gcc/arm-none-eabi/12.2.1/thumb/v8-m.main+fp/hard/libgcc.a(_dvmd_tls.o)
                0x0000000000007098                __aeabi_ldiv0
                0x0000000000007098                __aeabi_idiv0
 .text.exit     0x000000000000709c       0x24 /Applications/Simplicity Studio.app/Contents/Eclipse/developer/toolchains/gnu_arm/12.2.rel1_2023.7/bin/../lib/gcc/arm-none-eabi/12.2.1/../../../../arm-none-eabi/lib/thumb/v8-m.main+fp/hard/libc_nano.a(libc_a-exit.o)
                0x000000000000709c                exit
 .text._printf_float
                0x00000000000070c0      0x468 /Applications/Simplicity Studio.app/Contents/Eclipse/developer/toolchains/gnu_arm/12.2.rel1_2023.7/bin/../lib/gcc/arm-none-eabi/12.2.1/../../../../arm-none-eabi/lib/thumb/v8-m.main+fp/hard/libc_nano.a(libc_a-nano-vfprintf_float.o)
                0x00000000000070c0                _printf_float
 .text._printf_i
                0x0000000000007528      0x258 /Applications/Simplicity Studio.app/Contents/Eclipse/developer/toolchains/gnu_arm/12.2.rel1_2023.7/bin/../lib/gcc/arm-none-eabi/12.2.1/../../../../arm-none-eabi/lib/thumb/v8-m.main+fp/hard/libc_nano.a(libc_a-nano-vfprintf_i.o)
                0x0000000000007528                _printf_i
 .text.setvbuf  0x0000000000007780      0x168 /Applications/Simplicity Studio.app/Contents/Eclipse/developer/toolchains/gnu_arm/12.2.rel1_2023.7/bin/../lib/gcc/arm-none-eabi/12.2.1/../../../../arm-none-eabi/lib/thumb/v8-m.main+fp/hard/libc_nano.a(libc_a-setvbuf.o)
                0x0000000000007780                setvbuf
 .text.std      0x00000000000078e8       0x6c /Applications/Simplicity Studio.app/Contents/Eclipse/developer/toolchains/gnu_arm/12.2.rel1_2023.7/bin/../lib/gcc/arm-none-eabi/12.2.1/../../../../arm-none-eabi/lib/thumb/v8-m.main+fp/hard/libc_nano.a(libc_a-findfp.o)
 .text.stdio_exit_handler
                0x0000000000007954       0x18 /Applications/Simplicity Studio.app/Contents/Eclipse/developer/toolchains/gnu_arm/12.2.rel1_2023.7/bin/../lib/gcc/arm-none-eabi/12.2.1/../../../../arm-none-eabi/lib/thumb/v8-m.main+fp/hard/libc_nano.a(libc_a-findfp.o)
 .text.cleanup_stdio
                0x000000000000796c       0x40 /Applications/Simplicity Studio.app/Contents/Eclipse/developer/toolchains/gnu_arm/12.2.rel1_2023.7/bin/../lib/gcc/arm-none-eabi/12.2.1/../../../../arm-none-eabi/lib/thumb/v8-m.main+fp/hard/libc_nano.a(libc_a-findfp.o)
 .text.global_stdio_init.part.0
                0x00000000000079ac       0x3c /Applications/Simplicity Studio.app/Contents/Eclipse/developer/toolchains/gnu_arm/12.2.rel1_2023.7/bin/../lib/gcc/arm-none-eabi/12.2.1/../../../../arm-none-eabi/lib/thumb/v8-m.main+fp/hard/libc_nano.a(libc_a-findfp.o)
 .text.__sfp_lock_acquire
                0x00000000000079e8        0xc /Applications/Simplicity Studio.app/Contents/Eclipse/developer/toolchains/gnu_arm/12.2.rel1_2023.7/bin/../lib/gcc/arm-none-eabi/12.2.1/../../../../arm-none-eabi/lib/thumb/v8-m.main+fp/hard/libc_nano.a(libc_a-findfp.o)
                0x00000000000079e8                __sfp_lock_acquire
 .text.__sfp_lock_release
                0x00000000000079f4        0xc /Applications/Simplicity Studio.app/Contents/Eclipse/developer/toolchains/gnu_arm/12.2.rel1_2023.7/bin/../lib/gcc/arm-none-eabi/12.2.1/../../../../arm-none-eabi/lib/thumb/v8-m.main+fp/hard/libc_nano.a(libc_a-findfp.o)
                0x00000000000079f4                __sfp_lock_release
 .text.__sinit  0x0000000000007a00       0x30 /Applications/Simplicity Studio.app/Contents/Eclipse/developer/toolchains/gnu_arm/12.2.rel1_2023.7/bin/../lib/gcc/arm-none-eabi/12.2.1/../../../../arm-none-eabi/lib/thumb/v8-m.main+fp/hard/libc_nano.a(libc_a-findfp.o)
                0x0000000000007a00                __sinit
 .text.printf   0x0000000000007a30       0x24 /Applications/Simplicity Studio.app/Contents/Eclipse/developer/toolchains/gnu_arm/12.2.rel1_2023.7/bin/../lib/gcc/arm-none-eabi/12.2.1/../../../../arm-none-eabi/lib/thumb/v8-m.main+fp/hard/libc_nano.a(libc_a-printf.o)
                0x0000000000007a30                printf
                0x0000000000007a30                iprintf
 .text.puts     0x0000000000007a54       0x10 /Applications/Simplicity Studio.app/Contents/Eclipse/developer/toolchains/gnu_arm/12.2.rel1_2023.7/bin/../lib/gcc/arm-none-eabi/12.2.1/../../../../arm-none-eabi/lib/thumb/v8-m.main+fp/hard/libc_nano.a(libc_a-puts.o)
                0x0000000000007a54                puts
 .text._localeconv_r
                0x0000000000007a64        0x8 /Applications/Simplicity Studio.app/Contents/Eclipse/developer/toolchains/gnu_arm/12.2.rel1_2023.7/bin/../lib/gcc/arm-none-eabi/12.2.1/../../../../arm-none-eabi/lib/thumb/v8-m.main+fp/hard/libc_nano.a(libc_a-localeconv.o)
                0x0000000000007a64                _localeconv_r
 .text._fstat_r
                0x0000000000007a6c       0x24 /Applications/Simplicity Studio.app/Contents/Eclipse/developer/toolchains/gnu_arm/12.2.rel1_2023.7/bin/../lib/gcc/arm-none-eabi/12.2.1/../../../../arm-none-eabi/lib/thumb/v8-m.main+fp/hard/libc_nano.a(libc_a-fstatr.o)
                0x0000000000007a6c                _fstat_r
 .text._isatty_r
                0x0000000000007a90       0x20 /Applications/Simplicity Studio.app/Contents/Eclipse/developer/toolchains/gnu_arm/12.2.rel1_2023.7/bin/../lib/gcc/arm-none-eabi/12.2.1/../../../../arm-none-eabi/lib/thumb/v8-m.main+fp/hard/libc_nano.a(libc_a-isattyr.o)
                0x0000000000007a90                _isatty_r
 .text.__libc_init_array
                0x0000000000007ab0       0x48 /Applications/Simplicity Studio.app/Contents/Eclipse/developer/toolchains/gnu_arm/12.2.rel1_2023.7/bin/../lib/gcc/arm-none-eabi/12.2.1/../../../../arm-none-eabi/lib/thumb/v8-m.main+fp/hard/libc_nano.a(libc_a-init.o)
                0x0000000000007ab0                __libc_init_array
 .text._free_r  0x0000000000007af8       0x94 /Applications/Simplicity Studio.app/Contents/Eclipse/developer/toolchains/gnu_arm/12.2.rel1_2023.7/bin/../lib/gcc/arm-none-eabi/12.2.1/../../../../arm-none-eabi/lib/thumb/v8-m.main+fp/hard/libc_nano.a(libc_a-freer.o)
                0x0000000000007af8                _free_r
 .text._vfprintf_r
                0x0000000000007b8c      0x230 /Applications/Simplicity Studio.app/Contents/Eclipse/developer/toolchains/gnu_arm/12.2.rel1_2023.7/bin/../lib/gcc/arm-none-eabi/12.2.1/../../../../arm-none-eabi/lib/thumb/v8-m.main+fp/hard/libc_nano.a(libc_a-nano-vfprintf.o)
                0x0000000000007b8c                _vfiprintf_r
                0x0000000000007b8c                _vfprintf_r
 .text.malloc   0x0000000000007dbc       0x10 /Applications/Simplicity Studio.app/Contents/Eclipse/developer/toolchains/gnu_arm/12.2.rel1_2023.7/bin/../lib/gcc/arm-none-eabi/12.2.1/../../../../arm-none-eabi/lib/thumb/v8-m.main+fp/hard/libc_nano.a(libc_a-malloc.o)
                0x0000000000007dbc                malloc
 .text.sbrk_aligned
                0x0000000000007dcc       0x44 /Applications/Simplicity Studio.app/Contents/Eclipse/developer/toolchains/gnu_arm/12.2.rel1_2023.7/bin/../lib/gcc/arm-none-eabi/12.2.1/../../../../arm-none-eabi/lib/thumb/v8-m.main+fp/hard/libc_nano.a(libc_a-mallocr.o)
 .text._malloc_r
                0x0000000000007e10       0xf0 /Applications/Simplicity Studio.app/Contents/Eclipse/developer/toolchains/gnu_arm/12.2.rel1_2023.7/bin/../lib/gcc/arm-none-eabi/12.2.1/../../../../arm-none-eabi/lib/thumb/v8-m.main+fp/hard/libc_nano.a(libc_a-mallocr.o)
                0x0000000000007e10                _malloc_r
 .text.__malloc_lock
                0x0000000000007f00        0xc /Applications/Simplicity Studio.app/Contents/Eclipse/developer/toolchains/gnu_arm/12.2.rel1_2023.7/bin/../lib/gcc/arm-none-eabi/12.2.1/../../../../arm-none-eabi/lib/thumb/v8-m.main+fp/hard/libc_nano.a(libc_a-mlock.o)
                0x0000000000007f00                __malloc_lock
 .text.__malloc_unlock
                0x0000000000007f0c        0xc /Applications/Simplicity Studio.app/Contents/Eclipse/developer/toolchains/gnu_arm/12.2.rel1_2023.7/bin/../lib/gcc/arm-none-eabi/12.2.1/../../../../arm-none-eabi/lib/thumb/v8-m.main+fp/hard/libc_nano.a(libc_a-mlock.o)
                0x0000000000007f0c                __malloc_unlock
 .text._Balloc  0x0000000000007f18       0x80 /Applications/Simplicity Studio.app/Contents/Eclipse/developer/toolchains/gnu_arm/12.2.rel1_2023.7/bin/../lib/gcc/arm-none-eabi/12.2.1/../../../../arm-none-eabi/lib/thumb/v8-m.main+fp/hard/libc_nano.a(libc_a-mprec.o)
                0x0000000000007f18                _Balloc
 .text._Bfree   0x0000000000007f98       0x44 /Applications/Simplicity Studio.app/Contents/Eclipse/developer/toolchains/gnu_arm/12.2.rel1_2023.7/bin/../lib/gcc/arm-none-eabi/12.2.1/../../../../arm-none-eabi/lib/thumb/v8-m.main+fp/hard/libc_nano.a(libc_a-mprec.o)
                0x0000000000007f98                _Bfree
 .text.__multadd
                0x0000000000007fdc       0x90 /Applications/Simplicity Studio.app/Contents/Eclipse/developer/toolchains/gnu_arm/12.2.rel1_2023.7/bin/../lib/gcc/arm-none-eabi/12.2.1/../../../../arm-none-eabi/lib/thumb/v8-m.main+fp/hard/libc_nano.a(libc_a-mprec.o)
                0x0000000000007fdc                __multadd
 .text.__i2b    0x000000000000806c       0x2c /Applications/Simplicity Studio.app/Contents/Eclipse/developer/toolchains/gnu_arm/12.2.rel1_2023.7/bin/../lib/gcc/arm-none-eabi/12.2.1/../../../../arm-none-eabi/lib/thumb/v8-m.main+fp/hard/libc_nano.a(libc_a-mprec.o)
                0x000000000000806c                __i2b
 .text.__multiply
                0x0000000000008098      0x154 /Applications/Simplicity Studio.app/Contents/Eclipse/developer/toolchains/gnu_arm/12.2.rel1_2023.7/bin/../lib/gcc/arm-none-eabi/12.2.1/../../../../arm-none-eabi/lib/thumb/v8-m.main+fp/hard/libc_nano.a(libc_a-mprec.o)
                0x0000000000008098                __multiply
 .text.__pow5mult
                0x00000000000081ec       0xb4 /Applications/Simplicity Studio.app/Contents/Eclipse/developer/toolchains/gnu_arm/12.2.rel1_2023.7/bin/../lib/gcc/arm-none-eabi/12.2.1/../../../../arm-none-eabi/lib/thumb/v8-m.main+fp/hard/libc_nano.a(libc_a-mprec.o)
                0x00000000000081ec                __pow5mult
 .text.__lshift
                0x00000000000082a0       0xd8 /Applications/Simplicity Studio.app/Contents/Eclipse/developer/toolchains/gnu_arm/12.2.rel1_2023.7/bin/../lib/gcc/arm-none-eabi/12.2.1/../../../../arm-none-eabi/lib/thumb/v8-m.main+fp/hard/libc_nano.a(libc_a-mprec.o)
                0x00000000000082a0                __lshift
 .text.__mdiff  0x0000000000008378      0x130 /Applications/Simplicity Studio.app/Contents/Eclipse/developer/toolchains/gnu_arm/12.2.rel1_2023.7/bin/../lib/gcc/arm-none-eabi/12.2.1/../../../../arm-none-eabi/lib/thumb/v8-m.main+fp/hard/libc_nano.a(libc_a-mprec.o)
                0x0000000000008378                __mdiff
 .text.__d2b    0x00000000000084a8       0xb0 /Applications/Simplicity Studio.app/Contents/Eclipse/developer/toolchains/gnu_arm/12.2.rel1_2023.7/bin/../lib/gcc/arm-none-eabi/12.2.1/../../../../arm-none-eabi/lib/thumb/v8-m.main+fp/hard/libc_nano.a(libc_a-mprec.o)
                0x00000000000084a8                __d2b
 .text.__swsetup_r
                0x0000000000008558       0xac /Applications/Simplicity Studio.app/Contents/Eclipse/developer/toolchains/gnu_arm/12.2.rel1_2023.7/bin/../lib/gcc/arm-none-eabi/12.2.1/../../../../arm-none-eabi/lib/thumb/v8-m.main+fp/hard/libc_nano.a(libc_a-wsetup.o)
                0x0000000000008558                __swsetup_r
 .text._close_r
                0x0000000000008604       0x20 /Applications/Simplicity Studio.app/Contents/Eclipse/developer/toolchains/gnu_arm/12.2.rel1_2023.7/bin/../lib/gcc/arm-none-eabi/12.2.1/../../../../arm-none-eabi/lib/thumb/v8-m.main+fp/hard/libc_nano.a(libc_a-closer.o)
                0x0000000000008604                _close_r
 .text._lseek_r
                0x0000000000008624       0x24 /Applications/Simplicity Studio.app/Contents/Eclipse/developer/toolchains/gnu_arm/12.2.rel1_2023.7/bin/../lib/gcc/arm-none-eabi/12.2.1/../../../../arm-none-eabi/lib/thumb/v8-m.main+fp/hard/libc_nano.a(libc_a-lseekr.o)
                0x0000000000008624                _lseek_r
 .text._read_r  0x0000000000008648       0x24 /Applications/Simplicity Studio.app/Contents/Eclipse/developer/toolchains/gnu_arm/12.2.rel1_2023.7/bin/../lib/gcc/arm-none-eabi/12.2.1/../../../../arm-none-eabi/lib/thumb/v8-m.main+fp/hard/libc_nano.a(libc_a-readr.o)
                0x0000000000008648                _read_r
 .text._sbrk_r  0x000000000000866c       0x20 /Applications/Simplicity Studio.app/Contents/Eclipse/developer/toolchains/gnu_arm/12.2.rel1_2023.7/bin/../lib/gcc/arm-none-eabi/12.2.1/../../../../arm-none-eabi/lib/thumb/v8-m.main+fp/hard/libc_nano.a(libc_a-sbrkr.o)
                0x000000000000866c                _sbrk_r
 .text._write_r
                0x000000000000868c       0x24 /Applications/Simplicity Studio.app/Contents/Eclipse/developer/toolchains/gnu_arm/12.2.rel1_2023.7/bin/../lib/gcc/arm-none-eabi/12.2.1/../../../../arm-none-eabi/lib/thumb/v8-m.main+fp/hard/libc_nano.a(libc_a-writer.o)
                0x000000000000868c                _write_r
 .text.__assert_func
                0x00000000000086b0       0x3c /Applications/Simplicity Studio.app/Contents/Eclipse/developer/toolchains/gnu_arm/12.2.rel1_2023.7/bin/../lib/gcc/arm-none-eabi/12.2.1/../../../../arm-none-eabi/lib/thumb/v8-m.main+fp/hard/libc_nano.a(libc_a-assert.o)
                0x00000000000086b0                __assert_func
 .text.fprintf  0x00000000000086ec       0x24 /Applications/Simplicity Studio.app/Contents/Eclipse/developer/toolchains/gnu_arm/12.2.rel1_2023.7/bin/../lib/gcc/arm-none-eabi/12.2.1/../../../../arm-none-eabi/lib/thumb/v8-m.main+fp/hard/libc_nano.a(libc_a-fprintf.o)
                0x00000000000086ec                fprintf
                0x00000000000086ec                fiprintf
 .text.raise    0x0000000000008710       0x10 /Applications/Simplicity Studio.app/Contents/Eclipse/developer/toolchains/gnu_arm/12.2.rel1_2023.7/bin/../lib/gcc/arm-none-eabi/12.2.1/../../../../arm-none-eabi/lib/thumb/v8-m.main+fp/hard/libc_nano.a(libc_a-signal.o)
                0x0000000000008710                raise
 .text._kill_r  0x0000000000008720       0x24 /Applications/Simplicity Studio.app/Contents/Eclipse/developer/toolchains/gnu_arm/12.2.rel1_2023.7/bin/../lib/gcc/arm-none-eabi/12.2.1/../../../../arm-none-eabi/lib/thumb/v8-m.main+fp/hard/libc_nano.a(libc_a-signalr.o)
                0x0000000000008720                _kill_r
 .text.atan2    0x0000000000008744        0x4 /Applications/Simplicity Studio.app/Contents/Eclipse/developer/toolchains/gnu_arm/12.2.rel1_2023.7/bin/../lib/gcc/arm-none-eabi/12.2.1/../../../../arm-none-eabi/lib/thumb/v8-m.main+fp/hard/libm.a(libm_a-w_atan2.o)
                0x0000000000008744                atan2
 .text.sqrt     0x0000000000008748       0x68 /Applications/Simplicity Studio.app/Contents/Eclipse/developer/toolchains/gnu_arm/12.2.rel1_2023.7/bin/../lib/gcc/arm-none-eabi/12.2.1/../../../../arm-none-eabi/lib/thumb/v8-m.main+fp/hard/libm.a(libm_a-w_sqrt.o)
                0x0000000000008748                sqrt
 .text.fabs     0x00000000000087b0       0x10 /Applications/Simplicity Studio.app/Contents/Eclipse/developer/toolchains/gnu_arm/12.2.rel1_2023.7/bin/../lib/gcc/arm-none-eabi/12.2.1/../../../../arm-none-eabi/lib/thumb/v8-m.main+fp/hard/libm.a(libm_a-s_fabs.o)
                0x00000000000087b0                fabs
 .text.__ieee754_sqrt
                0x00000000000087c0      0x1f4 /Applications/Simplicity Studio.app/Contents/Eclipse/developer/toolchains/gnu_arm/12.2.rel1_2023.7/bin/../lib/gcc/arm-none-eabi/12.2.1/../../../../arm-none-eabi/lib/thumb/v8-m.main+fp/hard/libm.a(libm_a-e_sqrt.o)
                0x00000000000087c0                __ieee754_sqrt
 .text          0x00000000000089b4       0x2c /Applications/Simplicity Studio.app/Contents/Eclipse/developer/toolchains/gnu_arm/12.2.rel1_2023.7/bin/../lib/gcc/arm-none-eabi/12.2.1/thumb/v8-m.main+fp/hard/libgcc.a(_arm_unorddf2.o)
                0x00000000000089b4                __aeabi_dcmpun
                0x00000000000089b4                __unorddf2
 .text          0x00000000000089e0       0x50 /Applications/Simplicity Studio.app/Contents/Eclipse/developer/toolchains/gnu_arm/12.2.rel1_2023.7/bin/../lib/gcc/arm-none-eabi/12.2.1/thumb/v8-m.main+fp/hard/libgcc.a(_arm_fixdfsi.o)
                0x00000000000089e0                __fixdfsi
                0x00000000000089e0                __aeabi_d2iz
 .text.__errno  0x0000000000008a30        0xc /Applications/Simplicity Studio.app/Contents/Eclipse/developer/toolchains/gnu_arm/12.2.rel1_2023.7/bin/../lib/gcc/arm-none-eabi/12.2.1/../../../../arm-none-eabi/lib/thumb/v8-m.main+fp/hard/libc_nano.a(libc_a-errno.o)
                0x0000000000008a30                __errno
 .text.sl_board_enable_vcom
                0x0000000000008a3c       0x12 CMakeFiles/slc_test.dir/default_config/Users/xinye/SimplicityStudio/SDKs/gecko_sdk_2/hardware/board/src/sl_board_control_gpio.c.obj
                0x0000000000008a3c                sl_board_enable_vcom
 .text.sl_board_configure_vcom
                0x0000000000008a4e        0x4 CMakeFiles/slc_test.dir/default_config/Users/xinye/SimplicityStudio/SDKs/gecko_sdk_2/hardware/board/src/sl_board_control_gpio.c.obj
                0x0000000000008a4e                sl_board_configure_vcom
 .text.sl_board_disable_vcom
                0x0000000000008a52       0x12 CMakeFiles/slc_test.dir/default_config/Users/xinye/SimplicityStudio/SDKs/gecko_sdk_2/hardware/board/src/sl_board_control_gpio.c.obj
                0x0000000000008a52                sl_board_disable_vcom
 .text.sl_board_init
                0x0000000000008a64       0x16 CMakeFiles/slc_test.dir/default_config/Users/xinye/SimplicityStudio/SDKs/gecko_sdk_2/hardware/board/src/sl_board_init.c.obj
                0x0000000000008a64                sl_board_init
 .text.sl_board_preinit
                0x0000000000008a7a        0x8 CMakeFiles/slc_test.dir/default_config/Users/xinye/SimplicityStudio/SDKs/gecko_sdk_2/hardware/board/src/sl_board_init.c.obj
                0x0000000000008a7a                sl_board_preinit
 .text.sli_cos_swo_itm_8_write.constprop.0.isra.0
                0x0000000000008a82       0x78 CMakeFiles/slc_test.dir/default_config/Users/xinye/SimplicityStudio/SDKs/gecko_sdk_2/hardware/driver/configuration_over_swo/src/sl_cos.c.obj
 .text.sl_cos_send_config
                0x0000000000008afa       0x12 CMakeFiles/slc_test.dir/default_config/Users/xinye/SimplicityStudio/SDKs/gecko_sdk_2/hardware/driver/configuration_over_swo/src/sl_cos.c.obj
                0x0000000000008afa                sl_cos_send_config
 .text.sl_cos_config_vcom
                0x0000000000008b0c       0x1e CMakeFiles/slc_test.dir/default_config/Users/xinye/SimplicityStudio/SDKs/gecko_sdk_2/hardware/driver/configuration_over_swo/src/sl_cos.c.obj
                0x0000000000008b0c                sl_cos_config_vcom
 .text.assertEFM
                0x0000000000008b2a        0x2 CMakeFiles/slc_test.dir/default_config/Users/xinye/SimplicityStudio/SDKs/gecko_sdk_2/platform/common/src/sl_assert.c.obj
                0x0000000000008b2a                assertEFM
 .text.Default_Handler
                0x0000000000008b2c        0x2 CMakeFiles/slc_test.dir/default_config/Users/xinye/SimplicityStudio/SDKs/gecko_sdk_2/platform/Device/SiliconLabs/BGM22/Source/startup_bgm22.c.obj
                0x0000000000008b2c                TRNG_IRQHandler
                0x0000000000008b2c                SW2_IRQHandler
                0x0000000000008b2c                TIMER2_IRQHandler
                0x0000000000008b2c                DebugMon_Handler
                0x0000000000008b2c                PKE_IRQHandler
                0x0000000000008b2c                USART0_TX_IRQHandler
                0x0000000000008b2c                PRORTC_IRQHandler
                0x0000000000008b2c                IADC_IRQHandler
                0x0000000000008b2c                I2C0_IRQHandler
                0x0000000000008b2c                LFXO_IRQHandler
                0x0000000000008b2c                CRYPTOACC_IRQHandler
                0x0000000000008b2c                HardFault_Handler
                0x0000000000008b2c                SMU_SECURE_IRQHandler
                0x0000000000008b2c                SysTick_Handler
                0x0000000000008b2c                USART1_RX_IRQHandler
                0x0000000000008b2c                EMUEFP_IRQHandler
                0x0000000000008b2c                PendSV_Handler
                0x0000000000008b2c                NMI_Handler
                0x0000000000008b2c                SYNTH_IRQHandler
                0x0000000000008b2c                HFXO0_IRQHandler
                0x0000000000008b2c                I2C1_IRQHandler
                0x0000000000008b2c                PDM_IRQHandler
                0x0000000000008b2c                WDOG0_IRQHandler
                0x0000000000008b2c                TIMER3_IRQHandler
                0x0000000000008b2c                SYSCFG_IRQHandler
                0x0000000000008b2c                EMUSE_IRQHandler
                0x0000000000008b2c                EMUDG_IRQHandler
                0x0000000000008b2c                USART1_TX_IRQHandler
                0x0000000000008b2c                MSC_IRQHandler
                0x0000000000008b2c                DPLL0_IRQHandler
                0x0000000000008b2c                UsageFault_Handler
                0x0000000000008b2c                M33CTI1_IRQHandler
                0x0000000000008b2c                TIMER4_IRQHandler
                0x0000000000008b2c                SW0_IRQHandler
                0x0000000000008b2c                TIMER0_IRQHandler
                0x0000000000008b2c                LETIMER0_IRQHandler
                0x0000000000008b2c                TIMER1_IRQHandler
                0x0000000000008b2c                HFRCO0_IRQHandler
                0x0000000000008b2c                RFSENSE_IRQHandler
                0x0000000000008b2c                SecureFault_Handler
                0x0000000000008b2c                BUFC_IRQHandler
                0x0000000000008b2c                DCDC_IRQHandler
                0x0000000000008b2c                MODEM_IRQHandler
                0x0000000000008b2c                Default_Handler
                0x0000000000008b2c                RAC_SEQ_IRQHandler
                0x0000000000008b2c                FRC_PRI_IRQHandler
                0x0000000000008b2c                EMU_IRQHandler
                0x0000000000008b2c                SW3_IRQHandler
                0x0000000000008b2c                KERNEL0_IRQHandler
                0x0000000000008b2c                FRC_IRQHandler
                0x0000000000008b2c                KERNEL1_IRQHandler
                0x0000000000008b2c                AGC_IRQHandler
                0x0000000000008b2c                sl_app_properties
                0x0000000000008b2c                BURTC_IRQHandler
                0x0000000000008b2c                LFRCO_IRQHandler
                0x0000000000008b2c                USART0_RX_IRQHandler
                0x0000000000008b2c                MemManage_Handler
                0x0000000000008b2c                RDMAILBOX_IRQHandler
                0x0000000000008b2c                SVC_Handler
                0x0000000000008b2c                SMU_S_PRIVILEGED_IRQHandler
                0x0000000000008b2c                SW1_IRQHandler
                0x0000000000008b2c                CMU_IRQHandler
                0x0000000000008b2c                RAC_RSM_IRQHandler
                0x0000000000008b2c                AES_IRQHandler
                0x0000000000008b2c                M33CTI0_IRQHandler
                0x0000000000008b2c                ICACHE0_IRQHandler
                0x0000000000008b2c                SMU_NS_PRIVILEGED_IRQHandler
                0x0000000000008b2c                PROTIMER_IRQHandler
                0x0000000000008b2c                BusFault_Handler
                0x0000000000008b2c                ULFRCO_IRQHandler
 .text.FlashToRamCopy
                0x0000000000008b2e       0x16 CMakeFiles/slc_test.dir/default_config/Users/xinye/SimplicityStudio/SDKs/gecko_sdk_2/platform/Device/SiliconLabs/BGM22/Source/system_bgm22.c.obj
                0x0000000000008b2e                FlashToRamCopy
 .text.SystemCLKIN0Get
                0x0000000000008b44        0x4 CMakeFiles/slc_test.dir/default_config/Users/xinye/SimplicityStudio/SDKs/gecko_sdk_2/platform/Device/SiliconLabs/BGM22/Source/system_bgm22.c.obj
                0x0000000000008b44                SystemCLKIN0Get
 .text.SystemLFRCOClockGet
                0x0000000000008b48        0x6 CMakeFiles/slc_test.dir/default_config/Users/xinye/SimplicityStudio/SDKs/gecko_sdk_2/platform/Device/SiliconLabs/BGM22/Source/system_bgm22.c.obj
                0x0000000000008b48                SystemLFRCOClockGet
 .text.SystemULFRCOClockGet
                0x0000000000008b4e        0x6 CMakeFiles/slc_test.dir/default_config/Users/xinye/SimplicityStudio/SDKs/gecko_sdk_2/platform/Device/SiliconLabs/BGM22/Source/system_bgm22.c.obj
                0x0000000000008b4e                SystemULFRCOClockGet
 .text.sl_debug_swo_enable_itm
                0x0000000000008b54       0x16 CMakeFiles/slc_test.dir/default_config/Users/xinye/SimplicityStudio/SDKs/gecko_sdk_2/platform/driver/debug/src/sl_debug_swo.c.obj
                0x0000000000008b54                sl_debug_swo_enable_itm
 .text.sl_debug_swo_disable_itm
                0x0000000000008b6a       0x18 CMakeFiles/slc_test.dir/default_config/Users/xinye/SimplicityStudio/SDKs/gecko_sdk_2/platform/driver/debug/src/sl_debug_swo.c.obj
                0x0000000000008b6a                sl_debug_swo_disable_itm
 .text.DMADRV_MemoryPeripheral
                0x0000000000008b82       0x34 CMakeFiles/slc_test.dir/default_config/Users/xinye/SimplicityStudio/SDKs/gecko_sdk_2/platform/emdrv/dmadrv/src/dmadrv.c.obj
                0x0000000000008b82                DMADRV_MemoryPeripheral
 .text.DMADRV_PeripheralMemory
                0x0000000000008bb6       0x34 CMakeFiles/slc_test.dir/default_config/Users/xinye/SimplicityStudio/SDKs/gecko_sdk_2/platform/emdrv/dmadrv/src/dmadrv.c.obj
                0x0000000000008bb6                DMADRV_PeripheralMemory
 .text.BlockingComplete
                0x0000000000008bea        0xa CMakeFiles/slc_test.dir/default_config/Users/xinye/SimplicityStudio/SDKs/gecko_sdk_2/platform/emdrv/spidrv/src/spidrv.c.obj
 .text.WaitForTransferCompletion
                0x0000000000008bf4       0x24 CMakeFiles/slc_test.dir/default_config/Users/xinye/SimplicityStudio/SDKs/gecko_sdk_2/platform/emdrv/spidrv/src/spidrv.c.obj
 .text.waitStateMax
                0x0000000000008c18       0x10 CMakeFiles/slc_test.dir/default_config/Users/xinye/SimplicityStudio/SDKs/gecko_sdk_2/platform/emlib/src/em_cmu.c.obj
 .text.CMU_UpdateWaitStates
                0x0000000000008c28        0xc CMakeFiles/slc_test.dir/default_config/Users/xinye/SimplicityStudio/SDKs/gecko_sdk_2/platform/emlib/src/em_cmu.c.obj
                0x0000000000008c28                CMU_UpdateWaitStates
 .text.pclkDivMax
                0x0000000000008c34        0xa CMakeFiles/slc_test.dir/default_config/Users/xinye/SimplicityStudio/SDKs/gecko_sdk_2/platform/emlib/src/em_cmu.c.obj
 .text.sli_em_cmu_SYSCLKInitPostClockSelect
                0x0000000000008c3e       0x2a CMakeFiles/slc_test.dir/default_config/Users/xinye/SimplicityStudio/SDKs/gecko_sdk_2/platform/emlib/src/em_cmu.c.obj
                0x0000000000008c3e                sli_em_cmu_SYSCLKInitPostClockSelect
 .text.CORE_EnterCritical
                0x0000000000008c68        0x8 CMakeFiles/slc_test.dir/default_config/Users/xinye/SimplicityStudio/SDKs/gecko_sdk_2/platform/emlib/src/em_core.c.obj
                0x0000000000008c68                CORE_EnterCritical
 .text.CORE_ExitCritical
                0x0000000000008c70        0x6 CMakeFiles/slc_test.dir/default_config/Users/xinye/SimplicityStudio/SDKs/gecko_sdk_2/platform/emlib/src/em_core.c.obj
                0x0000000000008c70                CORE_ExitCritical
 .text.CORE_EnterAtomic
                0x0000000000008c76        0xc CMakeFiles/slc_test.dir/default_config/Users/xinye/SimplicityStudio/SDKs/gecko_sdk_2/platform/emlib/src/em_core.c.obj
                0x0000000000008c76                CORE_EnterAtomic
 .text.CORE_ExitAtomic
                0x0000000000008c82        0x6 CMakeFiles/slc_test.dir/default_config/Users/xinye/SimplicityStudio/SDKs/gecko_sdk_2/platform/emlib/src/em_core.c.obj
                0x0000000000008c82                CORE_ExitAtomic
 .text.EMU_EFPEM01VScale
                0x0000000000008c88        0x2 CMakeFiles/slc_test.dir/default_config/Users/xinye/SimplicityStudio/SDKs/gecko_sdk_2/platform/emlib/src/em_emu.c.obj
                0x0000000000008c88                EMU_EFPEM01VScale
 .text.EMU_DCDCUpdatedHook
                0x0000000000008c8a        0x2 CMakeFiles/slc_test.dir/default_config/Users/xinye/SimplicityStudio/SDKs/gecko_sdk_2/platform/emlib/src/em_emu.c.obj
                0x0000000000008c8a                EMU_DCDCUpdatedHook
 .text.eusart_sync
                0x0000000000008c8c        0x8 CMakeFiles/slc_test.dir/default_config/Users/xinye/SimplicityStudio/SDKs/gecko_sdk_2/platform/emlib/src/em_eusart.c.obj
 .text.EUSART_Disable
                0x0000000000008c94       0x3a CMakeFiles/slc_test.dir/default_config/Users/xinye/SimplicityStudio/SDKs/gecko_sdk_2/platform/emlib/src/em_eusart.c.obj
 .text.EUSART_Tx
                0x0000000000008cce        0xa CMakeFiles/slc_test.dir/default_config/Users/xinye/SimplicityStudio/SDKs/gecko_sdk_2/platform/emlib/src/em_eusart.c.obj
                0x0000000000008cce                EUSART_Tx
 .text.BUS_RegMaskedWrite
                0x0000000000008cd8       0x1e CMakeFiles/slc_test.dir/default_config/Users/xinye/SimplicityStudio/SDKs/gecko_sdk_2/platform/emlib/src/em_gpio.c.obj
 .text.GPIO_DbgLocationSet
                0x0000000000008cf6        0x2 CMakeFiles/slc_test.dir/default_config/Users/xinye/SimplicityStudio/SDKs/gecko_sdk_2/platform/emlib/src/em_gpio.c.obj
                0x0000000000008cf6                GPIO_DbgLocationSet
 .text.RTCC_SyncWait
                0x0000000000008cf8       0x10 CMakeFiles/slc_test.dir/default_config/Users/xinye/SimplicityStudio/SDKs/gecko_sdk_2/platform/emlib/src/em_rtcc.c.obj
 .text.USART_SpiTransfer
                0x0000000000008d08       0x14 CMakeFiles/slc_test.dir/default_config/Users/xinye/SimplicityStudio/SDKs/gecko_sdk_2/platform/emlib/src/em_usart.c.obj
                0x0000000000008d08                USART_SpiTransfer
 .text.sl_iostream_write
                0x0000000000008d1c       0x22 CMakeFiles/slc_test.dir/default_config/Users/xinye/SimplicityStudio/SDKs/gecko_sdk_2/platform/service/iostream/src/sl_iostream.c.obj
                0x0000000000008d1c                sl_iostream_write
 .text.sl_iostream_read
                0x0000000000008d3e       0x30 CMakeFiles/slc_test.dir/default_config/Users/xinye/SimplicityStudio/SDKs/gecko_sdk_2/platform/service/iostream/src/sl_iostream.c.obj
                0x0000000000008d3e                sl_iostream_read
 .text.eusart_deinit
                0x0000000000008d6e       0x70 CMakeFiles/slc_test.dir/default_config/Users/xinye/SimplicityStudio/SDKs/gecko_sdk_2/platform/service/iostream/src/sl_iostream_eusart.c.obj
 .text.eusart_set_next_byte_detect
                0x0000000000008dde       0x30 CMakeFiles/slc_test.dir/default_config/Users/xinye/SimplicityStudio/SDKs/gecko_sdk_2/platform/service/iostream/src/sl_iostream_eusart.c.obj
 .text.eusart_tx
                0x0000000000008e0e        0xc CMakeFiles/slc_test.dir/default_config/Users/xinye/SimplicityStudio/SDKs/gecko_sdk_2/platform/service/iostream/src/sl_iostream_eusart.c.obj
 .text.sl_iostream_eusart_irq_handler
                0x0000000000008e1a       0x72 CMakeFiles/slc_test.dir/default_config/Users/xinye/SimplicityStudio/SDKs/gecko_sdk_2/platform/service/iostream/src/sl_iostream_eusart.c.obj
                0x0000000000008e1a                sl_iostream_eusart_irq_handler
 .text._close   0x0000000000008e8c        0x4 CMakeFiles/slc_test.dir/default_config/Users/xinye/SimplicityStudio/SDKs/gecko_sdk_2/platform/service/iostream/src/sl_iostream_retarget_stdio.c.obj
                0x0000000000008e8c                _close
 .text._exit    0x0000000000008e90        0x2 CMakeFiles/slc_test.dir/default_config/Users/xinye/SimplicityStudio/SDKs/gecko_sdk_2/platform/service/iostream/src/sl_iostream_retarget_stdio.c.obj
                0x0000000000008e90                _exit
 .text._fstat   0x0000000000008e92        0xa CMakeFiles/slc_test.dir/default_config/Users/xinye/SimplicityStudio/SDKs/gecko_sdk_2/platform/service/iostream/src/sl_iostream_retarget_stdio.c.obj
                0x0000000000008e92                _fstat
 .text._getpid  0x0000000000008e9c        0x4 CMakeFiles/slc_test.dir/default_config/Users/xinye/SimplicityStudio/SDKs/gecko_sdk_2/platform/service/iostream/src/sl_iostream_retarget_stdio.c.obj
                0x0000000000008e9c                _getpid
 .text._isatty  0x0000000000008ea0        0x4 CMakeFiles/slc_test.dir/default_config/Users/xinye/SimplicityStudio/SDKs/gecko_sdk_2/platform/service/iostream/src/sl_iostream_retarget_stdio.c.obj
                0x0000000000008ea0                _isatty
 .text._kill    0x0000000000008ea4        0x6 CMakeFiles/slc_test.dir/default_config/Users/xinye/SimplicityStudio/SDKs/gecko_sdk_2/platform/service/iostream/src/sl_iostream_retarget_stdio.c.obj
                0x0000000000008ea4                _kill
 .text._lseek   0x0000000000008eaa        0x4 CMakeFiles/slc_test.dir/default_config/Users/xinye/SimplicityStudio/SDKs/gecko_sdk_2/platform/service/iostream/src/sl_iostream_retarget_stdio.c.obj
                0x0000000000008eaa                _lseek
 .text._read    0x0000000000008eae       0x1c CMakeFiles/slc_test.dir/default_config/Users/xinye/SimplicityStudio/SDKs/gecko_sdk_2/platform/service/iostream/src/sl_iostream_retarget_stdio.c.obj
                0x0000000000008eae                _read
 .text.set_auto_cr_lf
                0x0000000000008eca        0x6 CMakeFiles/slc_test.dir/default_config/Users/xinye/SimplicityStudio/SDKs/gecko_sdk_2/platform/service/iostream/src/sl_iostream_uart.c.obj
 .text.get_auto_cr_lf
                0x0000000000008ed0        0x6 CMakeFiles/slc_test.dir/default_config/Users/xinye/SimplicityStudio/SDKs/gecko_sdk_2/platform/service/iostream/src/sl_iostream_uart.c.obj
 .text.CMU_PrescToLog2.constprop.0
                0x0000000000008ed6        0x4 CMakeFiles/slc_test.dir/default_config/Users/xinye/SimplicityStudio/SDKs/gecko_sdk_2/platform/service/sleeptimer/src/sl_sleeptimer_hal_rtcc.c.obj
 .text.sleeptimer_hal_get_counter
                0x0000000000008eda        0xe CMakeFiles/slc_test.dir/default_config/Users/xinye/SimplicityStudio/SDKs/gecko_sdk_2/platform/service/sleeptimer/src/sl_sleeptimer_hal_rtcc.c.obj
                0x0000000000008eda                sleeptimer_hal_get_counter
 .text.sleeptimer_hal_enable_int
                0x0000000000008ee8       0x18 CMakeFiles/slc_test.dir/default_config/Users/xinye/SimplicityStudio/SDKs/gecko_sdk_2/platform/service/sleeptimer/src/sl_sleeptimer_hal_rtcc.c.obj
                0x0000000000008ee8                sleeptimer_hal_enable_int
 .text.sleeptimer_hal_get_timer_frequency