Archive member included to satisfy reference by file (symbol)

/Applications/Simplicity Studio.app/Contents/Eclipse/developer/toolchains/gnu_arm/12.2.rel1_2023.7/bin/../lib/gcc/arm-none-eabi/12.2.1/thumb/v8-m.main+fp/hard/libgcc.a(_arm_muldf3.o)
                              CMakeFiles/test.dir/default_config/Users/xinye/SimplicityStudio/v5_workspace/test/ad5940lib/ad5940.c.obj (__aeabi_dmul)
/Applications/Simplicity Studio.app/Contents/Eclipse/developer/toolchains/gnu_arm/12.2.rel1_2023.7/bin/../lib/gcc/arm-none-eabi/12.2.1/thumb/v8-m.main+fp/hard/libgcc.a(_arm_addsubdf3.o)
                              CMakeFiles/test.dir/default_config/Users/xinye/SimplicityStudio/v5_workspace/test/ad5940lib/ad5940.c.obj (__aeabi_dadd)
/Applications/Simplicity Studio.app/Contents/Eclipse/developer/toolchains/gnu_arm/12.2.rel1_2023.7/bin/../lib/gcc/arm-none-eabi/12.2.1/thumb/v8-m.main+fp/hard/libgcc.a(_arm_muldivdf3.o)
                              CMakeFiles/test.dir/default_config/Users/xinye/SimplicityStudio/v5_workspace/test/ad5940lib/ad5940.c.obj (__aeabi_ddiv)
/Applications/Simplicity Studio.app/Contents/Eclipse/developer/toolchains/gnu_arm/12.2.rel1_2023.7/bin/../lib/gcc/arm-none-eabi/12.2.1/thumb/v8-m.main+fp/hard/libgcc.a(_arm_cmpdf2.o)
                              CMakeFiles/test.dir/default_config/Users/xinye/SimplicityStudio/v5_workspace/test/ad5940lib/ad5940.c.obj (__aeabi_dcmplt)
/Applications/Simplicity Studio.app/Contents/Eclipse/developer/toolchains/gnu_arm/12.2.rel1_2023.7/bin/../lib/gcc/arm-none-eabi/12.2.1/thumb/v8-m.main+fp/hard/libgcc.a(_arm_truncdfsf2.o)
                              CMakeFiles/test.dir/default_config/Users/xinye/SimplicityStudio/v5_workspace/test/ad5940lib/ad5940.c.obj (__aeabi_d2f)
/Applications/Simplicity Studio.app/Contents/Eclipse/developer/toolchains/gnu_arm/12.2.rel1_2023.7/bin/../lib/gcc/arm-none-eabi/12.2.1/thumb/v8-m.main+fp/hard/libgcc.a(_aeabi_ldivmod.o)
                              CMakeFiles/slc_test.dir/default_config/Users/xinye/SimplicityStudio/SDKs/gecko_sdk_2/platform/emlib/src/em_eusart.c.obj (__aeabi_ldivmod)
/Applications/Simplicity Studio.app/Contents/Eclipse/developer/toolchains/gnu_arm/12.2.rel1_2023.7/bin/../lib/gcc/arm-none-eabi/12.2.1/thumb/v8-m.main+fp/hard/libgcc.a(_aeabi_uldivmod.o)
                              CMakeFiles/slc_test.dir/default_config/Users/xinye/SimplicityStudio/SDKs/gecko_sdk_2/platform/emlib/src/em_eusart.c.obj (__aeabi_uldivmod)
/Applications/Simplicity Studio.app/Contents/Eclipse/developer/toolchains/gnu_arm/12.2.rel1_2023.7/bin/../lib/gcc/arm-none-eabi/12.2.1/thumb/v8-m.main+fp/hard/libgcc.a(_udivmoddi4.o)
                              /Applications/Simplicity Studio.app/Contents/Eclipse/developer/toolchains/gnu_arm/12.2.rel1_2023.7/bin/../lib/gcc/arm-none-eabi/12.2.1/thumb/v8-m.main+fp/hard/libgcc.a(_aeabi_ldivmod.o) (__udivmoddi4)
/Applications/Simplicity Studio.app/Contents/Eclipse/developer/toolchains/gnu_arm/12.2.rel1_2023.7/bin/../lib/gcc/arm-none-eabi/12.2.1/thumb/v8-m.main+fp/hard/libgcc.a(_dvmd_tls.o)
                              /Applications/Simplicity Studio.app/Contents/Eclipse/developer/toolchains/gnu_arm/12.2.rel1_2023.7/bin/../lib/gcc/arm-none-eabi/12.2.1/thumb/v8-m.main+fp/hard/libgcc.a(_aeabi_ldivmod.o) (__aeabi_ldiv0)
/Applications/Simplicity Studio.app/Contents/Eclipse/developer/toolchains/gnu_arm/12.2.rel1_2023.7/bin/../lib/gcc/arm-none-eabi/12.2.1/../../../../arm-none-eabi/lib/thumb/v8-m.main+fp/hard/libc_nano.a(libc_a-exit.o)
                              /Applications/Simplicity Studio.app/Contents/Eclipse/developer/toolchains/gnu_arm/12.2.rel1_2023.7/bin/../lib/gcc/arm-none-eabi/12.2.1/../../../../arm-none-eabi/lib/thumb/v8-m.main+fp/hard/crt0.o (exit)
/Applications/Simplicity Studio.app/Contents/Eclipse/developer/toolchains/gnu_arm/12.2.rel1_2023.7/bin/../lib/gcc/arm-none-eabi/12.2.1/../../../../arm-none-eabi/lib/thumb/v8-m.main+fp/hard/libc_nano.a(libc_a-setvbuf.o)
                              CMakeFiles/slc_test.dir/default_config/Users/xinye/SimplicityStudio/SDKs/gecko_sdk_2/platform/service/iostream/src/sl_iostream_stdlib_config.c.obj (setvbuf)
/Applications/Simplicity Studio.app/Contents/Eclipse/developer/toolchains/gnu_arm/12.2.rel1_2023.7/bin/../lib/gcc/arm-none-eabi/12.2.1/../../../../arm-none-eabi/lib/thumb/v8-m.main+fp/hard/libc_nano.a(libc_a-findfp.o)
                              /Applications/Simplicity Studio.app/Contents/Eclipse/developer/toolchains/gnu_arm/12.2.rel1_2023.7/bin/../lib/gcc/arm-none-eabi/12.2.1/../../../../arm-none-eabi/lib/thumb/v8-m.main+fp/hard/libc_nano.a(libc_a-exit.o) (__stdio_exit_handler)
/Applications/Simplicity Studio.app/Contents/Eclipse/developer/toolchains/gnu_arm/12.2.rel1_2023.7/bin/../lib/gcc/arm-none-eabi/12.2.1/../../../../arm-none-eabi/lib/thumb/v8-m.main+fp/hard/libc_nano.a(libc_a-vprintf.o)
[...]
Memory Configuration

Name             Origin             Length             Attributes
FLASH            0x0000000000000000 0x0000000000056000 xr
RAM              0x0000000020000000 0x0000000000008000 xrw
*default*        0x0000000000000000 0xffffffffffffffff

Linker script and memory map

LOAD /Applications/Simplicity Studio.app/Contents/Eclipse/developer/toolchains/gnu_arm/12.2.rel1_2023.7/bin/../lib/gcc/arm-none-eabi/12.2.1/thumb/v8-m.main+fp/hard/crti.o
LOAD /Applications/Simplicity Studio.app/Contents/Eclipse/developer/toolchains/gnu_arm/12.2.rel1_2023.7/bin/../lib/gcc/arm-none-eabi/12.2.1/thumb/v8-m.main+fp/hard/crtbegin.o
LOAD /Applications/Simplicity Studio.app/Contents/Eclipse/developer/toolchains/gnu_arm/12.2.rel1_2023.7/bin/../lib/gcc/arm-none-eabi/12.2.1/../../../../arm-none-eabi/lib/thumb/v8-m.main+fp/hard/crt0.o
LOAD CMakeFiles/slc_test.dir/default_config/Users/xinye/SimplicityStudio/SDKs/gecko_sdk_2/hardware/board/src/sl_board_control_gpio.c.obj
LOAD CMakeFiles/slc_test.dir/default_config/Users/xinye/SimplicityStudio/SDKs/gecko_sdk_2/hardware/board/src/sl_board_init.c.obj
LOAD CMakeFiles/slc_test.dir/default_config/Users/xinye/SimplicityStudio/SDKs/gecko_sdk_2/hardware/driver/configuration_over_swo/src/sl_cos.c.obj
LOAD CMakeFiles/slc_test.dir/default_config/Users/xinye/SimplicityStudio/SDKs/gecko_sdk_2/hardware/driver/mx25_flash_shutdown/src/sl_mx25_flash_shutdown_usart/sl_mx25_flash_shutdown.c.obj
LOAD CMakeFiles/slc_test.dir/default_config/Users/xinye/SimplicityStudio/SDKs/gecko_sdk_2/platform/common/src/sl_assert.c.obj
LOAD CMakeFiles/slc_test.dir/default_config/Users/xinye/SimplicityStudio/SDKs/gecko_sdk_2/platform/common/src/sl_slist.c.obj
LOAD CMakeFiles/slc_test.dir/default_config/Users/xinye/SimplicityStudio/SDKs/gecko_sdk_2/platform/common/src/sl_string.c.obj
LOAD CMakeFiles/slc_test.dir/default_config/Users/xinye/SimplicityStudio/SDKs/gecko_sdk_2/platform/common/src/sl_syscalls.c.obj
LOAD CMakeFiles/slc_test.dir/default_config/Users/xinye/SimplicityStudio/SDKs/gecko_sdk_2/platform/common/toolchain/src/sl_memory.c.obj
LOAD CMakeFiles/slc_test.dir/default_config/Users/xinye/SimplicityStudio/SDKs/gecko_sdk_2/platform/Device/SiliconLabs/BGM22/Source/startup_bgm22.c.obj
LOAD CMakeFiles/slc_test.dir/default_config/Users/xinye/SimplicityStudio/SDKs/gecko_sdk_2/platform/Device/SiliconLabs/BGM22/Source/system_bgm22.c.obj
LOAD CMakeFiles/slc_test.dir/default_config/Users/xinye/SimplicityStudio/SDKs/gecko_sdk_2/platform/driver/debug/src/sl_debug_swo.c.obj
LOAD CMakeFiles/slc_test.dir/default_config/Users/xinye/SimplicityStudio/SDKs/gecko_sdk_2/platform/emdrv/dmadrv/src/dmadrv.c.obj
LOAD CMakeFiles/slc_test.dir/default_config/Users/xinye/SimplicityStudio/SDKs/gecko_sdk_2/platform/emdrv/gpiointerrupt/src/gpiointerrupt.c.obj
LOAD CMakeFiles/slc_test.dir/default_config/Users/xinye/SimplicityStudio/SDKs/gecko_sdk_2/platform/emdrv/spidrv/src/spidrv.c.obj
LOAD CMakeFiles/slc_test.dir/default_config/Users/xinye/SimplicityStudio/SDKs/gecko_sdk_2/platform/emlib/src/em_burtc.c.obj
LOAD CMakeFiles/slc_test.dir/default_config/Users/xinye/SimplicityStudio/SDKs/gecko_sdk_2/platform/emlib/src/em_cmu.c.obj
LOAD CMakeFiles/slc_test.dir/default_config/Users/xinye/SimplicityStudio/SDKs/gecko_sdk_2/platform/emlib/src/em_core.c.obj
LOAD CMakeFiles/slc_test.dir/default_config/Users/xinye/SimplicityStudio/SDKs/gecko_sdk_2/platform/emlib/src/em_emu.c.obj
LOAD CMakeFiles/slc_test.dir/default_config/Users/xinye/SimplicityStudio/SDKs/gecko_sdk_2/platform/emlib/src/em_eusart.c.obj
LOAD CMakeFiles/slc_test.dir/default_config/Users/xinye/SimplicityStudio/SDKs/gecko_sdk_2/platform/emlib/src/em_gpio.c.obj
LOAD CMakeFiles/slc_test.dir/default_config/Users/xinye/SimplicityStudio/SDKs/gecko_sdk_2/platform/emlib/src/em_ldma.c.obj
LOAD CMakeFiles/slc_test.dir/default_config/Users/xinye/SimplicityStudio/SDKs/gecko_sdk_2/platform/emlib/src/em_msc.c.obj
LOAD CMakeFiles/slc_test.dir/default_config/Users/xinye/SimplicityStudio/SDKs/gecko_sdk_2/platform/emlib/src/em_rtcc.c.obj
LOAD CMakeFiles/slc_test.dir/default_config/Users/xinye/SimplicityStudio/SDKs/gecko_sdk_2/platform/emlib/src/em_system.c.obj
LOAD CMakeFiles/slc_test.dir/default_config/Users/xinye/SimplicityStudio/SDKs/gecko_sdk_2/platform/emlib/src/em_timer.c.obj
LOAD CMakeFiles/slc_test.dir/default_config/Users/xinye/SimplicityStudio/SDKs/gecko_sdk_2/platform/emlib/src/em_usart.c.obj
LOAD CMakeFiles/slc_test.dir/default_config/Users/xinye/SimplicityStudio/SDKs/gecko_sdk_2/platform/service/device_init/src/sl_device_init_dcdc_s2.c.obj
LOAD CMakeFiles/slc_test.dir/default_config/Users/xinye/SimplicityStudio/SDKs/gecko_sdk_2/platform/service/device_init/src/sl_device_init_emu_s2.c.obj
LOAD CMakeFiles/slc_test.dir/default_config/Users/xinye/SimplicityStudio/SDKs/gecko_sdk_2/platform/service/device_init/src/sl_device_init_hfxo_s2.c.obj
LOAD CMakeFiles/slc_test.dir/default_config/Users/xinye/SimplicityStudio/SDKs/gecko_sdk_2/platform/service/device_init/src/sl_device_init_lfxo_s2.c.obj
LOAD CMakeFiles/slc_test.dir/default_config/Users/xinye/SimplicityStudio/SDKs/gecko_sdk_2/platform/service/device_init/src/sl_device_init_nvic.c.obj
LOAD CMakeFiles/slc_test.dir/default_config/Users/xinye/SimplicityStudio/SDKs/gecko_sdk_2/platform/service/iostream/src/sl_iostream.c.obj
LOAD CMakeFiles/slc_test.dir/default_config/Users/xinye/SimplicityStudio/SDKs/gecko_sdk_2/platform/service/iostream/src/sl_iostream_eusart.c.obj
LOAD CMakeFiles/slc_test.dir/default_config/Users/xinye/SimplicityStudio/SDKs/gecko_sdk_2/platform/service/iostream/src/sl_iostream_retarget_stdio.c.obj
LOAD CMakeFiles/slc_test.dir/default_config/Users/xinye/SimplicityStudio/SDKs/gecko_sdk_2/platform/service/iostream/src/sl_iostream_stdlib_config.c.obj
LOAD CMakeFiles/slc_test.dir/default_config/Users/xinye/SimplicityStudio/SDKs/gecko_sdk_2/platform/service/iostream/src/sl_iostream_uart.c.obj
LOAD CMakeFiles/slc_test.dir/default_config/Users/xinye/SimplicityStudio/SDKs/gecko_sdk_2/platform/service/sleeptimer/src/sl_sleeptimer.c.obj
LOAD CMakeFiles/slc_test.dir/default_config/Users/xinye/SimplicityStudio/SDKs/gecko_sdk_2/platform/service/sleeptimer/src/sl_sleeptimer_hal_burtc.c.obj
LOAD CMakeFiles/slc_test.dir/default_config/Users/xinye/SimplicityStudio/SDKs/gecko_sdk_2/platform/service/sleeptimer/src/sl_sleeptimer_hal_prortc.c.obj
LOAD CMakeFiles/slc_test.dir/default_config/Users/xinye/SimplicityStudio/SDKs/gecko_sdk_2/platform/service/sleeptimer/src/sl_sleeptimer_hal_rtcc.c.obj
LOAD CMakeFiles/slc_test.dir/default_config/Users/xinye/SimplicityStudio/SDKs/gecko_sdk_2/platform/service/sleeptimer/src/sl_sleeptimer_hal_timer.c.obj
LOAD CMakeFiles/slc_test.dir/default_config/Users/xinye/SimplicityStudio/SDKs/gecko_sdk_2/platform/service/system/src/sl_system_init.c.obj
LOAD CMakeFiles/slc_test.dir/default_config/Users/xinye/SimplicityStudio/SDKs/gecko_sdk_2/platform/service/system/src/sl_system_process_action.c.obj
LOAD CMakeFiles/slc_test.dir/default_config/Users/xinye/SimplicityStudio/SDKs/gecko_sdk_2/platform/service/udelay/src/sl_udelay.c.obj
LOAD CMakeFiles/slc_test.dir/default_config/Users/xinye/SimplicityStudio/SDKs/gecko_sdk_2/platform/service/udelay/src/sl_udelay_armv6m_gcc.S.obj
LOAD CMakeFiles/slc_test.dir/default_config/Users/xinye/SimplicityStudio/v5_workspace/test/app.c.obj
LOAD CMakeFiles/slc_test.dir/default_config/Users/xinye/SimplicityStudio/v5_workspace/test/autogen/sl_board_default_init.c.obj
LOAD CMakeFiles/slc_test.dir/default_config/Users/xinye/SimplicityStudio/v5_workspace/test/autogen/sl_device_init_clocks.c.obj
LOAD CMakeFiles/slc_test.dir/default_config/Users/xinye/SimplicityStudio/v5_workspace/test/autogen/sl_emlib_gpio_simple_init.c.obj
LOAD CMakeFiles/slc_test.dir/default_config/Users/xinye/SimplicityStudio/v5_workspace/test/autogen/sl_event_handler.c.obj
LOAD CMakeFiles/slc_test.dir/default_config/Users/xinye/SimplicityStudio/v5_workspace/test/autogen/sl_iostream_handles.c.obj
LOAD CMakeFiles/slc_test.dir/default_config/Users/xinye/SimplicityStudio/v5_workspace/test/autogen/sl_iostream_init_eusart_instances.c.obj
LOAD CMakeFiles/slc_test.dir/default_config/Users/xinye/SimplicityStudio/v5_workspace/test/autogen/sl_spidrv_init.c.obj
LOAD CMakeFiles/slc_test.dir/default_config/Users/xinye/SimplicityStudio/v5_workspace/test/main.c.obj
LOAD CMakeFiles/slc_test.dir/default_config/Users/xinye/SimplicityStudio/v5_workspace/test/spidrv_master_baremetal.c.obj
LOAD CMakeFiles/test.dir/default_config/Users/xinye/SimplicityStudio/v5_workspace/test/BGM220Port.c.obj
LOAD CMakeFiles/test.dir/default_config/Users/xinye/SimplicityStudio/v5_workspace/test/ad5940lib/AD5940Main.c.obj
LOAD CMakeFiles/test.dir/default_config/Users/xinye/SimplicityStudio/v5_workspace/test/ad5940lib/SqrWaveVoltammetry.c.obj
LOAD CMakeFiles/test.dir/default_config/Users/xinye/SimplicityStudio/v5_workspace/test/ad5940lib/ad5940.c.obj
START GROUP
LOAD /Applications/Simplicity Studio.app/Contents/Eclipse/developer/toolchains/gnu_arm/12.2.rel1_2023.7/bin/../lib/gcc/arm-none-eabi/12.2.1/thumb/v8-m.main+fp/hard/libgcc.a
LOAD /Applications/Simplicity Studio.app/Contents/Eclipse/developer/toolchains/gnu_arm/12.2.rel1_2023.7/bin/../lib/gcc/arm-none-eabi/12.2.1/../../../../arm-none-eabi/lib/thumb/v8-m.main+fp/hard/libc_nano.a
LOAD /Applications/Simplicity Studio.app/Contents/Eclipse/developer/toolchains/gnu_arm/12.2.rel1_2023.7/bin/../lib/gcc/arm-none-eabi/12.2.1/../../../../arm-none-eabi/lib/thumb/v8-m.main+fp/hard/libm.a
LOAD /Applications/Simplicity Studio.app/Contents/Eclipse/developer/toolchains/gnu_arm/12.2.rel1_2023.7/bin/../lib/gcc/arm-none-eabi/12.2.1/../../../../arm-none-eabi/lib/thumb/v8-m.main+fp/hard/libnosys.a
END GROUP
START GROUP
LOAD /Applications/Simplicity Studio.app/Contents/Eclipse/developer/toolchains/gnu_arm/12.2.rel1_2023.7/bin/../lib/gcc/arm-none-eabi/12.2.1/thumb/v8-m.main+fp/hard/libgcc.a
LOAD /Applications/Simplicity Studio.app/Contents/Eclipse/developer/toolchains/gnu_arm/12.2.rel1_2023.7/bin/../lib/gcc/arm-none-eabi/12.2.1/../../../../arm-none-eabi/lib/thumb/v8-m.main+fp/hard/libc_nano.a
END GROUP
START GROUP
LOAD /Applications/Simplicity Studio.app/Contents/Eclipse/developer/toolchains/gnu_arm/12.2.rel1_2023.7/bin/../lib/gcc/arm-none-eabi/12.2.1/thumb/v8-m.main+fp/hard/libgcc.a
LOAD /Applications/Simplicity Studio.app/Contents/Eclipse/developer/toolchains/gnu_arm/12.2.rel1_2023.7/bin/../lib/gcc/arm-none-eabi/12.2.1/../../../../arm-none-eabi/lib/thumb/v8-m.main+fp/hard/libc_nano.a
END GROUP
LOAD /Applications/Simplicity Studio.app/Contents/Eclipse/developer/toolchains/gnu_arm/12.2.rel1_2023.7/bin/../lib/gcc/arm-none-eabi/12.2.1/thumb/v8-m.main+fp/hard/crtend.o
LOAD /Applications/Simplicity Studio.app/Contents/Eclipse/developer/toolchains/gnu_arm/12.2.rel1_2023.7/bin/../lib/gcc/arm-none-eabi/12.2.1/thumb/v8-m.main+fp/hard/crtn.o

.text           0x0000000000000000     0x94f8
                0x0000000000000000                linker_vectors_begin = .
 *(.vectors)
 .vectors       0x0000000000000000      0x140 CMakeFiles/slc_test.dir/default_config/Users/xinye/SimplicityStudio/SDKs/gecko_sdk_2/platform/Device/SiliconLabs/BGM22/Source/startup_bgm22.c.obj
                0x0000000000000000                __Vectors
                0x0000000000000140                linker_vectors_end = .
                0x0000000000000140                __Vectors_End = .
                0x0000000000000140                __Vectors_Size = (__Vectors_End - __Vectors)
                0x0000000000000140                linker_code_begin = .
 *(SORT_BY_ALIGNMENT(.text*))
 .text          0x0000000000000140        0x8 CMakeFiles/slc_test.dir/default_config/Users/xinye/SimplicityStudio/SDKs/gecko_sdk_2/platform/service/udelay/src/sl_udelay_armv6m_gcc.S.obj
                0x0000000000000140                sli_delay_loop
 .text.__ieee754_atan2
                0x0000000000000148      0x1b0 /Applications/Simplicity Studio.app/Contents/Eclipse/developer/toolchains/gnu_arm/12.2.rel1_2023.7/bin/../lib/gcc/arm-none-eabi/12.2.1/../../../../arm-none-eabi/lib/thumb/v8-m.main+fp/hard/libm.a(libm_a-e_atan2.o)
                0x0000000000000148                __ieee754_atan2
 .text.atan     0x00000000000002f8      0x340 /Applications/Simplicity Studio.app/Contents/Eclipse/developer/toolchains/gnu_arm/12.2.rel1_2023.7/bin/../lib/gcc/arm-none-eabi/12.2.1/../../../../arm-none-eabi/lib/thumb/v8-m.main+fp/hard/libm.a(libm_a-s_atan.o)
                0x00000000000002f8                atan
 .text.deregister_tm_clones
                0x0000000000000638       0x1c /Applications/Simplicity Studio.app/Contents/Eclipse/developer/toolchains/gnu_arm/12.2.rel1_2023.7/bin/../lib/gcc/arm-none-eabi/12.2.1/thumb/v8-m.main+fp/hard/crtbegin.o
 .text.register_tm_clones
                0x0000000000000654       0x28 /Applications/Simplicity Studio.app/Contents/Eclipse/developer/toolchains/gnu_arm/12.2.rel1_2023.7/bin/../lib/gcc/arm-none-eabi/12.2.1/thumb/v8-m.main+fp/hard/crtbegin.o
 .text.__do_global_dtors_aux
                0x000000000000067c       0x28 /Applications/Simplicity Studio.app/Contents/Eclipse/developer/toolchains/gnu_arm/12.2.rel1_2023.7/bin/../lib/gcc/arm-none-eabi/12.2.1/thumb/v8-m.main+fp/hard/crtbegin.o
 .text.frame_dummy
                0x00000000000006a4       0x24 /Applications/Simplicity Studio.app/Contents/Eclipse/developer/toolchains/gnu_arm/12.2.rel1_2023.7/bin/../lib/gcc/arm-none-eabi/12.2.1/thumb/v8-m.main+fp/hard/crtbegin.o
 .text          0x00000000000006c8       0x7c /Applications/Simplicity Studio.app/Contents/Eclipse/developer/toolchains/gnu_arm/12.2.rel1_2023.7/bin/../lib/gcc/arm-none-eabi/12.2.1/../../../../arm-none-eabi/lib/thumb/v8-m.main+fp/hard/crt0.o
                0x00000000000006c8                _stack_init
                0x00000000000006d0                _mainCRTStartup
                0x00000000000006d0                _start
 .text.cs_high  0x0000000000000744        0xc CMakeFiles/slc_test.dir/default_config/Users/xinye/SimplicityStudio/SDKs/gecko_sdk_2/hardware/driver/mx25_flash_shutdown/src/sl_mx25_flash_shutdown_usart/sl_mx25_flash_shutdown.c.obj
 .text.cs_low   0x0000000000000750        0xc CMakeFiles/slc_test.dir/default_config/Users/xinye/SimplicityStudio/SDKs/gecko_sdk_2/hardware/driver/mx25_flash_shutdown/src/sl_mx25_flash_shutdown_usart/sl_mx25_flash_shutdown.c.obj
 .text.sl_mx25_flash_shutdown
                0x000000000000075c      0x114 CMakeFiles/slc_test.dir/default_config/Users/xinye/SimplicityStudio/SDKs/gecko_sdk_2/hardware/driver/mx25_flash_shutdown/src/sl_mx25_flash_shutdown_usart/sl_mx25_flash_shutdown.c.obj
                0x000000000000075c                sl_mx25_flash_shutdown
 .text._sbrk    0x0000000000000870       0x20 CMakeFiles/slc_test.dir/default_config/Users/xinye/SimplicityStudio/SDKs/gecko_sdk_2/platform/common/toolchain/src/sl_memory.c.obj
                0x0000000000000870                _sbrk
 .text.CopyRamFuncs
                0x0000000000000890       0x1c CMakeFiles/slc_test.dir/default_config/Users/xinye/SimplicityStudio/SDKs/gecko_sdk_2/platform/Device/SiliconLabs/BGM22/Source/startup_bgm22.c.obj
                0x0000000000000890                CopyRamFuncs
 .text.Reset_Handler
                0x00000000000008ac       0x64 CMakeFiles/slc_test.dir/default_config/Users/xinye/SimplicityStudio/SDKs/gecko_sdk_2/platform/Device/SiliconLabs/BGM22/Source/startup_bgm22.c.obj
                0x00000000000008ac                Reset_Handler
 .text.SystemInit
                0x0000000000000910       0x64 CMakeFiles/slc_test.dir/default_config/Users/xinye/SimplicityStudio/SDKs/gecko_sdk_2/platform/Device/SiliconLabs/BGM22/Source/system_bgm22.c.obj
                0x0000000000000910                SystemInit
 .text.SystemHFRCODPLLClockGet
                0x0000000000000974        0xc CMakeFiles/slc_test.dir/default_config/Users/xinye/SimplicityStudio/SDKs/gecko_sdk_2/platform/Device/SiliconLabs/BGM22/Source/system_bgm22.c.obj
                0x0000000000000974                SystemHFRCODPLLClockGet
 .text.SystemSYSCLKGet
                0x0000000000000980       0x34 CMakeFiles/slc_test.dir/default_config/Users/xinye/SimplicityStudio/SDKs/gecko_sdk_2/platform/Device/SiliconLabs/BGM22/Source/system_bgm22.c.obj
                0x0000000000000980                SystemSYSCLKGet
 .text.SystemHCLKGet
                0x00000000000009b4       0x24 CMakeFiles/slc_test.dir/default_config/Users/xinye/SimplicityStudio/SDKs/gecko_sdk_2/platform/Device/SiliconLabs/BGM22/Source/system_bgm22.c.obj
                0x00000000000009b4                SystemHCLKGet
 .text.SystemMaxCoreClockGet
                0x00000000000009d8        0x8 CMakeFiles/slc_test.dir/default_config/Users/xinye/SimplicityStudio/SDKs/gecko_sdk_2/platform/Device/SiliconLabs/BGM22/Source/system_bgm22.c.obj
                0x00000000000009d8                SystemMaxCoreClockGet
 .text.SystemHFXOClockGet
                0x00000000000009e0        0xc CMakeFiles/slc_test.dir/default_config/Users/xinye/SimplicityStudio/SDKs/gecko_sdk_2/platform/Device/SiliconLabs/BGM22/Source/system_bgm22.c.obj
                0x00000000000009e0                SystemHFXOClockGet
 .text.SystemHFXOClockSet
                0x00000000000009ec       0x20 CMakeFiles/slc_test.dir/default_config/Users/xinye/SimplicityStudio/SDKs/gecko_sdk_2/platform/Device/SiliconLabs/BGM22/Source/system_bgm22.c.obj
                0x00000000000009ec                SystemHFXOClockSet
 .text.SystemFSRCOClockGet
                0x0000000000000a0c        0x8 CMakeFiles/slc_test.dir/default_config/Users/xinye/SimplicityStudio/SDKs/gecko_sdk_2/platform/Device/SiliconLabs/BGM22/Source/system_bgm22.c.obj
                0x0000000000000a0c                SystemFSRCOClockGet
 .text.SystemLFXOClockGet
                0x0000000000000a14        0xc CMakeFiles/slc_test.dir/default_config/Users/xinye/SimplicityStudio/SDKs/gecko_sdk_2/platform/Device/SiliconLabs/BGM22/Source/system_bgm22.c.obj
                0x0000000000000a14                SystemLFXOClockGet
 .text.sl_debug_swo_init
                0x0000000000000a20       0xc0 CMakeFiles/slc_test.dir/default_config/Users/xinye/SimplicityStudio/SDKs/gecko_sdk_2/platform/driver/debug/src/sl_debug_swo.c.obj
                0x0000000000000a20                sl_debug_swo_init
 .text.sl_debug_swo_write_u8
                0x0000000000000ae0       0x44 CMakeFiles/slc_test.dir/default_config/Users/xinye/SimplicityStudio/SDKs/gecko_sdk_2/platform/driver/debug/src/sl_debug_swo.c.obj
                0x0000000000000ae0                sl_debug_swo_write_u8
 .text.StartTransfer
                0x0000000000000b24      0x17c CMakeFiles/slc_test.dir/default_config/Users/xinye/SimplicityStudio/SDKs/gecko_sdk_2/platform/emdrv/dmadrv/src/dmadrv.c.obj
 .text.DMADRV_AllocateChannel
                0x0000000000000ca0       0x60 CMakeFiles/slc_test.dir/default_config/Users/xinye/SimplicityStudio/SDKs/gecko_sdk_2/platform/emdrv/dmadrv/src/dmadrv.c.obj
                0x0000000000000ca0                DMADRV_AllocateChannel
 .text.DMADRV_DeInit
                0x0000000000000d00       0x44 CMakeFiles/slc_test.dir/default_config/Users/xinye/SimplicityStudio/SDKs/gecko_sdk_2/platform/emdrv/dmadrv/src/dmadrv.c.obj
                0x0000000000000d00                DMADRV_DeInit
 .text.DMADRV_FreeChannel
                0x0000000000000d44       0x4c CMakeFiles/slc_test.dir/default_config/Users/xinye/SimplicityStudio/SDKs/gecko_sdk_2/platform/emdrv/dmadrv/src/dmadrv.c.obj
                0x0000000000000d44                DMADRV_FreeChannel
 .text.DMADRV_Init
                0x0000000000000d90       0x68 CMakeFiles/slc_test.dir/default_config/Users/xinye/SimplicityStudio/SDKs/gecko_sdk_2/platform/emdrv/dmadrv/src/dmadrv.c.obj
                0x0000000000000d90                DMADRV_Init
 .text.DMADRV_PauseTransfer
                0x0000000000000df8       0x40 CMakeFiles/slc_test.dir/default_config/Users/xinye/SimplicityStudio/SDKs/gecko_sdk_2/platform/emdrv/dmadrv/src/dmadrv.c.obj
                0x0000000000000df8                DMADRV_PauseTransfer
 .text.DMADRV_ResumeTransfer
                0x0000000000000e38       0x40 CMakeFiles/slc_test.dir/default_config/Users/xinye/SimplicityStudio/SDKs/gecko_sdk_2/platform/emdrv/dmadrv/src/dmadrv.c.obj
                0x0000000000000e38                DMADRV_ResumeTransfer
 .text.DMADRV_StopTransfer
                0x0000000000000e78       0x40 CMakeFiles/slc_test.dir/default_config/Users/xinye/SimplicityStudio/SDKs/gecko_sdk_2/platform/emdrv/dmadrv/src/dmadrv.c.obj
                0x0000000000000e78                DMADRV_StopTransfer
 .text.DMADRV_TransferCompletePending
                0x0000000000000eb8       0x50 CMakeFiles/slc_test.dir/default_config/Users/xinye/SimplicityStudio/SDKs/gecko_sdk_2/platform/emdrv/dmadrv/src/dmadrv.c.obj
                0x0000000000000eb8                DMADRV_TransferCompletePending
 .text.DMADRV_TransferDone
                0x0000000000000f08       0x44 CMakeFiles/slc_test.dir/default_config/Users/xinye/SimplicityStudio/SDKs/gecko_sdk_2/platform/emdrv/dmadrv/src/dmadrv.c.obj
                0x0000000000000f08                DMADRV_TransferDone
 .text.LDMA_IRQHandler
                0x0000000000000f4c       0x74 CMakeFiles/slc_test.dir/default_config/Users/xinye/SimplicityStudio/SDKs/gecko_sdk_2/platform/emdrv/dmadrv/src/dmadrv.c.obj
                0x0000000000000f4c                LDMA_IRQHandler
 .text.GPIOINT_IRQDispatcher
                0x0000000000000fc0       0x38 CMakeFiles/slc_test.dir/default_config/Users/xinye/SimplicityStudio/SDKs/gecko_sdk_2/platform/emdrv/gpiointerrupt/src/gpiointerrupt.c.obj
 .text.GPIOINT_Init
                0x0000000000000ff8       0x30 CMakeFiles/slc_test.dir/default_config/Users/xinye/SimplicityStudio/SDKs/gecko_sdk_2/platform/emdrv/gpiointerrupt/src/gpiointerrupt.c.obj
                0x0000000000000ff8                GPIOINT_Init
 .text.GPIOINT_CallbackRegister
                0x0000000000001028       0x24 CMakeFiles/slc_test.dir/default_config/Users/xinye/SimplicityStudio/SDKs/gecko_sdk_2/platform/emdrv/gpiointerrupt/src/gpiointerrupt.c.obj
                0x0000000000001028                GPIOINT_CallbackRegister
 .text.GPIO_EVEN_IRQHandler
                0x000000000000104c       0x24 CMakeFiles/slc_test.dir/default_config/Users/xinye/SimplicityStudio/SDKs/gecko_sdk_2/platform/emdrv/gpiointerrupt/src/gpiointerrupt.c.obj
                0x000000000000104c                GPIO_EVEN_IRQHandler
 .text.GPIO_ODD_IRQHandler
                0x0000000000001070       0x24 CMakeFiles/slc_test.dir/default_config/Users/xinye/SimplicityStudio/SDKs/gecko_sdk_2/platform/emdrv/gpiointerrupt/src/gpiointerrupt.c.obj
                0x0000000000001070                GPIO_ODD_IRQHandler
 .text.RxDMAComplete
                0x0000000000001094       0x50 CMakeFiles/slc_test.dir/default_config/Users/xinye/SimplicityStudio/SDKs/gecko_sdk_2/platform/emdrv/spidrv/src/spidrv.c.obj
 .text.TransferApiPrologue
                0x00000000000010e4       0x48 CMakeFiles/slc_test.dir/default_config/Users/xinye/SimplicityStudio/SDKs/gecko_sdk_2/platform/emdrv/spidrv/src/spidrv.c.obj
 .text.StartTransferDMA
                0x000000000000112c       0x8c CMakeFiles/slc_test.dir/default_config/Users/xinye/SimplicityStudio/SDKs/gecko_sdk_2/platform/emdrv/spidrv/src/spidrv.c.obj
 .text.SPIDRV_Init
                0x00000000000011b8      0x254 CMakeFiles/slc_test.dir/default_config/Users/xinye/SimplicityStudio/SDKs/gecko_sdk_2/platform/emdrv/spidrv/src/spidrv.c.obj
                0x00000000000011b8                SPIDRV_Init
 .text.SPIDRV_MTransfer
                0x000000000000140c       0x48 CMakeFiles/slc_test.dir/default_config/Users/xinye/SimplicityStudio/SDKs/gecko_sdk_2/platform/emdrv/spidrv/src/spidrv.c.obj
                0x000000000000140c                SPIDRV_MTransfer
 .text.EMU_VScaleGet
                0x0000000000001454       0x18 CMakeFiles/slc_test.dir/default_config/Users/xinye/SimplicityStudio/SDKs/gecko_sdk_2/platform/emlib/src/em_cmu.c.obj
 .text.em01GrpaClkGet
                0x000000000000146c       0x48 CMakeFiles/slc_test.dir/default_config/Users/xinye/SimplicityStudio/SDKs/gecko_sdk_2/platform/emlib/src/em_cmu.c.obj
 .text.iadcClkGet
                0x00000000000014b4       0x54 CMakeFiles/slc_test.dir/default_config/Users/xinye/SimplicityStudio/SDKs/gecko_sdk_2/platform/emlib/src/em_cmu.c.obj
 .text.em01GrpbClkGet
                0x0000000000001508       0x74 CMakeFiles/slc_test.dir/default_config/Users/xinye/SimplicityStudio/SDKs/gecko_sdk_2/platform/emlib/src/em_cmu.c.obj
 .text.em23GrpaClkGet
                0x000000000000157c       0x48 CMakeFiles/slc_test.dir/default_config/Users/xinye/SimplicityStudio/SDKs/gecko_sdk_2/platform/emlib/src/em_cmu.c.obj
 .text.wdog0ClkGet
                0x00000000000015c4       0x64 CMakeFiles/slc_test.dir/default_config/Users/xinye/SimplicityStudio/SDKs/gecko_sdk_2/platform/emlib/src/em_cmu.c.obj
 .text.rtccClkGet
                0x0000000000001628       0x54 CMakeFiles/slc_test.dir/default_config/Users/xinye/SimplicityStudio/SDKs/gecko_sdk_2/platform/emlib/src/em_cmu.c.obj
 .text.em4GrpaClkGet
                0x000000000000167c       0x48 CMakeFiles/slc_test.dir/default_config/Users/xinye/SimplicityStudio/SDKs/gecko_sdk_2/platform/emlib/src/em_cmu.c.obj
 .text.euart0ClkGet
                0x00000000000016c4       0x48 CMakeFiles/slc_test.dir/default_config/Users/xinye/SimplicityStudio/SDKs/gecko_sdk_2/platform/emlib/src/em_cmu.c.obj
 .text.CMU_ClockDivGet
                0x000000000000170c       0x84 CMakeFiles/slc_test.dir/default_config/Users/xinye/SimplicityStudio/SDKs/gecko_sdk_2/platform/emlib/src/em_cmu.c.obj
                0x000000000000170c                CMU_ClockDivGet
 .text.flashWaitStateControl
                0x0000000000001790       0x4c CMakeFiles/slc_test.dir/default_config/Users/xinye/SimplicityStudio/SDKs/gecko_sdk_2/platform/emlib/src/em_cmu.c.obj
 .text.CMU_ClockEnable
                0x00000000000017dc       0x54 CMakeFiles/slc_test.dir/default_config/Users/xinye/SimplicityStudio/SDKs/gecko_sdk_2/platform/emlib/src/em_cmu.c.obj
                0x00000000000017dc                CMU_ClockEnable
 .text.CMU_ClockFreqGet
                0x0000000000001830      0x198 CMakeFiles/slc_test.dir/default_config/Users/xinye/SimplicityStudio/SDKs/gecko_sdk_2/platform/emlib/src/em_cmu.c.obj
                0x0000000000001830                CMU_ClockFreqGet
 .text.rhclkPrescOptimize
                0x00000000000019c8       0x20 CMakeFiles/slc_test.dir/default_config/Users/xinye/SimplicityStudio/SDKs/gecko_sdk_2/platform/emlib/src/em_cmu.c.obj
 .text.CMU_ClockSelectGet
                0x00000000000019e8      0x168 CMakeFiles/slc_test.dir/default_config/Users/xinye/SimplicityStudio/SDKs/gecko_sdk_2/platform/emlib/src/em_cmu.c.obj
                0x00000000000019e8                CMU_ClockSelectGet
 .text.sli_em_cmu_HFXOSetForceEnable
                0x0000000000001b50       0x18 CMakeFiles/slc_test.dir/default_config/Users/xinye/SimplicityStudio/SDKs/gecko_sdk_2/platform/emlib/src/em_cmu.c.obj
                0x0000000000001b50                sli_em_cmu_HFXOSetForceEnable
 .text.CMU_HFXOInit
                0x0000000000001b68      0x1dc CMakeFiles/slc_test.dir/default_config/Users/xinye/SimplicityStudio/SDKs/gecko_sdk_2/platform/emlib/src/em_cmu.c.obj
                0x0000000000001b68                CMU_HFXOInit
 .text.CMU_HFXOCTuneDeltaGet
                0x0000000000001d44        0xc CMakeFiles/slc_test.dir/default_config/Users/xinye/SimplicityStudio/SDKs/gecko_sdk_2/platform/emlib/src/em_cmu.c.obj
                0x0000000000001d44                CMU_HFXOCTuneDeltaGet
 .text.CMU_LFXOInit
                0x0000000000001d50       0xc4 CMakeFiles/slc_test.dir/default_config/Users/xinye/SimplicityStudio/SDKs/gecko_sdk_2/platform/emlib/src/em_cmu.c.obj
                0x0000000000001d50                CMU_LFXOInit
 .text.CMU_LFXOPrecisionSet
                0x0000000000001e14        0xc CMakeFiles/slc_test.dir/default_config/Users/xinye/SimplicityStudio/SDKs/gecko_sdk_2/platform/emlib/src/em_cmu.c.obj
                0x0000000000001e14                CMU_LFXOPrecisionSet
 .text.CMU_HFXOPrecisionSet
                0x0000000000001e20        0xc CMakeFiles/slc_test.dir/default_config/Users/xinye/SimplicityStudio/SDKs/gecko_sdk_2/platform/emlib/src/em_cmu.c.obj
                0x0000000000001e20                CMU_HFXOPrecisionSet
 .text.CMU_ClockDivSet
                0x0000000000001e2c      0x104 CMakeFiles/slc_test.dir/default_config/Users/xinye/SimplicityStudio/SDKs/gecko_sdk_2/platform/emlib/src/em_cmu.c.obj
                0x0000000000001e2c                CMU_ClockDivSet
 .text.sli_em_cmu_SYSCLKInitPreClockSelect
                0x0000000000001f30       0x20 CMakeFiles/slc_test.dir/default_config/Users/xinye/SimplicityStudio/SDKs/gecko_sdk_2/platform/emlib/src/em_cmu.c.obj
                0x0000000000001f30                sli_em_cmu_SYSCLKInitPreClockSelect
 .text.pclkDivOptimize
                0x0000000000001f50       0x24 CMakeFiles/slc_test.dir/default_config/Users/xinye/SimplicityStudio/SDKs/gecko_sdk_2/platform/emlib/src/em_cmu.c.obj
 .text.CORE_NvicIRQDisabled
                0x0000000000001f74       0x34 CMakeFiles/slc_test.dir/default_config/Users/xinye/SimplicityStudio/SDKs/gecko_sdk_2/platform/emlib/src/em_core.c.obj
                0x0000000000001f74                CORE_NvicIRQDisabled
 .text.EMU_EM4Init
                0x0000000000001fa8       0x14 CMakeFiles/slc_test.dir/default_config/Users/xinye/SimplicityStudio/SDKs/gecko_sdk_2/platform/emlib/src/em_emu.c.obj
                0x0000000000001fa8                EMU_EM4Init
 .text.EMU_VScaleEM01
                0x0000000000001fbc       0xa8 CMakeFiles/slc_test.dir/default_config/Users/xinye/SimplicityStudio/SDKs/gecko_sdk_2/platform/emlib/src/em_emu.c.obj
                0x0000000000001fbc                EMU_VScaleEM01
 .text.EMU_VScaleEM01ByClock
                0x0000000000002064       0x30 CMakeFiles/slc_test.dir/default_config/Users/xinye/SimplicityStudio/SDKs/gecko_sdk_2/platform/emlib/src/em_emu.c.obj
                0x0000000000002064                EMU_VScaleEM01ByClock
 .text.EMU_DCDCModeSet
                0x0000000000002094       0xb8 CMakeFiles/slc_test.dir/default_config/Users/xinye/SimplicityStudio/SDKs/gecko_sdk_2/platform/emlib/src/em_emu.c.obj
                0x0000000000002094                EMU_DCDCModeSet
 .text.EMU_DCDCInit
                0x000000000000214c       0x74 CMakeFiles/slc_test.dir/default_config/Users/xinye/SimplicityStudio/SDKs/gecko_sdk_2/platform/emlib/src/em_emu.c.obj
                0x000000000000214c                EMU_DCDCInit
 .text.EUSART_Reset
                0x00000000000021c0       0x34 CMakeFiles/slc_test.dir/default_config/Users/xinye/SimplicityStudio/SDKs/gecko_sdk_2/platform/emlib/src/em_eusart.c.obj
                0x00000000000021c0                EUSART_Reset
 .text.EUSART_Enable
                0x00000000000021f4       0x60 CMakeFiles/slc_test.dir/default_config/Users/xinye/SimplicityStudio/SDKs/gecko_sdk_2/platform/emlib/src/em_eusart.c.obj
                0x00000000000021f4                EUSART_Enable
 .text.EUSART_BaudrateSet
                0x0000000000002254      0x128 CMakeFiles/slc_test.dir/default_config/Users/xinye/SimplicityStudio/SDKs/gecko_sdk_2/platform/emlib/src/em_eusart.c.obj
                0x0000000000002254                EUSART_BaudrateSet
 .text.EUSART_AsyncInitCommon.constprop.0
                0x000000000000237c      0x178 CMakeFiles/slc_test.dir/default_config/Users/xinye/SimplicityStudio/SDKs/gecko_sdk_2/platform/emlib/src/em_eusart.c.obj
 .text.EUSART_UartInitLf
                0x00000000000024f4       0xb4 CMakeFiles/slc_test.dir/default_config/Users/xinye/SimplicityStudio/SDKs/gecko_sdk_2/platform/emlib/src/em_eusart.c.obj
                0x00000000000024f4                EUSART_UartInitLf
 .text.EUSART_UartInitHf
                0x00000000000025a8       0x50 CMakeFiles/slc_test.dir/default_config/Users/xinye/SimplicityStudio/SDKs/gecko_sdk_2/platform/emlib/src/em_eusart.c.obj
                0x00000000000025a8                EUSART_UartInitHf
 .text.BUS_RegBitWrite
                0x00000000000025f8       0x2c CMakeFiles/slc_test.dir/default_config/Users/xinye/SimplicityStudio/SDKs/gecko_sdk_2/platform/emlib/src/em_gpio.c.obj
 .text.GPIO_PinOutSet
                0x0000000000002624       0x40 CMakeFiles/slc_test.dir/default_config/Users/xinye/SimplicityStudio/SDKs/gecko_sdk_2/platform/emlib/src/em_gpio.c.obj
 .text.GPIO_PinOutClear
                0x0000000000002664       0x40 CMakeFiles/slc_test.dir/default_config/Users/xinye/SimplicityStudio/SDKs/gecko_sdk_2/platform/emlib/src/em_gpio.c.obj
 .text.GPIO_ExtIntConfig
                0x00000000000026a4       0xe0 CMakeFiles/slc_test.dir/default_config/Users/xinye/SimplicityStudio/SDKs/gecko_sdk_2/platform/emlib/src/em_gpio.c.obj
                0x00000000000026a4                GPIO_ExtIntConfig
 .text.GPIO_PinModeSet
                0x0000000000002784       0x90 CMakeFiles/slc_test.dir/default_config/Users/xinye/SimplicityStudio/SDKs/gecko_sdk_2/platform/emlib/src/em_gpio.c.obj
                0x0000000000002784                GPIO_PinModeSet
 .text.LDMA_DeInit
                0x0000000000002814       0x3c CMakeFiles/slc_test.dir/default_config/Users/xinye/SimplicityStudio/SDKs/gecko_sdk_2/platform/emlib/src/em_ldma.c.obj
                0x0000000000002814                LDMA_DeInit
 .text.LDMA_EnableChannelRequest
                0x0000000000002850       0x40 CMakeFiles/slc_test.dir/default_config/Users/xinye/SimplicityStudio/SDKs/gecko_sdk_2/platform/emlib/src/em_ldma.c.obj
                0x0000000000002850                LDMA_EnableChannelRequest
 .text.LDMA_Init
                0x0000000000002890       0x94 CMakeFiles/slc_test.dir/default_config/Users/xinye/SimplicityStudio/SDKs/gecko_sdk_2/platform/emlib/src/em_ldma.c.obj
                0x0000000000002890                LDMA_Init
 .text.LDMA_StartTransfer
                0x0000000000002924      0x100 CMakeFiles/slc_test.dir/default_config/Users/xinye/SimplicityStudio/SDKs/gecko_sdk_2/platform/emlib/src/em_ldma.c.obj
                0x0000000000002924                LDMA_StartTransfer
 .text.LDMA_StopTransfer
                0x0000000000002a24       0x38 CMakeFiles/slc_test.dir/default_config/Users/xinye/SimplicityStudio/SDKs/gecko_sdk_2/platform/emlib/src/em_ldma.c.obj
                0x0000000000002a24                LDMA_StopTransfer
 .text.LDMA_TransferDone
                0x0000000000002a5c       0x44 CMakeFiles/slc_test.dir/default_config/Users/xinye/SimplicityStudio/SDKs/gecko_sdk_2/platform/emlib/src/em_ldma.c.obj
                0x0000000000002a5c                LDMA_TransferDone
 .text.RTCC_ChannelInit
                0x0000000000002aa0       0x48 CMakeFiles/slc_test.dir/default_config/Users/xinye/SimplicityStudio/SDKs/gecko_sdk_2/platform/emlib/src/em_rtcc.c.obj
                0x0000000000002aa0                RTCC_ChannelInit
 .text.RTCC_Enable
                0x0000000000002ae8       0x54 CMakeFiles/slc_test.dir/default_config/Users/xinye/SimplicityStudio/SDKs/gecko_sdk_2/platform/emlib/src/em_rtcc.c.obj
                0x0000000000002ae8                RTCC_Enable
 .text.RTCC_Init
                0x0000000000002b3c       0x48 CMakeFiles/slc_test.dir/default_config/Users/xinye/SimplicityStudio/SDKs/gecko_sdk_2/platform/emlib/src/em_rtcc.c.obj
                0x0000000000002b3c                RTCC_Init
 .text.SYSTEM_GetProdRev
                0x0000000000002b84       0x10 CMakeFiles/slc_test.dir/default_config/Users/xinye/SimplicityStudio/SDKs/gecko_sdk_2/platform/emlib/src/em_system.c.obj
                0x0000000000002b84                SYSTEM_GetProdRev
 .text.USART_BaudrateSyncSet
                0x0000000000002b94       0x48 CMakeFiles/slc_test.dir/default_config/Users/xinye/SimplicityStudio/SDKs/gecko_sdk_2/platform/emlib/src/em_usart.c.obj
                0x0000000000002b94                USART_BaudrateSyncSet
 .text.USART_Reset
                0x0000000000002bdc       0x70 CMakeFiles/slc_test.dir/default_config/Users/xinye/SimplicityStudio/SDKs/gecko_sdk_2/platform/emlib/src/em_usart.c.obj
                0x0000000000002bdc                USART_Reset
 .text.USART_InitSync
                0x0000000000002c4c       0xcc CMakeFiles/slc_test.dir/default_config/Users/xinye/SimplicityStudio/SDKs/gecko_sdk_2/platform/emlib/src/em_usart.c.obj
                0x0000000000002c4c                USART_InitSync
 .text.sl_device_init_dcdc
                0x0000000000002d18       0x20 CMakeFiles/slc_test.dir/default_config/Users/xinye/SimplicityStudio/SDKs/gecko_sdk_2/platform/service/device_init/src/sl_device_init_dcdc_s2.c.obj
                0x0000000000002d18                sl_device_init_dcdc
 .text.sl_device_init_emu
                0x0000000000002d38       0x24 CMakeFiles/slc_test.dir/default_config/Users/xinye/SimplicityStudio/SDKs/gecko_sdk_2/platform/service/device_init/src/sl_device_init_emu_s2.c.obj
                0x0000000000002d38                sl_device_init_emu
 .text.sl_device_init_hfxo
                0x0000000000002d5c       0x74 CMakeFiles/slc_test.dir/default_config/Users/xinye/SimplicityStudio/SDKs/gecko_sdk_2/platform/service/device_init/src/sl_device_init_hfxo_s2.c.obj
                0x0000000000002d5c                sl_device_init_hfxo
 .text.sl_device_init_lfxo
                0x0000000000002dd0       0x2c CMakeFiles/slc_test.dir/default_config/Users/xinye/SimplicityStudio/SDKs/gecko_sdk_2/platform/service/device_init/src/sl_device_init_lfxo_s2.c.obj
                0x0000000000002dd0                sl_device_init_lfxo
 .text.sl_device_init_nvic
                0x0000000000002dfc       0x3c CMakeFiles/slc_test.dir/default_config/Users/xinye/SimplicityStudio/SDKs/gecko_sdk_2/platform/service/device_init/src/sl_device_init_nvic.c.obj
                0x0000000000002dfc                sl_device_init_nvic
 .text.sl_iostream_set_default
                0x0000000000002e38       0x18 CMakeFiles/slc_test.dir/default_config/Users/xinye/SimplicityStudio/SDKs/gecko_sdk_2/platform/service/iostream/src/sl_iostream.c.obj
                0x0000000000002e38                sl_iostream_set_default
 .text.sl_iostream_get_default
                0x0000000000002e50       0x18 CMakeFiles/slc_test.dir/default_config/Users/xinye/SimplicityStudio/SDKs/gecko_sdk_2/platform/service/iostream/src/sl_iostream.c.obj
                0x0000000000002e50                sl_iostream_get_default
 .text.sl_iostream_eusart_init
                0x0000000000002e68      0x1e4 CMakeFiles/slc_test.dir/default_config/Users/xinye/SimplicityStudio/SDKs/gecko_sdk_2/platform/service/iostream/src/sl_iostream_eusart.c.obj
                0x0000000000002e68                sl_iostream_eusart_init
 .text._write   0x000000000000304c       0x20 CMakeFiles/slc_test.dir/default_config/Users/xinye/SimplicityStudio/SDKs/gecko_sdk_2/platform/service/iostream/src/sl_iostream_retarget_stdio.c.obj
                0x000000000000304c                _write
 .text.sl_iostream_stdlib_disable_buffering
                0x000000000000306c       0x14 CMakeFiles/slc_test.dir/default_config/Users/xinye/SimplicityStudio/SDKs/gecko_sdk_2/platform/service/iostream/src/sl_iostream_stdlib_config.c.obj
                0x000000000000306c                sl_iostream_stdlib_disable_buffering
 .text.get_write_ptr
                0x0000000000003080       0x40 CMakeFiles/slc_test.dir/default_config/Users/xinye/SimplicityStudio/SDKs/gecko_sdk_2/platform/service/iostream/src/sl_iostream_uart.c.obj
 .text.dma_irq_handler
                0x00000000000030c0       0x74 CMakeFiles/slc_test.dir/default_config/Users/xinye/SimplicityStudio/SDKs/gecko_sdk_2/platform/service/iostream/src/sl_iostream_uart.c.obj
 .text.uart_read
                0x0000000000003134      0x1f4 CMakeFiles/slc_test.dir/default_config/Users/xinye/SimplicityStudio/SDKs/gecko_sdk_2/platform/service/iostream/src/sl_iostream_uart.c.obj
 .text.uart_deinit
                0x0000000000003328       0x98 CMakeFiles/slc_test.dir/default_config/Users/xinye/SimplicityStudio/SDKs/gecko_sdk_2/platform/service/iostream/src/sl_iostream_uart.c.obj
 .text.uart_write
                0x00000000000033c0       0xc0 CMakeFiles/slc_test.dir/default_config/Users/xinye/SimplicityStudio/SDKs/gecko_sdk_2/platform/service/iostream/src/sl_iostream_uart.c.obj
 .text.sli_iostream_uart_context_init
                0x0000000000003480       0xf8 CMakeFiles/slc_test.dir/default_config/Users/xinye/SimplicityStudio/SDKs/gecko_sdk_2/platform/service/iostream/src/sl_iostream_uart.c.obj
                0x0000000000003480                sli_iostream_uart_context_init
 .text.delta_list_insert_timer
                0x0000000000003578       0x40 CMakeFiles/slc_test.dir/default_config/Users/xinye/SimplicityStudio/SDKs/gecko_sdk_2/platform/service/sleeptimer/src/sl_sleeptimer.c.obj
 .text.update_delta_list
                0x00000000000035b8       0x34 CMakeFiles/slc_test.dir/default_config/Users/xinye/SimplicityStudio/SDKs/gecko_sdk_2/platform/service/sleeptimer/src/sl_sleeptimer.c.obj
 .text.set_comparator_for_next_timer
                0x00000000000035ec       0x5c CMakeFiles/slc_test.dir/default_config/Users/xinye/SimplicityStudio/SDKs/gecko_sdk_2/platform/service/sleeptimer/src/sl_sleeptimer.c.obj
 .text.delta_list_remove_timer
                0x0000000000003648       0x38 CMakeFiles/slc_test.dir/default_config/Users/xinye/SimplicityStudio/SDKs/gecko_sdk_2/platform/service/sleeptimer/src/sl_sleeptimer.c.obj
 .text.sl_sleeptimer_init
                0x0000000000003680       0x74 CMakeFiles/slc_test.dir/default_config/Users/xinye/SimplicityStudio/SDKs/gecko_sdk_2/platform/service/sleeptimer/src/sl_sleeptimer.c.obj
                0x0000000000003680                sl_sleeptimer_init
 .text.sl_sleeptimer_stop_timer
                0x00000000000036f4       0x60 CMakeFiles/slc_test.dir/default_config/Users/xinye/SimplicityStudio/SDKs/gecko_sdk_2/platform/service/sleeptimer/src/sl_sleeptimer.c.obj
                0x00000000000036f4                sl_sleeptimer_stop_timer
 .text.process_timer_irq
                0x0000000000003754      0x150 CMakeFiles/slc_test.dir/default_config/Users/xinye/SimplicityStudio/SDKs/gecko_sdk_2/platform/service/sleeptimer/src/sl_sleeptimer.c.obj
                0x0000000000003754                process_timer_irq
 .text.sleeptimer_hal_init_timer
                0x00000000000038a4       0x88 CMakeFiles/slc_test.dir/default_config/Users/xinye/SimplicityStudio/SDKs/gecko_sdk_2/platform/service/sleeptimer/src/sl_sleeptimer_hal_rtcc.c.obj
                0x00000000000038a4                sleeptimer_hal_init_timer
 .text.sleeptimer_hal_set_compare
                0x000000000000392c       0x64 CMakeFiles/slc_test.dir/default_config/Users/xinye/SimplicityStudio/SDKs/gecko_sdk_2/platform/service/sleeptimer/src/sl_sleeptimer_hal_rtcc.c.obj
                0x000000000000392c                sleeptimer_hal_set_compare
 .text.sleeptimer_hal_disable_int
                0x0000000000003990       0x30 CMakeFiles/slc_test.dir/default_config/Users/xinye/SimplicityStudio/SDKs/gecko_sdk_2/platform/service/sleeptimer/src/sl_sleeptimer_hal_rtcc.c.obj
                0x0000000000003990                sleeptimer_hal_disable_int
 .text.sleeptimer_hal_set_int
                0x00000000000039c0       0x10 CMakeFiles/slc_test.dir/default_config/Users/xinye/SimplicityStudio/SDKs/gecko_sdk_2/platform/service/sleeptimer/src/sl_sleeptimer_hal_rtcc.c.obj
                0x00000000000039c0                sleeptimer_hal_set_int
 .text.RTCC_IRQHandler
                0x00000000000039d0       0x34 CMakeFiles/slc_test.dir/default_config/Users/xinye/SimplicityStudio/SDKs/gecko_sdk_2/platform/service/sleeptimer/src/sl_sleeptimer_hal_rtcc.c.obj
                0x00000000000039d0                RTCC_IRQHandler
 .text.sl_udelay_wait
                0x0000000000003a04       0x58 CMakeFiles/slc_test.dir/default_config/Users/xinye/SimplicityStudio/SDKs/gecko_sdk_2/platform/service/udelay/src/sl_udelay.c.obj
                0x0000000000003a04                sl_udelay_wait
 .text.ad5940int_handler
                0x0000000000003a5c       0x1c CMakeFiles/slc_test.dir/default_config/Users/xinye/SimplicityStudio/v5_workspace/test/app.c.obj
                0x0000000000003a5c                ad5940int_handler
 .text.ad5940int_init
                0x0000000000003a78       0x34 CMakeFiles/slc_test.dir/default_config/Users/xinye/SimplicityStudio/v5_workspace/test/app.c.obj
                0x0000000000003a78                ad5940int_init
 .text.sl_device_init_clocks
                0x0000000000003aac       0x9c CMakeFiles/slc_test.dir/default_config/Users/xinye/SimplicityStudio/v5_workspace/test/autogen/sl_device_init_clocks.c.obj
                0x0000000000003aac                sl_device_init_clocks
 .text.sl_platform_init
                0x0000000000003b48       0x58 CMakeFiles/slc_test.dir/default_config/Users/xinye/SimplicityStudio/v5_workspace/test/autogen/sl_event_handler.c.obj
                0x0000000000003b48                sl_platform_init
 .text.sl_iostream_eusart_init_vcom
                0x0000000000003ba0       0xcc CMakeFiles/slc_test.dir/default_config/Users/xinye/SimplicityStudio/v5_workspace/test/autogen/sl_iostream_init_eusart_instances.c.obj
                0x0000000000003ba0                sl_iostream_eusart_init_vcom
 .text.EUART0_RX_IRQHandler
                0x0000000000003c6c        0xc CMakeFiles/slc_test.dir/default_config/Users/xinye/SimplicityStudio/v5_workspace/test/autogen/sl_iostream_init_eusart_instances.c.obj
                0x0000000000003c6c                EUART0_RX_IRQHandler
 .text.sl_spidrv_init_instances
                0x0000000000003c78       0x14 CMakeFiles/slc_test.dir/default_config/Users/xinye/SimplicityStudio/v5_workspace/test/autogen/sl_spidrv_init.c.obj
                0x0000000000003c78                sl_spidrv_init_instances
 .text.spidrv_app_init
                0x0000000000003c8c       0x10 CMakeFiles/slc_test.dir/default_config/Users/xinye/SimplicityStudio/v5_workspace/test/spidrv_master_baremetal.c.obj
                0x0000000000003c8c                spidrv_app_init
 .text.transfer_callback
                0x0000000000003c9c       0x10 CMakeFiles/test.dir/default_config/Users/xinye/SimplicityStudio/v5_workspace/test/BGM220Port.c.obj
                0x0000000000003c9c                transfer_callback
 .text.AD5940_ReadWriteNBytes
                0x0000000000003cac       0x40 CMakeFiles/test.dir/default_config/Users/xinye/SimplicityStudio/v5_workspace/test/BGM220Port.c.obj
                0x0000000000003cac                AD5940_ReadWriteNBytes
 .text.AD5940_CsClr
                0x0000000000003cec        0xc CMakeFiles/test.dir/default_config/Users/xinye/SimplicityStudio/v5_workspace/test/BGM220Port.c.obj
                0x0000000000003cec                AD5940_CsClr
 .text.AD5940_CsSet
                0x0000000000003cf8        0xc CMakeFiles/test.dir/default_config/Users/xinye/SimplicityStudio/v5_workspace/test/BGM220Port.c.obj
                0x0000000000003cf8                AD5940_CsSet
 .text.AD5940_RstSet
                0x0000000000003d04        0xc CMakeFiles/test.dir/default_config/Users/xinye/SimplicityStudio/v5_workspace/test/BGM220Port.c.obj
                0x0000000000003d04                AD5940_RstSet
 .text.AD5940_RstClr
                0x0000000000003d10        0xc CMakeFiles/test.dir/default_config/Users/xinye/SimplicityStudio/v5_workspace/test/BGM220Port.c.obj
                0x0000000000003d10                AD5940_RstClr
 .text.AD5940_GetMCUIntFlag
                0x0000000000003d1c        0xc CMakeFiles/test.dir/default_config/Users/xinye/SimplicityStudio/v5_workspace/test/BGM220Port.c.obj
                0x0000000000003d1c                AD5940_GetMCUIntFlag
 .text.AD5940_ClrMCUIntFlag
                0x0000000000003d28       0x10 CMakeFiles/test.dir/default_config/Users/xinye/SimplicityStudio/v5_workspace/test/BGM220Port.c.obj
                0x0000000000003d28                AD5940_ClrMCUIntFlag
 .text.AD5940RampStructInit
                0x0000000000003d38       0x90 CMakeFiles/test.dir/default_config/Users/xinye/SimplicityStudio/v5_workspace/test/ad5940lib/AD5940Main.c.obj
                0x0000000000003d38                AD5940RampStructInit
 .text.AD5940_Main
                0x0000000000003dc8      0x138 CMakeFiles/test.dir/default_config/Users/xinye/SimplicityStudio/v5_workspace/test/ad5940lib/AD5940Main.c.obj
                0x0000000000003dc8                AD5940_Main
 .text.AppSWVDataProcess.isra.0
                0x0000000000003f00       0x48 CMakeFiles/test.dir/default_config/Users/xinye/SimplicityStudio/v5_workspace/test/ad5940lib/SqrWaveVoltammetry.c.obj
 .text.RampDacRegUpdate.isra.0
                0x0000000000003f48      0x170 CMakeFiles/test.dir/default_config/Users/xinye/SimplicityStudio/v5_workspace/test/ad5940lib/SqrWaveVoltammetry.c.obj
 .text.AppSWVSeqDACCtrlGen
                0x00000000000040b8      0x2ac CMakeFiles/test.dir/default_config/Users/xinye/SimplicityStudio/v5_workspace/test/ad5940lib/SqrWaveVoltammetry.c.obj
 .text.AppSWVGetCfg
                0x0000000000004364       0x14 CMakeFiles/test.dir/default_config/Users/xinye/SimplicityStudio/v5_workspace/test/ad5940lib/SqrWaveVoltammetry.c.obj
                0x0000000000004364                AppSWVGetCfg
 .text.AppSWVCtrl
                0x0000000000004378       0xe8 CMakeFiles/test.dir/default_config/Users/xinye/SimplicityStudio/v5_workspace/test/ad5940lib/SqrWaveVoltammetry.c.obj
                0x0000000000004378                AppSWVCtrl
 .text.AppSWVInit
                0x0000000000004460      0x3c0 CMakeFiles/test.dir/default_config/Users/xinye/SimplicityStudio/v5_workspace/test/ad5940lib/SqrWaveVoltammetry.c.obj
                0x0000000000004460                AppSWVInit
 .text.AppSWVISR
                0x0000000000004820       0xa8 CMakeFiles/test.dir/default_config/Users/xinye/SimplicityStudio/v5_workspace/test/ad5940lib/SqrWaveVoltammetry.c.obj
                0x0000000000004820                AppSWVISR
 .text.AD5940_SEQGenSearchReg
                0x00000000000048c8       0x30 CMakeFiles/test.dir/default_config/Users/xinye/SimplicityStudio/v5_workspace/test/ad5940lib/ad5940.c.obj
 .text.AD5940_SEQRegInfoInsert
                0x00000000000048f8       0x3c CMakeFiles/test.dir/default_config/Users/xinye/SimplicityStudio/v5_workspace/test/ad5940lib/ad5940.c.obj
 .text.AD5940_SEQGenInsert
                0x0000000000004934       0x2c CMakeFiles/test.dir/default_config/Users/xinye/SimplicityStudio/v5_workspace/test/ad5940lib/ad5940.c.obj
                0x0000000000004934                AD5940_SEQGenInsert
 .text.AD5940_SEQGenInit
                0x0000000000004960       0x28 CMakeFiles/test.dir/default_config/Users/xinye/SimplicityStudio/v5_workspace/test/ad5940lib/ad5940.c.obj
                0x0000000000004960                AD5940_SEQGenInit
 .text.AD5940_SEQGenFetchSeq
                0x0000000000004988       0x18 CMakeFiles/test.dir/default_config/Users/xinye/SimplicityStudio/v5_workspace/test/ad5940lib/ad5940.c.obj
                0x0000000000004988                AD5940_SEQGenFetchSeq
 .text.AD5940_SEQGenCtrl
                0x00000000000049a0       0x14 CMakeFiles/test.dir/default_config/Users/xinye/SimplicityStudio/v5_workspace/test/ad5940lib/ad5940.c.obj
                0x00000000000049a0                AD5940_SEQGenCtrl
 .text.AD5940_Notch50HzAvailable
                0x00000000000049b4       0xbc CMakeFiles/test.dir/default_config/Users/xinye/SimplicityStudio/v5_workspace/test/ad5940lib/ad5940.c.obj
                0x00000000000049b4                AD5940_Notch50HzAvailable
 .text.AD5940_Notch60HzAvailable
                0x0000000000004a70       0x94 CMakeFiles/test.dir/default_config/Users/xinye/SimplicityStudio/v5_workspace/test/ad5940lib/ad5940.c.obj
                0x0000000000004a70                AD5940_Notch60HzAvailable
 .text.AD5940_ClksCalculate
                0x0000000000004b04      0x18c CMakeFiles/test.dir/default_config/Users/xinye/SimplicityStudio/v5_workspace/test/ad5940lib/ad5940.c.obj
                0x0000000000004b04                AD5940_ClksCalculate
 .text.AD5940_ADCCode2Volt
                0x0000000000004c90       0x58 CMakeFiles/test.dir/default_config/Users/xinye/SimplicityStudio/v5_workspace/test/ad5940lib/ad5940.c.obj
                0x0000000000004c90                AD5940_ADCCode2Volt
 .text.AD5940_WriteReg
                0x0000000000004ce8       0xa4 CMakeFiles/test.dir/default_config/Users/xinye/SimplicityStudio/v5_workspace/test/ad5940lib/ad5940.c.obj
                0x0000000000004ce8                AD5940_WriteReg
 .text.AD5940_ReadReg
                0x0000000000004d8c       0x44 CMakeFiles/test.dir/default_config/Users/xinye/SimplicityStudio/v5_workspace/test/ad5940lib/ad5940.c.obj
                0x0000000000004d8c                AD5940_ReadReg
 .text.AD5940_Initialize
                0x0000000000004dd0       0xb0 CMakeFiles/test.dir/default_config/Users/xinye/SimplicityStudio/v5_workspace/test/ad5940lib/ad5940.c.obj
                0x0000000000004dd0                AD5940_Initialize
 .text.__AD5940_ReferenceON
                0x0000000000004e80       0x24 CMakeFiles/test.dir/default_config/Users/xinye/SimplicityStudio/v5_workspace/test/ad5940lib/ad5940.c.obj
 .text.__AD5940_SetDExRTIA
                0x0000000000004ea4       0x68 CMakeFiles/test.dir/default_config/Users/xinye/SimplicityStudio/v5_workspace/test/ad5940lib/ad5940.c.obj
                0x0000000000004ea4                __AD5940_SetDExRTIA
 .text.AD5940_WGFreqWordCal
                0x0000000000004f0c       0x58 CMakeFiles/test.dir/default_config/Users/xinye/SimplicityStudio/v5_workspace/test/ad5940lib/ad5940.c.obj
                0x0000000000004f0c                AD5940_WGFreqWordCal
 .text.__AD5940_TakeMeasurement
                0x0000000000004f64       0x50 CMakeFiles/test.dir/default_config/Users/xinye/SimplicityStudio/v5_workspace/test/ad5940lib/ad5940.c.obj
 .text.AD5940_ShutDownS
                0x0000000000004fb4       0x34 CMakeFiles/test.dir/default_config/Users/xinye/SimplicityStudio/v5_workspace/test/ad5940lib/ad5940.c.obj
                0x0000000000004fb4                AD5940_ShutDownS
 .text.AD5940_LPRtiaCal
                0x0000000000004fe8      0x5e0 CMakeFiles/test.dir/default_config/Users/xinye/SimplicityStudio/v5_workspace/test/ad5940lib/ad5940.c.obj
                0x0000000000004fe8                AD5940_LPRtiaCal
 .text.AD5940_LFOSCMeasure
                0x00000000000055c8      0x1a4 CMakeFiles/test.dir/default_config/Users/xinye/SimplicityStudio/v5_workspace/test/ad5940lib/ad5940.c.obj
                0x00000000000055c8                AD5940_LFOSCMeasure
 .text          0x000000000000576c      0x378 /Applications/Simplicity Studio.app/Contents/Eclipse/developer/toolchains/gnu_arm/12.2.rel1_2023.7/bin/../lib/gcc/arm-none-eabi/12.2.1/thumb/v8-m.main+fp/hard/libgcc.a(_arm_addsubdf3.o)
                0x000000000000576c                __aeabi_drsub
                0x0000000000005774                __subdf3
                0x0000000000005774                __aeabi_dsub
                0x0000000000005778                __aeabi_dadd
                0x0000000000005778                __adddf3
                0x00000000000059f0                __aeabi_ui2d
                0x00000000000059f0                __floatunsidf
                0x0000000000005a10                __floatsidf
                0x0000000000005a10                __aeabi_i2d
                0x0000000000005a34                __extendsfdf2
                0x0000000000005a34                __aeabi_f2d
                0x0000000000005a78                __aeabi_ul2d
                0x0000000000005a78                __floatundidf
                0x0000000000005a88                __aeabi_l2d
                0x0000000000005a88                __floatdidf
 .text          0x0000000000005ae4      0x424 /Applications/Simplicity Studio.app/Contents/Eclipse/developer/toolchains/gnu_arm/12.2.rel1_2023.7/bin/../lib/gcc/arm-none-eabi/12.2.1/thumb/v8-m.main+fp/hard/libgcc.a(_arm_muldivdf3.o)
                0x0000000000005ae4                __aeabi_dmul
                0x0000000000005ae4                __muldf3
                0x0000000000005d38                __aeabi_ddiv
                0x0000000000005d38                __divdf3
 .text          0x0000000000005f08      0x110 /Applications/Simplicity Studio.app/Contents/Eclipse/developer/toolchains/gnu_arm/12.2.rel1_2023.7/bin/../lib/gcc/arm-none-eabi/12.2.1/thumb/v8-m.main+fp/hard/libgcc.a(_arm_cmpdf2.o)
                0x0000000000005f08                __gedf2
                0x0000000000005f08                __gtdf2
                0x0000000000005f10                __ledf2
                0x0000000000005f10                __ltdf2
                0x0000000000005f18                __cmpdf2
                0x0000000000005f18                __eqdf2
                0x0000000000005f18                __nedf2
                0x0000000000005f94                __aeabi_cdrcmple
                0x0000000000005fa4                __aeabi_cdcmple
                0x0000000000005fa4                __aeabi_cdcmpeq
                0x0000000000005fb4                __aeabi_dcmpeq
                0x0000000000005fc8                __aeabi_dcmplt
                0x0000000000005fdc                __aeabi_dcmple
                0x0000000000005ff0                __aeabi_dcmpge
                0x0000000000006004                __aeabi_dcmpgt
 .text          0x0000000000006018       0xa0 /Applications/Simplicity Studio.app/Contents/Eclipse/developer/toolchains/gnu_arm/12.2.rel1_2023.7/bin/../lib/gcc/arm-none-eabi/12.2.1/thumb/v8-m.main+fp/hard/libgcc.a(_arm_truncdfsf2.o)
                0x0000000000006018                __aeabi_d2f
                0x0000000000006018                __truncdfsf2
 .text          0x00000000000060b8       0x30 /Applications/Simplicity Studio.app/Contents/Eclipse/developer/toolchains/gnu_arm/12.2.rel1_2023.7/bin/../lib/gcc/arm-none-eabi/12.2.1/thumb/v8-m.main+fp/hard/libgcc.a(_aeabi_uldivmod.o)
                0x00000000000060b8                __aeabi_uldivmod
 .text.__udivmoddi4
                0x00000000000060e8      0x2ec /Applications/Simplicity Studio.app/Contents/Eclipse/developer/toolchains/gnu_arm/12.2.rel1_2023.7/bin/../lib/gcc/arm-none-eabi/12.2.1/thumb/v8-m.main+fp/hard/libgcc.a(_udivmoddi4.o)
                0x00000000000060e8                __udivmoddi4
 .text          0x00000000000063d4        0x4 /Applications/Simplicity Studio.app/Contents/Eclipse/developer/toolchains/gnu_arm/12.2.rel1_2023.7/bin/../lib/gcc/arm-none-eabi/12.2.1/thumb/v8-m.main+fp/hard/libgcc.a(_dvmd_tls.o)
                0x00000000000063d4                __aeabi_ldiv0
                0x00000000000063d4                __aeabi_idiv0
 .text.exit     0x00000000000063d8       0x24 /Applications/Simplicity Studio.app/Contents/Eclipse/developer/toolchains/gnu_arm/12.2.rel1_2023.7/bin/../lib/gcc/arm-none-eabi/12.2.1/../../../../arm-none-eabi/lib/thumb/v8-m.main+fp/hard/libc_nano.a(libc_a-exit.o)
                0x00000000000063d8                exit
 .text.setvbuf  0x00000000000063fc      0x168 /Applications/Simplicity Studio.app/Contents/Eclipse/developer/toolchains/gnu_arm/12.2.rel1_2023.7/bin/../lib/gcc/arm-none-eabi/12.2.1/../../../../arm-none-eabi/lib/thumb/v8-m.main+fp/hard/libc_nano.a(libc_a-setvbuf.o)
                0x00000000000063fc                setvbuf
 .text.std      0x0000000000006564       0x6c /Applications/Simplicity Studio.app/Contents/Eclipse/developer/toolchains/gnu_arm/12.2.rel1_2023.7/bin/../lib/gcc/arm-none-eabi/12.2.1/../../../../arm-none-eabi/lib/thumb/v8-m.main+fp/hard/libc_nano.a(libc_a-findfp.o)
 .text.stdio_exit_handler
                0x00000000000065d0       0x18 /Applications/Simplicity Studio.app/Contents/Eclipse/developer/toolchains/gnu_arm/12.2.rel1_2023.7/bin/../lib/gcc/arm-none-eabi/12.2.1/../../../../arm-none-eabi/lib/thumb/v8-m.main+fp/hard/libc_nano.a(libc_a-findfp.o)
 .text.cleanup_stdio
                0x00000000000065e8       0x40 /Applications/Simplicity Studio.app/Contents/Eclipse/developer/toolchains/gnu_arm/12.2.rel1_2023.7/bin/../lib/gcc/arm-none-eabi/12.2.1/../../../../arm-none-eabi/lib/thumb/v8-m.main+fp/hard/libc_nano.a(libc_a-findfp.o)
 .text.global_stdio_init.part.0
                0x0000000000006628       0x3c /Applications/Simplicity Studio.app/Contents/Eclipse/developer/toolchains/gnu_arm/12.2.rel1_2023.7/bin/../lib/gcc/arm-none-eabi/12.2.1/../../../../arm-none-eabi/lib/thumb/v8-m.main+fp/hard/libc_nano.a(libc_a-findfp.o)
 .text.__sfp_lock_acquire
                0x0000000000006664        0xc /Applications/Simplicity Studio.app/Contents/Eclipse/developer/toolchains/gnu_arm/12.2.rel1_2023.7/bin/../lib/gcc/arm-none-eabi/12.2.1/../../../../arm-none-eabi/lib/thumb/v8-m.main+fp/hard/libc_nano.a(libc_a-findfp.o)
                0x0000000000006664                __sfp_lock_acquire
 .text.__sfp_lock_release
                0x0000000000006670        0xc /Applications/Simplicity Studio.app/Contents/Eclipse/developer/toolchains/gnu_arm/12.2.rel1_2023.7/bin/../lib/gcc/arm-none-eabi/12.2.1/../../../../arm-none-eabi/lib/thumb/v8-m.main+fp/hard/libc_nano.a(libc_a-findfp.o)
                0x0000000000006670                __sfp_lock_release
 .text.__sinit  0x000000000000667c       0x30 /Applications/Simplicity Studio.app/Contents/Eclipse/developer/toolchains/gnu_arm/12.2.rel1_2023.7/bin/../lib/gcc/arm-none-eabi/12.2.1/../../../../arm-none-eabi/lib/thumb/v8-m.main+fp/hard/libc_nano.a(libc_a-findfp.o)
                0x000000000000667c                __sinit
 .text.printf   0x00000000000066ac       0x24 /Applications/Simplicity Studio.app/Contents/Eclipse/developer/toolchains/gnu_arm/12.2.rel1_2023.7/bin/../lib/gcc/arm-none-eabi/12.2.1/../../../../arm-none-eabi/lib/thumb/v8-m.main+fp/hard/libc_nano.a(libc_a-printf.o)
                0x00000000000066ac                printf
                0x00000000000066ac                iprintf
 .text.puts     0x00000000000066d0       0x10 /Applications/Simplicity Studio.app/Contents/Eclipse/developer/toolchains/gnu_arm/12.2.rel1_2023.7/bin/../lib/gcc/arm-none-eabi/12.2.1/../../../../arm-none-eabi/lib/thumb/v8-m.main+fp/hard/libc_nano.a(libc_a-puts.o)
                0x00000000000066d0                puts
 .text._fstat_r
                0x00000000000066e0       0x24 /Applications/Simplicity Studio.app/Contents/Eclipse/developer/toolchains/gnu_arm/12.2.rel1_2023.7/bin/../lib/gcc/arm-none-eabi/12.2.1/../../../../arm-none-eabi/lib/thumb/v8-m.main+fp/hard/libc_nano.a(libc_a-fstatr.o)
                0x00000000000066e0                _fstat_r
 .text._isatty_r
                0x0000000000006704       0x20 /Applications/Simplicity Studio.app/Contents/Eclipse/developer/toolchains/gnu_arm/12.2.rel1_2023.7/bin/../lib/gcc/arm-none-eabi/12.2.1/../../../../arm-none-eabi/lib/thumb/v8-m.main+fp/hard/libc_nano.a(libc_a-isattyr.o)
                0x0000000000006704                _isatty_r
 .text.__libc_init_array
                0x0000000000006724       0x48 /Applications/Simplicity Studio.app/Contents/Eclipse/developer/toolchains/gnu_arm/12.2.rel1_2023.7/bin/../lib/gcc/arm-none-eabi/12.2.1/../../../../arm-none-eabi/lib/thumb/v8-m.main+fp/hard/libc_nano.a(libc_a-init.o)
                0x0000000000006724                __libc_init_array
 .text._free_r  0x000000000000676c       0x94 /Applications/Simplicity Studio.app/Contents/Eclipse/developer/toolchains/gnu_arm/12.2.rel1_2023.7/bin/../lib/gcc/arm-none-eabi/12.2.1/../../../../arm-none-eabi/lib/thumb/v8-m.main+fp/hard/libc_nano.a(libc_a-freer.o)
                0x000000000000676c                _free_r
 .text._vfprintf_r
                0x0000000000006800      0x230 /Applications/Simplicity Studio.app/Contents/Eclipse/developer/toolchains/gnu_arm/12.2.rel1_2023.7/bin/../lib/gcc/arm-none-eabi/12.2.1/../../../../arm-none-eabi/lib/thumb/v8-m.main+fp/hard/libc_nano.a(libc_a-nano-vfprintf.o)
                0x0000000000006800                _vfiprintf_r
                0x0000000000006800                _vfprintf_r
 .text.malloc   0x0000000000006a30       0x10 /Applications/Simplicity Studio.app/Contents/Eclipse/developer/toolchains/gnu_arm/12.2.rel1_2023.7/bin/../lib/gcc/arm-none-eabi/12.2.1/../../../../arm-none-eabi/lib/thumb/v8-m.main+fp/hard/libc_nano.a(libc_a-malloc.o)
                0x0000000000006a30                malloc
 .text.sbrk_aligned
                0x0000000000006a40       0x44 /Applications/Simplicity Studio.app/Contents/Eclipse/developer/toolchains/gnu_arm/12.2.rel1_2023.7/bin/../lib/gcc/arm-none-eabi/12.2.1/../../../../arm-none-eabi/lib/thumb/v8-m.main+fp/hard/libc_nano.a(libc_a-mallocr.o)
 .text._malloc_r
                0x0000000000006a84       0xf0 /Applications/Simplicity Studio.app/Contents/Eclipse/developer/toolchains/gnu_arm/12.2.rel1_2023.7/bin/../lib/gcc/arm-none-eabi/12.2.1/../../../../arm-none-eabi/lib/thumb/v8-m.main+fp/hard/libc_nano.a(libc_a-mallocr.o)
                0x0000000000006a84                _malloc_r
 .text._printf_i
                0x0000000000006b74      0x258 /Applications/Simplicity Studio.app/Contents/Eclipse/developer/toolchains/gnu_arm/12.2.rel1_2023.7/bin/../lib/gcc/arm-none-eabi/12.2.1/../../../../arm-none-eabi/lib/thumb/v8-m.main+fp/hard/libc_nano.a(libc_a-nano-vfprintf_i.o)
                0x0000000000006b74                _printf_i
 .text.__malloc_lock
                0x0000000000006dcc        0xc /Applications/Simplicity Studio.app/Contents/Eclipse/developer/toolchains/gnu_arm/12.2.rel1_2023.7/bin/../lib/gcc/arm-none-eabi/12.2.1/../../../../arm-none-eabi/lib/thumb/v8-m.main+fp/hard/libc_nano.a(libc_a-mlock.o)
                0x0000000000006dcc                __malloc_lock
 .text.__malloc_unlock
                0x0000000000006dd8        0xc /Applications/Simplicity Studio.app/Contents/Eclipse/developer/toolchains/gnu_arm/12.2.rel1_2023.7/bin/../lib/gcc/arm-none-eabi/12.2.1/../../../../arm-none-eabi/lib/thumb/v8-m.main+fp/hard/libc_nano.a(libc_a-mlock.o)
                0x0000000000006dd8                __malloc_unlock
 .text.__swsetup_r
                0x0000000000006de4       0xac /Applications/Simplicity Studio.app/Contents/Eclipse/developer/toolchains/gnu_arm/12.2.rel1_2023.7/bin/../lib/gcc/arm-none-eabi/12.2.1/../../../../arm-none-eabi/lib/thumb/v8-m.main+fp/hard/libc_nano.a(libc_a-wsetup.o)
                0x0000000000006de4                __swsetup_r
 .text._close_r
                0x0000000000006e90       0x20 /Applications/Simplicity Studio.app/Contents/Eclipse/developer/toolchains/gnu_arm/12.2.rel1_2023.7/bin/../lib/gcc/arm-none-eabi/12.2.1/../../../../arm-none-eabi/lib/thumb/v8-m.main+fp/hard/libc_nano.a(libc_a-closer.o)
                0x0000000000006e90                _close_r
 .text._lseek_r
                0x0000000000006eb0       0x24 /Applications/Simplicity Studio.app/Contents/Eclipse/developer/toolchains/gnu_arm/12.2.rel1_2023.7/bin/../lib/gcc/arm-none-eabi/12.2.1/../../../../arm-none-eabi/lib/thumb/v8-m.main+fp/hard/libc_nano.a(libc_a-lseekr.o)
                0x0000000000006eb0                _lseek_r
 .text._read_r  0x0000000000006ed4       0x24 /Applications/Simplicity Studio.app/Contents/Eclipse/developer/toolchains/gnu_arm/12.2.rel1_2023.7/bin/../lib/gcc/arm-none-eabi/12.2.1/../../../../arm-none-eabi/lib/thumb/v8-m.main+fp/hard/libc_nano.a(libc_a-readr.o)
                0x0000000000006ed4                _read_r
 .text._sbrk_r  0x0000000000006ef8       0x20 /Applications/Simplicity Studio.app/Contents/Eclipse/developer/toolchains/gnu_arm/12.2.rel1_2023.7/bin/../lib/gcc/arm-none-eabi/12.2.1/../../../../arm-none-eabi/lib/thumb/v8-m.main+fp/hard/libc_nano.a(libc_a-sbrkr.o)
                0x0000000000006ef8                _sbrk_r
 .text._write_r
                0x0000000000006f18       0x24 /Applications/Simplicity Studio.app/Contents/Eclipse/developer/toolchains/gnu_arm/12.2.rel1_2023.7/bin/../lib/gcc/arm-none-eabi/12.2.1/../../../../arm-none-eabi/lib/thumb/v8-m.main+fp/hard/libc_nano.a(libc_a-writer.o)
                0x0000000000006f18                _write_r
 .text.atan2    0x0000000000006f3c        0x4 /Applications/Simplicity Studio.app/Contents/Eclipse/developer/toolchains/gnu_arm/12.2.rel1_2023.7/bin/../lib/gcc/arm-none-eabi/12.2.1/../../../../arm-none-eabi/lib/thumb/v8-m.main+fp/hard/libm.a(libm_a-w_atan2.o)
                0x0000000000006f3c                atan2
 .text.sqrt     0x0000000000006f40       0x68 /Applications/Simplicity Studio.app/Contents/Eclipse/developer/toolchains/gnu_arm/12.2.rel1_2023.7/bin/../lib/gcc/arm-none-eabi/12.2.1/../../../../arm-none-eabi/lib/thumb/v8-m.main+fp/hard/libm.a(libm_a-w_sqrt.o)
                0x0000000000006f40                sqrt
 .text.fabs     0x0000000000006fa8       0x10 /Applications/Simplicity Studio.app/Contents/Eclipse/developer/toolchains/gnu_arm/12.2.rel1_2023.7/bin/../lib/gcc/arm-none-eabi/12.2.1/../../../../arm-none-eabi/lib/thumb/v8-m.main+fp/hard/libm.a(libm_a-s_fabs.o)
                0x0000000000006fa8                fabs
 .text.__ieee754_sqrt
                0x0000000000006fb8      0x1f4 /Applications/Simplicity Studio.app/Contents/Eclipse/developer/toolchains/gnu_arm/12.2.rel1_2023.7/bin/../lib/gcc/arm-none-eabi/12.2.1/../../../../arm-none-eabi/lib/thumb/v8-m.main+fp/hard/libm.a(libm_a-e_sqrt.o)
                0x0000000000006fb8                __ieee754_sqrt
 .text          0x00000000000071ac       0x2c /Applications/Simplicity Studio.app/Contents/Eclipse/developer/toolchains/gnu_arm/12.2.rel1_2023.7/bin/../lib/gcc/arm-none-eabi/12.2.1/thumb/v8-m.main+fp/hard/libgcc.a(_arm_unorddf2.o)
                0x00000000000071ac                __aeabi_dcmpun
                0x00000000000071ac                __unorddf2
 .text.__errno  0x00000000000071d8        0xc /Applications/Simplicity Studio.app/Contents/Eclipse/developer/toolchains/gnu_arm/12.2.rel1_2023.7/bin/../lib/gcc/arm-none-eabi/12.2.1/../../../../arm-none-eabi/lib/thumb/v8-m.main+fp/hard/libc_nano.a(libc_a-errno.o)
                0x00000000000071d8                __errno
 .text.sl_board_enable_vcom
                0x00000000000071e4       0x12 CMakeFiles/slc_test.dir/default_config/Users/xinye/SimplicityStudio/SDKs/gecko_sdk_2/hardware/board/src/sl_board_control_gpio.c.obj
                0x00000000000071e4                sl_board_enable_vcom
 .text.sl_board_configure_vcom
                0x00000000000071f6        0x4 CMakeFiles/slc_test.dir/default_config/Users/xinye/SimplicityStudio/SDKs/gecko_sdk_2/hardware/board/src/sl_board_control_gpio.c.obj
                0x00000000000071f6                sl_board_configure_vcom
 .text.sl_board_disable_vcom
                0x00000000000071fa       0x12 CMakeFiles/slc_test.dir/default_config/Users/xinye/SimplicityStudio/SDKs/gecko_sdk_2/hardware/board/src/sl_board_control_gpio.c.obj
                0x00000000000071fa                sl_board_disable_vcom
 .text.sl_board_init
                0x000000000000720c       0x16 CMakeFiles/slc_test.dir/default_config/Users/xinye/SimplicityStudio/SDKs/gecko_sdk_2/hardware/board/src/sl_board_init.c.obj
                0x000000000000720c                sl_board_init
 .text.sl_board_preinit
                0x0000000000007222        0x8 CMakeFiles/slc_test.dir/default_config/Users/xinye/SimplicityStudio/SDKs/gecko_sdk_2/hardware/board/src/sl_board_init.c.obj
                0x0000000000007222                sl_board_preinit
 .text.sli_cos_swo_itm_8_write.constprop.0.isra.0
                0x000000000000722a       0x78 CMakeFiles/slc_test.dir/default_config/Users/xinye/SimplicityStudio/SDKs/gecko_sdk_2/hardware/driver/configuration_over_swo/src/sl_cos.c.obj
 .text.sl_cos_send_config
                0x00000000000072a2       0x12 CMakeFiles/slc_test.dir/default_config/Users/xinye/SimplicityStudio/SDKs/gecko_sdk_2/hardware/driver/configuration_over_swo/src/sl_cos.c.obj
                0x00000000000072a2                sl_cos_send_config
 .text.sl_cos_config_vcom
                0x00000000000072b4       0x1e CMakeFiles/slc_test.dir/default_config/Users/xinye/SimplicityStudio/SDKs/gecko_sdk_2/hardware/driver/configuration_over_swo/src/sl_cos.c.obj
                0x00000000000072b4                sl_cos_config_vcom
 .text.assertEFM
                0x00000000000072d2        0x2 CMakeFiles/slc_test.dir/default_config/Users/xinye/SimplicityStudio/SDKs/gecko_sdk_2/platform/common/src/sl_assert.c.obj
                0x00000000000072d2                assertEFM
 .text.Default_Handler
                0x00000000000072d4        0x2 CMakeFiles/slc_test.dir/default_config/Users/xinye/SimplicityStudio/SDKs/gecko_sdk_2/platform/Device/SiliconLabs/BGM22/Source/startup_bgm22.c.obj
                0x00000000000072d4                TRNG_IRQHandler
                0x00000000000072d4                SW2_IRQHandler
                0x00000000000072d4                TIMER2_IRQHandler
                0x00000000000072d4                DebugMon_Handler
                0x00000000000072d4                PKE_IRQHandler
                0x00000000000072d4                USART0_TX_IRQHandler
                0x00000000000072d4                PRORTC_IRQHandler
                0x00000000000072d4                IADC_IRQHandler
                0x00000000000072d4                I2C0_IRQHandler
                0x00000000000072d4                LFXO_IRQHandler
                0x00000000000072d4                CRYPTOACC_IRQHandler
                0x00000000000072d4                HardFault_Handler
                0x00000000000072d4                SMU_SECURE_IRQHandler
                0x00000000000072d4                SysTick_Handler
                0x00000000000072d4                USART1_RX_IRQHandler
                0x00000000000072d4                EMUEFP_IRQHandler
                0x00000000000072d4                PendSV_Handler
                0x00000000000072d4                NMI_Handler
                0x00000000000072d4                SYNTH_IRQHandler
                0x00000000000072d4                HFXO0_IRQHandler
                0x00000000000072d4                I2C1_IRQHandler
                0x00000000000072d4                PDM_IRQHandler
                0x00000000000072d4                WDOG0_IRQHandler
                0x00000000000072d4                TIMER3_IRQHandler
                0x00000000000072d4                SYSCFG_IRQHandler
                0x00000000000072d4                EMUSE_IRQHandler
                0x00000000000072d4                EMUDG_IRQHandler
                0x00000000000072d4                USART1_TX_IRQHandler
                0x00000000000072d4                MSC_IRQHandler
                0x00000000000072d4                DPLL0_IRQHandler
                0x00000000000072d4                UsageFault_Handler
                0x00000000000072d4                M33CTI1_IRQHandler
                0x00000000000072d4                TIMER4_IRQHandler
                0x00000000000072d4                SW0_IRQHandler
                0x00000000000072d4                TIMER0_IRQHandler
                0x00000000000072d4                LETIMER0_IRQHandler
                0x00000000000072d4                TIMER1_IRQHandler
                0x00000000000072d4                HFRCO0_IRQHandler
                0x00000000000072d4                RFSENSE_IRQHandler
                0x00000000000072d4                SecureFault_Handler
                0x00000000000072d4                BUFC_IRQHandler
                0x00000000000072d4                DCDC_IRQHandler
                0x00000000000072d4                MODEM_IRQHandler
                0x00000000000072d4                Default_Handler
                0x00000000000072d4                RAC_SEQ_IRQHandler
                0x00000000000072d4                FRC_PRI_IRQHandler
                0x00000000000072d4                EMU_IRQHandler
                0x00000000000072d4                SW3_IRQHandler
                0x00000000000072d4                KERNEL0_IRQHandler
                0x00000000000072d4                FRC_IRQHandler
                0x00000000000072d4                KERNEL1_IRQHandler
                0x00000000000072d4                AGC_IRQHandler
                0x00000000000072d4                sl_app_properties
                0x00000000000072d4                BURTC_IRQHandler
                0x00000000000072d4                LFRCO_IRQHandler
                0x00000000000072d4                USART0_RX_IRQHandler
                0x00000000000072d4                MemManage_Handler
                0x00000000000072d4                RDMAILBOX_IRQHandler
                0x00000000000072d4                SVC_Handler
                0x00000000000072d4                SMU_S_PRIVILEGED_IRQHandler
                0x00000000000072d4                SW1_IRQHandler
                0x00000000000072d4                CMU_IRQHandler
                0x00000000000072d4                RAC_RSM_IRQHandler
                0x00000000000072d4                AES_IRQHandler
                0x00000000000072d4                M33CTI0_IRQHandler
                0x00000000000072d4                ICACHE0_IRQHandler
                0x00000000000072d4                SMU_NS_PRIVILEGED_IRQHandler
                0x00000000000072d4                PROTIMER_IRQHandler
                0x00000000000072d4                BusFault_Handler
                0x00000000000072d4                ULFRCO_IRQHandler
 .text.FlashToRamCopy
                0x00000000000072d6       0x16 CMakeFiles/slc_test.dir/default_config/Users/xinye/SimplicityStudio/SDKs/gecko_sdk_2/platform/Device/SiliconLabs/BGM22/Source/system_bgm22.c.obj
                0x00000000000072d6                FlashToRamCopy
 .text.SystemCLKIN0Get
                0x00000000000072ec        0x4 CMakeFiles/slc_test.dir/default_config/Users/xinye/SimplicityStudio/SDKs/gecko_sdk_2/platform/Device/SiliconLabs/BGM22/Source/system_bgm22.c.obj
                0x00000000000072ec                SystemCLKIN0Get
 .text.SystemLFRCOClockGet
                0x00000000000072f0        0x6 CMakeFiles/slc_test.dir/default_config/Users/xinye/SimplicityStudio/SDKs/gecko_sdk_2/platform/Device/SiliconLabs/BGM22/Source/system_bgm22.c.obj
                0x00000000000072f0                SystemLFRCOClockGet
 .text.SystemULFRCOClockGet
                0x00000000000072f6        0x6 CMakeFiles/slc_test.dir/default_config/Users/xinye/SimplicityStudio/SDKs/gecko_sdk_2/platform/Device/SiliconLabs/BGM22/Source/system_bgm22.c.obj
                0x00000000000072f6                SystemULFRCOClockGet
 .text.sl_debug_swo_enable_itm
                0x00000000000072fc       0x16 CMakeFiles/slc_test.dir/default_config/Users/xinye/SimplicityStudio/SDKs/gecko_sdk_2/platform/driver/debug/src/sl_debug_swo.c.obj
                0x00000000000072fc                sl_debug_swo_enable_itm
 .text.sl_debug_swo_disable_itm
                0x0000000000007312       0x18 CMakeFiles/slc_test.dir/default_config/Users/xinye/SimplicityStudio/SDKs/gecko_sdk_2/platform/driver/debug/src/sl_debug_swo.c.obj
                0x0000000000007312                sl_debug_swo_disable_itm
 .text.DMADRV_MemoryPeripheral
                0x000000000000732a       0x34 CMakeFiles/slc_test.dir/default_config/Users/xinye/SimplicityStudio/SDKs/gecko_sdk_2/platform/emdrv/dmadrv/src/dmadrv.c.obj
                0x000000000000732a                DMADRV_MemoryPeripheral
 .text.DMADRV_PeripheralMemory
                0x000000000000735e       0x34 CMakeFiles/slc_test.dir/default_config/Users/xinye/SimplicityStudio/SDKs/gecko_sdk_2/platform/emdrv/dmadrv/src/dmadrv.c.obj
                0x000000000000735e                DMADRV_PeripheralMemory
 .text.waitStateMax
                0x0000000000007392       0x10 CMakeFiles/slc_test.dir/default_config/Users/xinye/SimplicityStudio/SDKs/gecko_sdk_2/platform/emlib/src/em_cmu.c.obj
 .text.CMU_UpdateWaitStates
                0x00000000000073a2        0xc CMakeFiles/slc_test.dir/default_config/Users/xinye/SimplicityStudio/SDKs/gecko_sdk_2/platform/emlib/src/em_cmu.c.obj
                0x00000000000073a2                CMU_UpdateWaitStates
 .text.pclkDivMax
                0x00000000000073ae        0xa CMakeFiles/slc_test.dir/default_config/Users/xinye/SimplicityStudio/SDKs/gecko_sdk_2/platform/emlib/src/em_cmu.c.obj
 .text.sli_em_cmu_SYSCLKInitPostClockSelect
                0x00000000000073b8       0x2a CMakeFiles/slc_test.dir/default_config/Users/xinye/SimplicityStudio/SDKs/gecko_sdk_2/platform/emlib/src/em_cmu.c.obj
                0x00000000000073b8                sli_em_cmu_SYSCLKInitPostClockSelect
 .text.CORE_EnterCritical
                0x00000000000073e2        0x8 CMakeFiles/slc_test.dir/default_config/Users/xinye/SimplicityStudio/SDKs/gecko_sdk_2/platform/emlib/src/em_core.c.obj
                0x00000000000073e2                CORE_EnterCritical
 .text.CORE_ExitCritical
                0x00000000000073ea        0x6 CMakeFiles/slc_test.dir/default_config/Users/xinye/SimplicityStudio/SDKs/gecko_sdk_2/platform/emlib/src/em_core.c.obj
                0x00000000000073ea                CORE_ExitCritical
 .text.CORE_EnterAtomic
                0x00000000000073f0        0xc CMakeFiles/slc_test.dir/default_config/Users/xinye/SimplicityStudio/SDKs/gecko_sdk_2/platform/emlib/src/em_core.c.obj
                0x00000000000073f0                CORE_EnterAtomic
 .text.CORE_ExitAtomic
                0x00000000000073fc        0x6 CMakeFiles/slc_test.dir/default_config/Users/xinye/SimplicityStudio/SDKs/gecko_sdk_2/platform/emlib/src/em_core.c.obj
                0x00000000000073fc                CORE_ExitAtomic
 .text.EMU_EFPEM01VScale
                0x0000000000007402        0x2 CMakeFiles/slc_test.dir/default_config/Users/xinye/SimplicityStudio/SDKs/gecko_sdk_2/platform/emlib/src/em_emu.c.obj
                0x0000000000007402                EMU_EFPEM01VScale
 .text.EMU_DCDCUpdatedHook
                0x0000000000007404        0x2 CMakeFiles/slc_test.dir/default_config/Users/xinye/SimplicityStudio/SDKs/gecko_sdk_2/platform/emlib/src/em_emu.c.obj
                0x0000000000007404                EMU_DCDCUpdatedHook
 .text.eusart_sync
                0x0000000000007406        0x8 CMakeFiles/slc_test.dir/default_config/Users/xinye/SimplicityStudio/SDKs/gecko_sdk_2/platform/emlib/src/em_eusart.c.obj
 .text.EUSART_Disable
                0x000000000000740e       0x3a CMakeFiles/slc_test.dir/default_config/Users/xinye/SimplicityStudio/SDKs/gecko_sdk_2/platform/emlib/src/em_eusart.c.obj
 .text.EUSART_Tx
                0x0000000000007448        0xa CMakeFiles/slc_test.dir/default_config/Users/xinye/SimplicityStudio/SDKs/gecko_sdk_2/platform/emlib/src/em_eusart.c.obj
                0x0000000000007448                EUSART_Tx
 .text.BUS_RegMaskedWrite
                0x0000000000007452       0x1e CMakeFiles/slc_test.dir/default_config/Users/xinye/SimplicityStudio/SDKs/gecko_sdk_2/platform/emlib/src/em_gpio.c.obj
 .text.GPIO_DbgLocationSet
                0x0000000000007470        0x2 CMakeFiles/slc_test.dir/default_config/Users/xinye/SimplicityStudio/SDKs/gecko_sdk_2/platform/emlib/src/em_gpio.c.obj
                0x0000000000007470                GPIO_DbgLocationSet
 .text.RTCC_SyncWait
                0x0000000000007472       0x10 CMakeFiles/slc_test.dir/default_config/Users/xinye/SimplicityStudio/SDKs/gecko_sdk_2/platform/emlib/src/em_rtcc.c.obj
 .text.USART_SpiTransfer
                0x0000000000007482       0x14 CMakeFiles/slc_test.dir/default_config/Users/xinye/SimplicityStudio/SDKs/gecko_sdk_2/platform/emlib/src/em_usart.c.obj
                0x0000000000007482                USART_SpiTransfer
 .text.sl_iostream_write
                0x0000000000007496       0x22 CMakeFiles/slc_test.dir/default_config/Users/xinye/SimplicityStudio/SDKs/gecko_sdk_2/platform/service/iostream/src/sl_iostream.c.obj
                0x0000000000007496                sl_iostream_write
 .text.sl_iostream_read
                0x00000000000074b8       0x30 CMakeFiles/slc_test.dir/default_config/Users/xinye/SimplicityStudio/SDKs/gecko_sdk_2/platform/service/iostream/src/sl_iostream.c.obj
                0x00000000000074b8                sl_iostream_read
 .text.eusart_deinit
                0x00000000000074e8       0x70 CMakeFiles/slc_test.dir/default_config/Users/xinye/SimplicityStudio/SDKs/gecko_sdk_2/platform/service/iostream/src/sl_iostream_eusart.c.obj
 .text.eusart_set_next_byte_detect
                0x0000000000007558       0x30 CMakeFiles/slc_test.dir/default_config/Users/xinye/SimplicityStudio/SDKs/gecko_sdk_2/platform/service/iostream/src/sl_iostream_eusart.c.obj
 .text.eusart_tx
                0x0000000000007588        0xc CMakeFiles/slc_test.dir/default_config/Users/xinye/SimplicityStudio/SDKs/gecko_sdk_2/platform/service/iostream/src/sl_iostream_eusart.c.obj
 .text.sl_iostream_eusart_irq_handler
                0x0000000000007594       0x72 CMakeFiles/slc_test.dir/default_config/Users/xinye/SimplicityStudio/SDKs/gecko_sdk_2/platform/service/iostream/src/sl_iostream_eusart.c.obj
                0x0000000000007594                sl_iostream_eusart_irq_handler
 .text._close   0x0000000000007606        0x4 CMakeFiles/slc_test.dir/default_config/Users/xinye/SimplicityStudio/SDKs/gecko_sdk_2/platform/service/iostream/src/sl_iostream_retarget_stdio.c.obj
                0x0000000000007606                _close
 .text._exit    0x000000000000760a        0x2 CMakeFiles/slc_test.dir/default_config/Users/xinye/SimplicityStudio/SDKs/gecko_sdk_2/platform/service/iostream/src/sl_iostream_retarget_stdio.c.obj
                0x000000000000760a                _exit
 .text._fstat   0x000000000000760c        0xa CMakeFiles/slc_test.dir/default_config/Users/xinye/SimplicityStudio/SDKs/gecko_sdk_2/platform/service/iostream/src/sl_iostream_retarget_stdio.c.obj
                0x000000000000760c                _fstat
 .text._isatty  0x0000000000007616        0x4 CMakeFiles/slc_test.dir/default_config/Users/xinye/SimplicityStudio/SDKs/gecko_sdk_2/platform/service/iostream/src/sl_iostream_retarget_stdio.c.obj
                0x0000000000007616                _isatty
 .text._lseek   0x000000000000761a        0x4 CMakeFiles/slc_test.dir/default_config/Users/xinye/SimplicityStudio/SDKs/gecko_sdk_2/platform/service/iostream/src/sl_iostream_retarget_stdio.c.obj
                0x000000000000761a                _lseek
 .text._read    0x000000000000761e       0x1c CMakeFiles/slc_test.dir/default_config/Users/xinye/SimplicityStudio/SDKs/gecko_sdk_2/platform/service/iostream/src/sl_iostream_retarget_stdio.c.obj
                0x000000000000761e                _read
 .text.set_auto_cr_lf
                0x000000000000763a        0x6 CMakeFiles/slc_test.dir/default_config/Users/xinye/SimplicityStudio/SDKs/gecko_sdk_2/platform/service/iostream/src/sl_iostream_uart.c.obj
 .text.get_auto_cr_lf
                0x0000000000007640        0x6 CMakeFiles/slc_test.dir/default_config/Users/xinye/SimplicityStudio/SDKs/gecko_sdk_2/platform/service/iostream/src/sl_iostream_uart.c.obj
 .text.CMU_PrescToLog2.constprop.0
                0x0000000000007646        0x4 CMakeFiles/slc_test.dir/default_config/Users/xinye/SimplicityStudio/SDKs/gecko_sdk_2/platform/service/sleeptimer/src/sl_sleeptimer_hal_rtcc.c.obj
 .text.sleeptimer_hal_get_counter
                0x000000000000764a        0xe CMakeFiles/slc_test.dir/default_config/Users/xinye/SimplicityStudio/SDKs/gecko_sdk_2/platform/service/sleeptimer/src/sl_sleeptimer_hal_rtcc.c.obj
                0x000000000000764a                sleeptimer_hal_get_counter
 .text.sleeptimer_hal_enable_int
                0x0000000000007658       0x18 CMakeFiles/slc_test.dir/default_config/Users/xinye/SimplicityStudio/SDKs/gecko_sdk_2/platform/service/sleeptimer/src/sl_sleeptimer_hal_rtcc.c.obj
                0x0000000000007658                sleeptimer_hal_enable_int
 .text.sleeptimer_hal_get_timer_frequency
                0x0000000000007670       0x14 CMakeFiles/slc_test.dir/default_config/Users/xinye/SimplicityStudio/SDKs/gecko_sdk_2/platform/service/sleeptimer/src/sl_sleeptimer_hal_rtcc.c.obj
                0x0000000000007670                sleeptimer_hal_get_timer_frequency
 .text.sl_system_init
                0x0000000000007684       0x1a CMakeFiles/slc_test.dir/default_config/Users/xinye/SimplicityStudio/SDKs/gecko_sdk_2/platform/service/system/src/sl_system_init.c.obj
                0x0000000000007684                sl_system_init
 .text.sl_system_process_action
                0x000000000000769e       0x16 CMakeFiles/slc_test.dir/default_config/Users/xinye/SimplicityStudio/SDKs/gecko_sdk_2/platform/service/system/src/sl_system_process_action.c.obj
                0x000000000000769e                sl_system_process_action
 .text.app_init
                0x00000000000076b4        0xe CMakeFiles/slc_test.dir/default_config/Users/xinye/SimplicityStudio/v5_workspace/test/app.c.obj
                0x00000000000076b4                app_init
 .text.app_process_action
                0x00000000000076c2        0x4 CMakeFiles/slc_test.dir/default_config/Users/xinye/SimplicityStudio/v5_workspace/test/app.c.obj
                0x00000000000076c2                app_process_action
 .text.sl_board_default_init
                0x00000000000076c6        0x4 CMakeFiles/slc_test.dir/default_config/Users/xinye/SimplicityStudio/v5_workspace/test/autogen/sl_board_default_init.c.obj
                0x00000000000076c6                sl_board_default_init
 .text.sl_emlib_gpio_simple_init
                0x00000000000076ca       0x26 CMakeFiles/slc_test.dir/default_config/Users/xinye/SimplicityStudio/v5_workspace/test/autogen/sl_emlib_gpio_simple_init.c.obj
                0x00000000000076ca                sl_emlib_gpio_simple_init
 .text.sl_driver_init
                0x00000000000076f0       0x1a CMakeFiles/slc_test.dir/default_config/Users/xinye/SimplicityStudio/v5_workspace/test/autogen/sl_event_handler.c.obj
                0x00000000000076f0                sl_driver_init
 .text.sl_service_init
                0x000000000000770a       0x16 CMakeFiles/slc_test.dir/default_config/Users/xinye/SimplicityStudio/v5_workspace/test/autogen/sl_event_handler.c.obj
                0x000000000000770a                sl_service_init
 .text.sl_stack_init
                0x0000000000007720        0x2 CMakeFiles/slc_test.dir/default_config/Users/xinye/SimplicityStudio/v5_workspace/test/autogen/sl_event_handler.c.obj
                0x0000000000007720                sl_stack_init
 .text.sl_internal_app_init
                0x0000000000007722        0x2 CMakeFiles/slc_test.dir/default_config/Users/xinye/SimplicityStudio/v5_workspace/test/autogen/sl_event_handler.c.obj
                0x0000000000007722                sl_internal_app_init
 .text.sl_platform_process_action
                0x0000000000007724        0x2 CMakeFiles/slc_test.dir/default_config/Users/xinye/SimplicityStudio/v5_workspace/test/autogen/sl_event_handler.c.obj
                0x0000000000007724                sl_platform_process_action
 .text.sl_service_process_action
                0x0000000000007726        0x2 CMakeFiles/slc_test.dir/default_config/Users/xinye/SimplicityStudio/v5_workspace/test/autogen/sl_event_handler.c.obj
                0x0000000000007726                sl_service_process_action
 .text.sl_stack_process_action
                0x0000000000007728        0x2 CMakeFiles/slc_test.dir/default_config/Users/xinye/SimplicityStudio/v5_workspace/test/autogen/sl_event_handler.c.obj
                0x0000000000007728                sl_stack_process_action
 .text.sl_internal_app_process_action
                0x000000000000772a        0x2 CMakeFiles/slc_test.dir/default_config/Users/xinye/SimplicityStudio/v5_workspace/test/autogen/sl_event_handler.c.obj
                0x000000000000772a                sl_internal_app_process_action
 .text.sl_iostream_eusart_init_instances
                0x000000000000772c        0x4 CMakeFiles/slc_test.dir/default_config/Users/xinye/SimplicityStudio/v5_workspace/test/autogen/sl_iostream_init_eusart_instances.c.obj
                0x000000000000772c                sl_iostream_eusart_init_instances
 .text.EUART0_TX_IRQHandler
                0x0000000000007730        0x4 CMakeFiles/slc_test.dir/default_config/Users/xinye/SimplicityStudio/v5_workspace/test/autogen/sl_iostream_init_eusart_instances.c.obj
                0x0000000000007730                EUART0_TX_IRQHandler
 .text.startup.main
                0x0000000000007734       0x16 CMakeFiles/slc_test.dir/default_config/Users/xinye/SimplicityStudio/v5_workspace/test/main.c.obj
                0x0000000000007734                main
 .text.spidrv_app_process_action
                0x000000000000774a        0x4 CMakeFiles/slc_test.dir/default_config/Users/xinye/SimplicityStudio/v5_workspace/test/spidrv_master_baremetal.c.obj
                0x000000000000774a                spidrv_app_process_action
 .text.AD5940_Delay10us
                0x000000000000774e        0x8 CMakeFiles/test.dir/default_config/Users/xinye/SimplicityStudio/v5_workspace/test/BGM220Port.c.obj
                0x000000000000774e                AD5940_Delay10us
 .text._is_value_in_table
                0x0000000000007756       0x1a CMakeFiles/test.dir/default_config/Users/xinye/SimplicityStudio/v5_workspace/test/ad5940lib/ad5940.c.obj
 .text.AD5940_ReadWrite16B
                0x0000000000007770       0x20 CMakeFiles/test.dir/default_config/Users/xinye/SimplicityStudio/v5_workspace/test/ad5940lib/ad5940.c.obj
 .text.AD5940_ReadWrite32B
                0x0000000000007790       0x1c CMakeFiles/test.dir/default_config/Users/xinye/SimplicityStudio/v5_workspace/test/ad5940lib/ad5940.c.obj
 .text.AD5940_ReadWrite8B.isra.0
                0x00000000000077ac       0x16 CMakeFiles/test.dir/default_config/Users/xinye/SimplicityStudio/v5_workspace/test/ad5940lib/ad5940.c.obj
 .text.AD5940_SPIReadReg
                0x00000000000077c2       0x4e CMakeFiles/test.dir/default_config/Users/xinye/SimplicityStudio/v5_workspace/test/ad5940lib/ad5940.c.obj
 .text.AD5940_StructInit
                0x0000000000007810        0x8 CMakeFiles/test.dir/default_config/Users/xinye/SimplicityStudio/v5_workspace/test/ad5940lib/ad5940.c.obj
                0x0000000000007810                AD5940_StructInit
 .text.AD5940_ComplexDivInt
                0x0000000000007818       0x46 CMakeFiles/test.dir/default_config/Users/xinye/SimplicityStudio/v5_workspace/test/ad5940lib/ad5940.c.obj
                0x0000000000007818                AD5940_ComplexDivInt
 .text.AD5940_ComplexMag
                0x000000000000785e       0x30 CMakeFiles/test.dir/default_config/Users/xinye/SimplicityStudio/v5_workspace/test/ad5940lib/ad5940.c.obj
                0x000000000000785e                AD5940_ComplexMag