Archive member included to satisfy reference by file (symbol)

/Applications/Simplicity Studio.app/Contents/Eclipse/developer/toolchains/gnu_arm/12.2.rel1_2023.7/bin/../lib/gcc/arm-none-eabi/12.2.1/thumb/v8-m.main+fp/hard/libgcc.a(_arm_muldf3.o)
                              ./ad5940lib/ad5940.o (__aeabi_dmul)
/Applications/Simplicity Studio.app/Contents/Eclipse/developer/toolchains/gnu_arm/12.2.rel1_2023.7/bin/../lib/gcc/arm-none-eabi/12.2.1/thumb/v8-m.main+fp/hard/libgcc.a(_arm_addsubdf3.o)
                              ./ad5940lib/ad5940.o (__aeabi_dadd)
/Applications/Simplicity Studio.app/Contents/Eclipse/developer/toolchains/gnu_arm/12.2.rel1_2023.7/bin/../lib/gcc/arm-none-eabi/12.2.1/thumb/v8-m.main+fp/hard/libgcc.a(_arm_muldivdf3.o)
                              ./ad5940lib/ad5940.o (__aeabi_ddiv)
/Applications/Simplicity Studio.app/Contents/Eclipse/developer/toolchains/gnu_arm/12.2.rel1_2023.7/bin/../lib/gcc/arm-none-eabi/12.2.1/thumb/v8-m.main+fp/hard/libgcc.a(_arm_cmpdf2.o)
                              ./ad5940lib/ad5940.o (__aeabi_dcmplt)
/Applications/Simplicity Studio.app/Contents/Eclipse/developer/toolchains/gnu_arm/12.2.rel1_2023.7/bin/../lib/gcc/arm-none-eabi/12.2.1/thumb/v8-m.main+fp/hard/libgcc.a(_arm_truncdfsf2.o)
                              ./ad5940lib/ad5940.o (__aeabi_d2f)
/Applications/Simplicity Studio.app/Contents/Eclipse/developer/toolchains/gnu_arm/12.2.rel1_2023.7/bin/../lib/gcc/arm-none-eabi/12.2.1/thumb/v8-m.main+fp/hard/libgcc.a(_aeabi_ldivmod.o)
                              ./gecko_sdk_4.4.4/platform/emlib/src/em_eusart.o (__aeabi_ldivmod)
/Applications/Simplicity Studio.app/Contents/Eclipse/developer/toolchains/gnu_arm/12.2.rel1_2023.7/bin/../lib/gcc/arm-none-eabi/12.2.1/thumb/v8-m.main+fp/hard/libgcc.a(_aeabi_uldivmod.o)
                              ./gecko_sdk_4.4.4/platform/emlib/src/em_eusart.o (__aeabi_uldivmod)
/Applications/Simplicity Studio.app/Contents/Eclipse/developer/toolchains/gnu_arm/12.2.rel1_2023.7/bin/../lib/gcc/arm-none-eabi/12.2.1/thumb/v8-m.main+fp/hard/libgcc.a(_udivmoddi4.o)
                              /Applications/Simplicity Studio.app/Contents/Eclipse/developer/toolchains/gnu_arm/12.2.rel1_2023.7/bin/../lib/gcc/arm-none-eabi/12.2.1/thumb/v8-m.main+fp/hard/libgcc.a(_aeabi_ldivmod.o) (__udivmoddi4)
/Applications/Simplicity Studio.app/Contents/Eclipse/developer/toolchains/gnu_arm/12.2.rel1_2023.7/bin/../lib/gcc/arm-none-eabi/12.2.1/thumb/v8-m.main+fp/hard/libgcc.a(_dvmd_tls.o)
                              /Applications/Simplicity Studio.app/Contents/Eclipse/developer/toolchains/gnu_arm/12.2.rel1_2023.7/bin/../lib/gcc/arm-none-eabi/12.2.1/thumb/v8-m.main+fp/hard/libgcc.a(_aeabi_ldivmod.o) (__aeabi_ldiv0)
/Applications/Simplicity Studio.app/Contents/Eclipse/developer/toolchains/gnu_arm/12.2.rel1_2023.7/bin/../lib/gcc/arm-none-eabi/12.2.1/../../../../arm-none-eabi/lib/thumb/v8-m.main+fp/hard/libc_nano.a(libc_a-exit.o)
                              /Applications/Simplicity Studio.app/Contents/Eclipse/developer/toolchains/gnu_arm/12.2.rel1_2023.7/bin/../lib/gcc/arm-none-eabi/12.2.1/../../../../arm-none-eabi/lib/thumb/v8-m.main+fp/hard/crt0.o (exit)
/Applications/Simplicity Studio.app/Contents/Eclipse/developer/toolchains/gnu_arm/12.2.rel1_2023.7/bin/../lib/gcc/arm-none-eabi/12.2.1/../../../../arm-none-eabi/lib/thumb/v8-m.main+fp/hard/libc_nano.a(libc_a-nano-vfprintf_float.o)
                              (_printf_float)
/Applications/Simplicity Studio.app/Contents/Eclipse/developer/toolchains/gnu_arm/12.2.rel1_2023.7/bin/../lib/gcc/arm-none-eabi/12.2.1/../../../../arm-none-eabi/lib/thumb/v8-m.main+fp/hard/libc_nano.a(libc_a-nano-vfprintf_i.o)
                              /Applications/Simplicity Studio.app/Contents/Eclipse/developer/toolchains/gnu_arm/12.2.rel1_2023.7/bin/../lib/gcc/arm-none-eabi/12.2.1/../../../../arm-none-eabi/lib/thumb/v8-m.main+fp/hard/libc_nano.a(libc_a-nano-vfprintf_float.o) (_printf_common)
/Applications/Simplicity Studio.app/Contents/Eclipse/developer/toolchains/gnu_arm/12.2.rel1_2023.7/bin/../lib/gcc/arm-none-eabi/12.2.1/../../../../arm-none-eabi/lib/thumb/v8-m.main+fp/hard/libc_nano.a(libc_a-setvbuf.o)
                              ./gecko_sdk_4.4.4/platform/service/iostream/src/sl_iostream_stdlib_config.o (setvbuf)
/Applications/Simplicity Studio.app/Contents/Eclipse/developer/toolchains/gnu_arm/12.2.rel1_2023.7/bin/../lib/gcc/arm-none-eabi/12.2.1/../../../../arm-none-eabi/lib/thumb/v8-m.main+fp/hard/libc_nano.a(libc_a-findfp.o)
                              /Applications/Simplicity Studio.app/Contents/Eclipse/developer/toolchains/gnu_arm/12.2.rel1_2023.7/bin/../lib/gcc/arm-none-eabi/12.2.1/../../../../arm-none-eabi/lib/thumb/v8-m.main+fp/hard/libc_nano.a(libc_a-exit.o) (__stdio_exit_handler)
/Applications/Simplicity Studio.app/Contents/Eclipse/developer/toolchains/gnu_arm/12.2.rel1_2023.7/bin/../lib/gcc/arm-none-eabi/12.2.1/../../../../arm-none-eabi/lib/thumb/v8-m.main+fp/hard/libc_nano.a(libc_a-vprintf.o)
[...]
Memory Configuration

Name             Origin             Length             Attributes
FLASH            0x0000000000000000 0x0000000000056000 xr
RAM              0x0000000020000000 0x0000000000008000 xrw
*default*        0x0000000000000000 0xffffffffffffffff

Linker script and memory map

LOAD /Applications/Simplicity Studio.app/Contents/Eclipse/developer/toolchains/gnu_arm/12.2.rel1_2023.7/bin/../lib/gcc/arm-none-eabi/12.2.1/thumb/v8-m.main+fp/hard/crti.o
LOAD /Applications/Simplicity Studio.app/Contents/Eclipse/developer/toolchains/gnu_arm/12.2.rel1_2023.7/bin/../lib/gcc/arm-none-eabi/12.2.1/thumb/v8-m.main+fp/hard/crtbegin.o
LOAD /Applications/Simplicity Studio.app/Contents/Eclipse/developer/toolchains/gnu_arm/12.2.rel1_2023.7/bin/../lib/gcc/arm-none-eabi/12.2.1/../../../../arm-none-eabi/lib/thumb/v8-m.main+fp/hard/crt0.o
START GROUP
LOAD ./BGM220Port.o
LOAD ./app.o
LOAD ./main.o
LOAD ./spidrv_master_baremetal.o
LOAD ./ad5940lib/AD5940Main.o
LOAD ./ad5940lib/SqrWaveVoltammetry.o
LOAD ./ad5940lib/ad5940.o
LOAD ./autogen/sl_board_default_init.o
LOAD ./autogen/sl_device_init_clocks.o
LOAD ./autogen/sl_emlib_gpio_simple_init.o
LOAD ./autogen/sl_event_handler.o
LOAD ./autogen/sl_iostream_handles.o
LOAD ./autogen/sl_iostream_init_eusart_instances.o
LOAD ./autogen/sl_spidrv_init.o
LOAD ./gecko_sdk_4.4.4/hardware/board/src/sl_board_control_gpio.o
LOAD ./gecko_sdk_4.4.4/hardware/board/src/sl_board_init.o
LOAD ./gecko_sdk_4.4.4/hardware/driver/configuration_over_swo/src/sl_cos.o
LOAD ./gecko_sdk_4.4.4/hardware/driver/mx25_flash_shutdown/src/sl_mx25_flash_shutdown_usart/sl_mx25_flash_shutdown.o
LOAD ./gecko_sdk_4.4.4/platform/Device/SiliconLabs/BGM22/Source/startup_bgm22.o
LOAD ./gecko_sdk_4.4.4/platform/Device/SiliconLabs/BGM22/Source/system_bgm22.o
LOAD ./gecko_sdk_4.4.4/platform/common/src/sl_assert.o
LOAD ./gecko_sdk_4.4.4/platform/common/src/sl_slist.o
LOAD ./gecko_sdk_4.4.4/platform/common/src/sl_string.o
LOAD ./gecko_sdk_4.4.4/platform/common/src/sl_syscalls.o
LOAD ./gecko_sdk_4.4.4/platform/common/toolchain/src/sl_memory.o
LOAD ./gecko_sdk_4.4.4/platform/driver/debug/src/sl_debug_swo.o
LOAD ./gecko_sdk_4.4.4/platform/emdrv/dmadrv/src/dmadrv.o
LOAD ./gecko_sdk_4.4.4/platform/emdrv/gpiointerrupt/src/gpiointerrupt.o
LOAD ./gecko_sdk_4.4.4/platform/emdrv/spidrv/src/spidrv.o
LOAD ./gecko_sdk_4.4.4/platform/emlib/src/em_burtc.o
LOAD ./gecko_sdk_4.4.4/platform/emlib/src/em_cmu.o
LOAD ./gecko_sdk_4.4.4/platform/emlib/src/em_core.o
LOAD ./gecko_sdk_4.4.4/platform/emlib/src/em_emu.o
LOAD ./gecko_sdk_4.4.4/platform/emlib/src/em_eusart.o
LOAD ./gecko_sdk_4.4.4/platform/emlib/src/em_gpio.o
LOAD ./gecko_sdk_4.4.4/platform/emlib/src/em_ldma.o
LOAD ./gecko_sdk_4.4.4/platform/emlib/src/em_msc.o
LOAD ./gecko_sdk_4.4.4/platform/emlib/src/em_rtcc.o
LOAD ./gecko_sdk_4.4.4/platform/emlib/src/em_system.o
LOAD ./gecko_sdk_4.4.4/platform/emlib/src/em_timer.o
LOAD ./gecko_sdk_4.4.4/platform/emlib/src/em_usart.o
LOAD ./gecko_sdk_4.4.4/platform/service/device_init/src/sl_device_init_dcdc_s2.o
LOAD ./gecko_sdk_4.4.4/platform/service/device_init/src/sl_device_init_emu_s2.o
LOAD ./gecko_sdk_4.4.4/platform/service/device_init/src/sl_device_init_hfxo_s2.o
LOAD ./gecko_sdk_4.4.4/platform/service/device_init/src/sl_device_init_lfxo_s2.o
LOAD ./gecko_sdk_4.4.4/platform/service/device_init/src/sl_device_init_nvic.o
LOAD ./gecko_sdk_4.4.4/platform/service/iostream/src/sl_iostream.o
LOAD ./gecko_sdk_4.4.4/platform/service/iostream/src/sl_iostream_eusart.o
LOAD ./gecko_sdk_4.4.4/platform/service/iostream/src/sl_iostream_retarget_stdio.o
LOAD ./gecko_sdk_4.4.4/platform/service/iostream/src/sl_iostream_stdlib_config.o
LOAD ./gecko_sdk_4.4.4/platform/service/iostream/src/sl_iostream_uart.o
LOAD ./gecko_sdk_4.4.4/platform/service/sleeptimer/src/sl_sleeptimer.o
LOAD ./gecko_sdk_4.4.4/platform/service/sleeptimer/src/sl_sleeptimer_hal_burtc.o
LOAD ./gecko_sdk_4.4.4/platform/service/sleeptimer/src/sl_sleeptimer_hal_prortc.o
LOAD ./gecko_sdk_4.4.4/platform/service/sleeptimer/src/sl_sleeptimer_hal_rtcc.o
LOAD ./gecko_sdk_4.4.4/platform/service/sleeptimer/src/sl_sleeptimer_hal_timer.o
LOAD ./gecko_sdk_4.4.4/platform/service/system/src/sl_system_init.o
LOAD ./gecko_sdk_4.4.4/platform/service/system/src/sl_system_process_action.o
LOAD ./gecko_sdk_4.4.4/platform/service/udelay/src/sl_udelay.o
LOAD ./gecko_sdk_4.4.4/platform/service/udelay/src/sl_udelay_armv6m_gcc.o
LOAD /Applications/Simplicity Studio.app/Contents/Eclipse/developer/toolchains/gnu_arm/12.2.rel1_2023.7/bin/../lib/gcc/arm-none-eabi/12.2.1/thumb/v8-m.main+fp/hard/libgcc.a
LOAD /Applications/Simplicity Studio.app/Contents/Eclipse/developer/toolchains/gnu_arm/12.2.rel1_2023.7/bin/../lib/gcc/arm-none-eabi/12.2.1/../../../../arm-none-eabi/lib/thumb/v8-m.main+fp/hard/libnosys.a
END GROUP
START GROUP
LOAD /Applications/Simplicity Studio.app/Contents/Eclipse/developer/toolchains/gnu_arm/12.2.rel1_2023.7/bin/../lib/gcc/arm-none-eabi/12.2.1/thumb/v8-m.main+fp/hard/libgcc.a
LOAD /Applications/Simplicity Studio.app/Contents/Eclipse/developer/toolchains/gnu_arm/12.2.rel1_2023.7/bin/../lib/gcc/arm-none-eabi/12.2.1/../../../../arm-none-eabi/lib/thumb/v8-m.main+fp/hard/libc_nano.a
LOAD /Applications/Simplicity Studio.app/Contents/Eclipse/developer/toolchains/gnu_arm/12.2.rel1_2023.7/bin/../lib/gcc/arm-none-eabi/12.2.1/../../../../arm-none-eabi/lib/thumb/v8-m.main+fp/hard/libnosys.a
END GROUP
LOAD /Applications/Simplicity Studio.app/Contents/Eclipse/developer/toolchains/gnu_arm/12.2.rel1_2023.7/bin/../lib/gcc/arm-none-eabi/12.2.1/../../../../arm-none-eabi/lib/thumb/v8-m.main+fp/hard/libstdc++_nano.a
LOAD /Applications/Simplicity Studio.app/Contents/Eclipse/developer/toolchains/gnu_arm/12.2.rel1_2023.7/bin/../lib/gcc/arm-none-eabi/12.2.1/../../../../arm-none-eabi/lib/thumb/v8-m.main+fp/hard/libm.a
LOAD /Applications/Simplicity Studio.app/Contents/Eclipse/developer/toolchains/gnu_arm/12.2.rel1_2023.7/bin/../lib/gcc/arm-none-eabi/12.2.1/../../../../arm-none-eabi/lib/thumb/v8-m.main+fp/hard/libc_nano.a
START GROUP
LOAD /Applications/Simplicity Studio.app/Contents/Eclipse/developer/toolchains/gnu_arm/12.2.rel1_2023.7/bin/../lib/gcc/arm-none-eabi/12.2.1/thumb/v8-m.main+fp/hard/libgcc.a
LOAD /Applications/Simplicity Studio.app/Contents/Eclipse/developer/toolchains/gnu_arm/12.2.rel1_2023.7/bin/../lib/gcc/arm-none-eabi/12.2.1/../../../../arm-none-eabi/lib/thumb/v8-m.main+fp/hard/libg_nano.a
LOAD /Applications/Simplicity Studio.app/Contents/Eclipse/developer/toolchains/gnu_arm/12.2.rel1_2023.7/bin/../lib/gcc/arm-none-eabi/12.2.1/../../../../arm-none-eabi/lib/thumb/v8-m.main+fp/hard/libc_nano.a
END GROUP
START GROUP
LOAD /Applications/Simplicity Studio.app/Contents/Eclipse/developer/toolchains/gnu_arm/12.2.rel1_2023.7/bin/../lib/gcc/arm-none-eabi/12.2.1/thumb/v8-m.main+fp/hard/libgcc.a
LOAD /Applications/Simplicity Studio.app/Contents/Eclipse/developer/toolchains/gnu_arm/12.2.rel1_2023.7/bin/../lib/gcc/arm-none-eabi/12.2.1/../../../../arm-none-eabi/lib/thumb/v8-m.main+fp/hard/libc_nano.a
LOAD /Applications/Simplicity Studio.app/Contents/Eclipse/developer/toolchains/gnu_arm/12.2.rel1_2023.7/bin/../lib/gcc/arm-none-eabi/12.2.1/../../../../arm-none-eabi/lib/thumb/v8-m.main+fp/hard/libnosys.a
END GROUP
START GROUP
LOAD /Applications/Simplicity Studio.app/Contents/Eclipse/developer/toolchains/gnu_arm/12.2.rel1_2023.7/bin/../lib/gcc/arm-none-eabi/12.2.1/thumb/v8-m.main+fp/hard/libgcc.a
LOAD /Applications/Simplicity Studio.app/Contents/Eclipse/developer/toolchains/gnu_arm/12.2.rel1_2023.7/bin/../lib/gcc/arm-none-eabi/12.2.1/../../../../arm-none-eabi/lib/thumb/v8-m.main+fp/hard/libc_nano.a
LOAD /Applications/Simplicity Studio.app/Contents/Eclipse/developer/toolchains/gnu_arm/12.2.rel1_2023.7/bin/../lib/gcc/arm-none-eabi/12.2.1/../../../../arm-none-eabi/lib/thumb/v8-m.main+fp/hard/libnosys.a
END GROUP
LOAD /Applications/Simplicity Studio.app/Contents/Eclipse/developer/toolchains/gnu_arm/12.2.rel1_2023.7/bin/../lib/gcc/arm-none-eabi/12.2.1/thumb/v8-m.main+fp/hard/crtend.o
LOAD /Applications/Simplicity Studio.app/Contents/Eclipse/developer/toolchains/gnu_arm/12.2.rel1_2023.7/bin/../lib/gcc/arm-none-eabi/12.2.1/thumb/v8-m.main+fp/hard/crtn.o

.text           0x0000000000000000     0xb520
                0x0000000000000000                linker_vectors_begin = .
 *(.vectors)
 .vectors       0x0000000000000000      0x140 ./gecko_sdk_4.4.4/platform/Device/SiliconLabs/BGM22/Source/startup_bgm22.o
                0x0000000000000000                __Vectors
                0x0000000000000140                linker_vectors_end = .
                0x0000000000000140                __Vectors_End = .
                0x0000000000000140                __Vectors_Size = (__Vectors_End - __Vectors)
                0x0000000000000140                linker_code_begin = .
 *(SORT_BY_ALIGNMENT(.text*))
 .text          0x0000000000000140        0x8 ./gecko_sdk_4.4.4/platform/service/udelay/src/sl_udelay_armv6m_gcc.o
                0x0000000000000140                sli_delay_loop
 .text._dtoa_r  0x0000000000000148      0xc54 /Applications/Simplicity Studio.app/Contents/Eclipse/developer/toolchains/gnu_arm/12.2.rel1_2023.7/bin/../lib/gcc/arm-none-eabi/12.2.1/../../../../arm-none-eabi/lib/thumb/v8-m.main+fp/hard/libc_nano.a(libc_a-dtoa.o)
                0x0000000000000148                _dtoa_r
 *fill*         0x0000000000000d9c        0x4 
 .text.__ieee754_atan2
                0x0000000000000da0      0x1b0 /Applications/Simplicity Studio.app/Contents/Eclipse/developer/toolchains/gnu_arm/12.2.rel1_2023.7/bin/../lib/gcc/arm-none-eabi/12.2.1/../../../../arm-none-eabi/lib/thumb/v8-m.main+fp/hard/libm.a(libm_a-e_atan2.o)
                0x0000000000000da0                __ieee754_atan2
 .text.atan     0x0000000000000f50      0x340 /Applications/Simplicity Studio.app/Contents/Eclipse/developer/toolchains/gnu_arm/12.2.rel1_2023.7/bin/../lib/gcc/arm-none-eabi/12.2.1/../../../../arm-none-eabi/lib/thumb/v8-m.main+fp/hard/libm.a(libm_a-s_atan.o)
                0x0000000000000f50                atan
 .text.deregister_tm_clones
                0x0000000000001290       0x1c /Applications/Simplicity Studio.app/Contents/Eclipse/developer/toolchains/gnu_arm/12.2.rel1_2023.7/bin/../lib/gcc/arm-none-eabi/12.2.1/thumb/v8-m.main+fp/hard/crtbegin.o
 .text.register_tm_clones
                0x00000000000012ac       0x28 /Applications/Simplicity Studio.app/Contents/Eclipse/developer/toolchains/gnu_arm/12.2.rel1_2023.7/bin/../lib/gcc/arm-none-eabi/12.2.1/thumb/v8-m.main+fp/hard/crtbegin.o
 .text.__do_global_dtors_aux
                0x00000000000012d4       0x28 /Applications/Simplicity Studio.app/Contents/Eclipse/developer/toolchains/gnu_arm/12.2.rel1_2023.7/bin/../lib/gcc/arm-none-eabi/12.2.1/thumb/v8-m.main+fp/hard/crtbegin.o
 .text.frame_dummy
                0x00000000000012fc       0x24 /Applications/Simplicity Studio.app/Contents/Eclipse/developer/toolchains/gnu_arm/12.2.rel1_2023.7/bin/../lib/gcc/arm-none-eabi/12.2.1/thumb/v8-m.main+fp/hard/crtbegin.o
 .text          0x0000000000001320       0x7c /Applications/Simplicity Studio.app/Contents/Eclipse/developer/toolchains/gnu_arm/12.2.rel1_2023.7/bin/../lib/gcc/arm-none-eabi/12.2.1/../../../../arm-none-eabi/lib/thumb/v8-m.main+fp/hard/crt0.o
                0x0000000000001320                _stack_init
                0x0000000000001328                _mainCRTStartup
                0x0000000000001328                _start
 .text.AD5940_ReadWriteNBytes
                0x000000000000139c       0x28 ./BGM220Port.o
                0x000000000000139c                AD5940_ReadWriteNBytes
 .text.AD5940_CsClr
                0x00000000000013c4        0xc ./BGM220Port.o
                0x00000000000013c4                AD5940_CsClr
 .text.AD5940_CsSet
                0x00000000000013d0        0xc ./BGM220Port.o
                0x00000000000013d0                AD5940_CsSet
 .text.AD5940_RstSet
                0x00000000000013dc        0xc ./BGM220Port.o
                0x00000000000013dc                AD5940_RstSet
 .text.AD5940_RstClr
                0x00000000000013e8        0xc ./BGM220Port.o
                0x00000000000013e8                AD5940_RstClr
 .text.AD5940_GetMCUIntFlag
                0x00000000000013f4        0xc ./BGM220Port.o
                0x00000000000013f4                AD5940_GetMCUIntFlag
 .text.AD5940_ClrMCUIntFlag
                0x0000000000001400       0x10 ./BGM220Port.o
                0x0000000000001400                AD5940_ClrMCUIntFlag
 .text.ad5940int_handler
                0x0000000000001410       0x1c ./app.o
                0x0000000000001410                ad5940int_handler
 .text.ad5940int_init
                0x000000000000142c       0x34 ./app.o
                0x000000000000142c                ad5940int_init
 .text.spidrv_app_init
                0x0000000000001460       0x10 ./spidrv_master_baremetal.o
                0x0000000000001460                spidrv_app_init
 .text.AD5940RampStructInit
                0x0000000000001470       0x90 ./ad5940lib/AD5940Main.o
                0x0000000000001470                AD5940RampStructInit
 .text.AD5940_Main
                0x0000000000001500      0x138 ./ad5940lib/AD5940Main.o
                0x0000000000001500                AD5940_Main
 .text.AppSWVDataProcess.isra.0
                0x0000000000001638       0x48 ./ad5940lib/SqrWaveVoltammetry.o
 .text.RampDacRegUpdate.isra.0
                0x0000000000001680      0x170 ./ad5940lib/SqrWaveVoltammetry.o
 .text.AppSWVSeqDACCtrlGen
                0x00000000000017f0      0x2ac ./ad5940lib/SqrWaveVoltammetry.o
 .text.AppSWVGetCfg
                0x0000000000001a9c       0x14 ./ad5940lib/SqrWaveVoltammetry.o
                0x0000000000001a9c                AppSWVGetCfg
 .text.AppSWVCtrl
                0x0000000000001ab0       0xe8 ./ad5940lib/SqrWaveVoltammetry.o
                0x0000000000001ab0                AppSWVCtrl
 .text.AppSWVInit
                0x0000000000001b98      0x3c0 ./ad5940lib/SqrWaveVoltammetry.o
                0x0000000000001b98                AppSWVInit
 .text.AppSWVISR
                0x0000000000001f58       0xa8 ./ad5940lib/SqrWaveVoltammetry.o
                0x0000000000001f58                AppSWVISR
 .text.AD5940_SEQGenSearchReg
                0x0000000000002000       0x30 ./ad5940lib/ad5940.o
 .text.AD5940_SEQRegInfoInsert
                0x0000000000002030       0x3c ./ad5940lib/ad5940.o
 .text.AD5940_SEQGenInsert
                0x000000000000206c       0x2c ./ad5940lib/ad5940.o
                0x000000000000206c                AD5940_SEQGenInsert
 .text.AD5940_SEQGenInit
                0x0000000000002098       0x28 ./ad5940lib/ad5940.o
                0x0000000000002098                AD5940_SEQGenInit
 .text.AD5940_SEQGenFetchSeq
                0x00000000000020c0       0x18 ./ad5940lib/ad5940.o
                0x00000000000020c0                AD5940_SEQGenFetchSeq
 .text.AD5940_SEQGenCtrl
                0x00000000000020d8       0x14 ./ad5940lib/ad5940.o
                0x00000000000020d8                AD5940_SEQGenCtrl
 .text.AD5940_Notch50HzAvailable
                0x00000000000020ec       0xbc ./ad5940lib/ad5940.o
                0x00000000000020ec                AD5940_Notch50HzAvailable
 .text.AD5940_Notch60HzAvailable
                0x00000000000021a8       0x94 ./ad5940lib/ad5940.o
                0x00000000000021a8                AD5940_Notch60HzAvailable
 .text.AD5940_ClksCalculate
                0x000000000000223c      0x18c ./ad5940lib/ad5940.o
                0x000000000000223c                AD5940_ClksCalculate
 .text.AD5940_ADCCode2Volt
                0x00000000000023c8       0x58 ./ad5940lib/ad5940.o
                0x00000000000023c8                AD5940_ADCCode2Volt
 .text.AD5940_WriteReg
                0x0000000000002420       0xa4 ./ad5940lib/ad5940.o
                0x0000000000002420                AD5940_WriteReg
 .text.AD5940_ReadReg
                0x00000000000024c4       0x44 ./ad5940lib/ad5940.o
                0x00000000000024c4                AD5940_ReadReg
 .text.AD5940_Initialize
                0x0000000000002508       0xb0 ./ad5940lib/ad5940.o
                0x0000000000002508                AD5940_Initialize
 .text.__AD5940_ReferenceON
                0x00000000000025b8       0x24 ./ad5940lib/ad5940.o
 .text.__AD5940_SetDExRTIA
                0x00000000000025dc       0x68 ./ad5940lib/ad5940.o
                0x00000000000025dc                __AD5940_SetDExRTIA
 .text.AD5940_WGFreqWordCal
                0x0000000000002644       0x58 ./ad5940lib/ad5940.o
                0x0000000000002644                AD5940_WGFreqWordCal
 .text.__AD5940_TakeMeasurement
                0x000000000000269c       0x50 ./ad5940lib/ad5940.o
 .text.AD5940_ShutDownS
                0x00000000000026ec       0x34 ./ad5940lib/ad5940.o
                0x00000000000026ec                AD5940_ShutDownS
 .text.AD5940_LPRtiaCal
                0x0000000000002720      0x5e0 ./ad5940lib/ad5940.o
                0x0000000000002720                AD5940_LPRtiaCal
 .text.AD5940_LFOSCMeasure
                0x0000000000002d00      0x204 ./ad5940lib/ad5940.o
                0x0000000000002d00                AD5940_LFOSCMeasure
 .text.sl_device_init_clocks
                0x0000000000002f04       0x9c ./autogen/sl_device_init_clocks.o
                0x0000000000002f04                sl_device_init_clocks
 .text.sl_platform_init
                0x0000000000002fa0       0x58 ./autogen/sl_event_handler.o
                0x0000000000002fa0                sl_platform_init
 .text.sl_iostream_eusart_init_vcom
                0x0000000000002ff8       0xcc ./autogen/sl_iostream_init_eusart_instances.o
                0x0000000000002ff8                sl_iostream_eusart_init_vcom
 .text.EUART0_RX_IRQHandler
                0x00000000000030c4        0xc ./autogen/sl_iostream_init_eusart_instances.o
                0x00000000000030c4                EUART0_RX_IRQHandler
 .text.sl_spidrv_init_instances
                0x00000000000030d0       0x14 ./autogen/sl_spidrv_init.o
                0x00000000000030d0                sl_spidrv_init_instances
 .text.cs_high  0x00000000000030e4        0xc ./gecko_sdk_4.4.4/hardware/driver/mx25_flash_shutdown/src/sl_mx25_flash_shutdown_usart/sl_mx25_flash_shutdown.o
 .text.cs_low   0x00000000000030f0        0xc ./gecko_sdk_4.4.4/hardware/driver/mx25_flash_shutdown/src/sl_mx25_flash_shutdown_usart/sl_mx25_flash_shutdown.o
 .text.sl_mx25_flash_shutdown
                0x00000000000030fc      0x114 ./gecko_sdk_4.4.4/hardware/driver/mx25_flash_shutdown/src/sl_mx25_flash_shutdown_usart/sl_mx25_flash_shutdown.o
                0x00000000000030fc                sl_mx25_flash_shutdown
 .text.CopyRamFuncs
                0x0000000000003210       0x1c ./gecko_sdk_4.4.4/platform/Device/SiliconLabs/BGM22/Source/startup_bgm22.o
                0x0000000000003210                CopyRamFuncs
 .text.Reset_Handler
                0x000000000000322c       0x64 ./gecko_sdk_4.4.4/platform/Device/SiliconLabs/BGM22/Source/startup_bgm22.o
                0x000000000000322c                Reset_Handler
 .text.SystemInit
                0x0000000000003290       0x64 ./gecko_sdk_4.4.4/platform/Device/SiliconLabs/BGM22/Source/system_bgm22.o
                0x0000000000003290                SystemInit
 .text.SystemHFRCODPLLClockGet
                0x00000000000032f4        0xc ./gecko_sdk_4.4.4/platform/Device/SiliconLabs/BGM22/Source/system_bgm22.o
                0x00000000000032f4                SystemHFRCODPLLClockGet
 .text.SystemSYSCLKGet
                0x0000000000003300       0x34 ./gecko_sdk_4.4.4/platform/Device/SiliconLabs/BGM22/Source/system_bgm22.o
                0x0000000000003300                SystemSYSCLKGet
 .text.SystemHCLKGet
                0x0000000000003334       0x24 ./gecko_sdk_4.4.4/platform/Device/SiliconLabs/BGM22/Source/system_bgm22.o
                0x0000000000003334                SystemHCLKGet
 .text.SystemMaxCoreClockGet
                0x0000000000003358        0x8 ./gecko_sdk_4.4.4/platform/Device/SiliconLabs/BGM22/Source/system_bgm22.o
                0x0000000000003358                SystemMaxCoreClockGet
 .text.SystemHFXOClockGet
                0x0000000000003360        0xc ./gecko_sdk_4.4.4/platform/Device/SiliconLabs/BGM22/Source/system_bgm22.o
                0x0000000000003360                SystemHFXOClockGet
 .text.SystemHFXOClockSet
                0x000000000000336c       0x20 ./gecko_sdk_4.4.4/platform/Device/SiliconLabs/BGM22/Source/system_bgm22.o
                0x000000000000336c                SystemHFXOClockSet
 .text.SystemFSRCOClockGet
                0x000000000000338c        0x8 ./gecko_sdk_4.4.4/platform/Device/SiliconLabs/BGM22/Source/system_bgm22.o
                0x000000000000338c                SystemFSRCOClockGet
 .text.SystemLFXOClockGet
                0x0000000000003394        0xc ./gecko_sdk_4.4.4/platform/Device/SiliconLabs/BGM22/Source/system_bgm22.o
                0x0000000000003394                SystemLFXOClockGet
 .text._sbrk    0x00000000000033a0       0x20 ./gecko_sdk_4.4.4/platform/common/toolchain/src/sl_memory.o
                0x00000000000033a0                _sbrk
 .text.sl_debug_swo_init
                0x00000000000033c0       0xc0 ./gecko_sdk_4.4.4/platform/driver/debug/src/sl_debug_swo.o
                0x00000000000033c0                sl_debug_swo_init
 .text.sl_debug_swo_write_u8
                0x0000000000003480       0x44 ./gecko_sdk_4.4.4/platform/driver/debug/src/sl_debug_swo.o
                0x0000000000003480                sl_debug_swo_write_u8
 .text.StartTransfer
                0x00000000000034c4      0x17c ./gecko_sdk_4.4.4/platform/emdrv/dmadrv/src/dmadrv.o
 .text.DMADRV_AllocateChannel
                0x0000000000003640       0x60 ./gecko_sdk_4.4.4/platform/emdrv/dmadrv/src/dmadrv.o
                0x0000000000003640                DMADRV_AllocateChannel
 .text.DMADRV_DeInit
                0x00000000000036a0       0x44 ./gecko_sdk_4.4.4/platform/emdrv/dmadrv/src/dmadrv.o
                0x00000000000036a0                DMADRV_DeInit
 .text.DMADRV_FreeChannel
                0x00000000000036e4       0x4c ./gecko_sdk_4.4.4/platform/emdrv/dmadrv/src/dmadrv.o
                0x00000000000036e4                DMADRV_FreeChannel
 .text.DMADRV_Init
                0x0000000000003730       0x68 ./gecko_sdk_4.4.4/platform/emdrv/dmadrv/src/dmadrv.o
                0x0000000000003730                DMADRV_Init
 .text.DMADRV_PauseTransfer
                0x0000000000003798       0x40 ./gecko_sdk_4.4.4/platform/emdrv/dmadrv/src/dmadrv.o
                0x0000000000003798                DMADRV_PauseTransfer
 .text.DMADRV_ResumeTransfer
                0x00000000000037d8       0x40 ./gecko_sdk_4.4.4/platform/emdrv/dmadrv/src/dmadrv.o
                0x00000000000037d8                DMADRV_ResumeTransfer
 .text.DMADRV_StopTransfer
                0x0000000000003818       0x40 ./gecko_sdk_4.4.4/platform/emdrv/dmadrv/src/dmadrv.o
                0x0000000000003818                DMADRV_StopTransfer
 .text.DMADRV_TransferCompletePending
                0x0000000000003858       0x50 ./gecko_sdk_4.4.4/platform/emdrv/dmadrv/src/dmadrv.o
                0x0000000000003858                DMADRV_TransferCompletePending
 .text.DMADRV_TransferDone
                0x00000000000038a8       0x44 ./gecko_sdk_4.4.4/platform/emdrv/dmadrv/src/dmadrv.o
                0x00000000000038a8                DMADRV_TransferDone
 .text.LDMA_IRQHandler
                0x00000000000038ec       0x74 ./gecko_sdk_4.4.4/platform/emdrv/dmadrv/src/dmadrv.o
                0x00000000000038ec                LDMA_IRQHandler
 .text.GPIOINT_IRQDispatcher
                0x0000000000003960       0x38 ./gecko_sdk_4.4.4/platform/emdrv/gpiointerrupt/src/gpiointerrupt.o
 .text.GPIOINT_Init
                0x0000000000003998       0x30 ./gecko_sdk_4.4.4/platform/emdrv/gpiointerrupt/src/gpiointerrupt.o
                0x0000000000003998                GPIOINT_Init
 .text.GPIOINT_CallbackRegister
                0x00000000000039c8       0x24 ./gecko_sdk_4.4.4/platform/emdrv/gpiointerrupt/src/gpiointerrupt.o
                0x00000000000039c8                GPIOINT_CallbackRegister
 .text.GPIO_EVEN_IRQHandler
                0x00000000000039ec       0x24 ./gecko_sdk_4.4.4/platform/emdrv/gpiointerrupt/src/gpiointerrupt.o
                0x00000000000039ec                GPIO_EVEN_IRQHandler
 .text.GPIO_ODD_IRQHandler
                0x0000000000003a10       0x24 ./gecko_sdk_4.4.4/platform/emdrv/gpiointerrupt/src/gpiointerrupt.o
                0x0000000000003a10                GPIO_ODD_IRQHandler
 .text.RxDMAComplete
                0x0000000000003a34       0x50 ./gecko_sdk_4.4.4/platform/emdrv/spidrv/src/spidrv.o
 .text.TransferApiPrologue
                0x0000000000003a84       0x48 ./gecko_sdk_4.4.4/platform/emdrv/spidrv/src/spidrv.o
 .text.StartTransferDMA
                0x0000000000003acc       0x8c ./gecko_sdk_4.4.4/platform/emdrv/spidrv/src/spidrv.o
 .text.SPIDRV_Init
                0x0000000000003b58      0x254 ./gecko_sdk_4.4.4/platform/emdrv/spidrv/src/spidrv.o
                0x0000000000003b58                SPIDRV_Init
 .text.SPIDRV_MTransferB
                0x0000000000003dac       0x4c ./gecko_sdk_4.4.4/platform/emdrv/spidrv/src/spidrv.o
                0x0000000000003dac                SPIDRV_MTransferB
 .text.EMU_VScaleGet
                0x0000000000003df8       0x18 ./gecko_sdk_4.4.4/platform/emlib/src/em_cmu.o
 .text.em01GrpaClkGet
                0x0000000000003e10       0x48 ./gecko_sdk_4.4.4/platform/emlib/src/em_cmu.o
 .text.iadcClkGet
                0x0000000000003e58       0x54 ./gecko_sdk_4.4.4/platform/emlib/src/em_cmu.o
 .text.em01GrpbClkGet
                0x0000000000003eac       0x74 ./gecko_sdk_4.4.4/platform/emlib/src/em_cmu.o
 .text.em23GrpaClkGet
                0x0000000000003f20       0x48 ./gecko_sdk_4.4.4/platform/emlib/src/em_cmu.o
 .text.wdog0ClkGet
                0x0000000000003f68       0x64 ./gecko_sdk_4.4.4/platform/emlib/src/em_cmu.o
 .text.rtccClkGet
                0x0000000000003fcc       0x54 ./gecko_sdk_4.4.4/platform/emlib/src/em_cmu.o
 .text.em4GrpaClkGet
                0x0000000000004020       0x48 ./gecko_sdk_4.4.4/platform/emlib/src/em_cmu.o
 .text.euart0ClkGet
                0x0000000000004068       0x48 ./gecko_sdk_4.4.4/platform/emlib/src/em_cmu.o
 .text.CMU_ClockDivGet
                0x00000000000040b0       0x84 ./gecko_sdk_4.4.4/platform/emlib/src/em_cmu.o
                0x00000000000040b0                CMU_ClockDivGet
 .text.flashWaitStateControl
                0x0000000000004134       0x4c ./gecko_sdk_4.4.4/platform/emlib/src/em_cmu.o
 .text.CMU_ClockEnable
                0x0000000000004180       0x54 ./gecko_sdk_4.4.4/platform/emlib/src/em_cmu.o
                0x0000000000004180                CMU_ClockEnable
 .text.CMU_ClockFreqGet
                0x00000000000041d4      0x198 ./gecko_sdk_4.4.4/platform/emlib/src/em_cmu.o
                0x00000000000041d4                CMU_ClockFreqGet
 .text.rhclkPrescOptimize
                0x000000000000436c       0x20 ./gecko_sdk_4.4.4/platform/emlib/src/em_cmu.o
 .text.CMU_ClockSelectGet
                0x000000000000438c      0x168 ./gecko_sdk_4.4.4/platform/emlib/src/em_cmu.o
                0x000000000000438c                CMU_ClockSelectGet
 .text.sli_em_cmu_HFXOSetForceEnable
                0x00000000000044f4       0x18 ./gecko_sdk_4.4.4/platform/emlib/src/em_cmu.o
                0x00000000000044f4                sli_em_cmu_HFXOSetForceEnable
 .text.CMU_HFXOInit
                0x000000000000450c      0x1dc ./gecko_sdk_4.4.4/platform/emlib/src/em_cmu.o
                0x000000000000450c                CMU_HFXOInit
 .text.CMU_HFXOCTuneDeltaGet
                0x00000000000046e8        0xc ./gecko_sdk_4.4.4/platform/emlib/src/em_cmu.o
                0x00000000000046e8                CMU_HFXOCTuneDeltaGet
 .text.CMU_LFXOInit
                0x00000000000046f4       0xc4 ./gecko_sdk_4.4.4/platform/emlib/src/em_cmu.o
                0x00000000000046f4                CMU_LFXOInit
 .text.CMU_LFXOPrecisionSet
                0x00000000000047b8        0xc ./gecko_sdk_4.4.4/platform/emlib/src/em_cmu.o
                0x00000000000047b8                CMU_LFXOPrecisionSet
 .text.CMU_HFXOPrecisionSet
                0x00000000000047c4        0xc ./gecko_sdk_4.4.4/platform/emlib/src/em_cmu.o
                0x00000000000047c4                CMU_HFXOPrecisionSet
 .text.CMU_ClockDivSet
                0x00000000000047d0      0x104 ./gecko_sdk_4.4.4/platform/emlib/src/em_cmu.o
                0x00000000000047d0                CMU_ClockDivSet
 .text.sli_em_cmu_SYSCLKInitPreClockSelect
                0x00000000000048d4       0x20 ./gecko_sdk_4.4.4/platform/emlib/src/em_cmu.o
                0x00000000000048d4                sli_em_cmu_SYSCLKInitPreClockSelect
 .text.pclkDivOptimize
                0x00000000000048f4       0x24 ./gecko_sdk_4.4.4/platform/emlib/src/em_cmu.o
 .text.__NVIC_GetPriority
                0x0000000000004918       0x24 ./gecko_sdk_4.4.4/platform/emlib/src/em_core.o
 .text.CORE_NvicIRQDisabled
                0x000000000000493c       0x34 ./gecko_sdk_4.4.4/platform/emlib/src/em_core.o
                0x000000000000493c                CORE_NvicIRQDisabled
 .text.CORE_IrqIsBlocked
                0x0000000000004970       0x6c ./gecko_sdk_4.4.4/platform/emlib/src/em_core.o
                0x0000000000004970                CORE_IrqIsBlocked
 .text.EMU_EM4Init
                0x00000000000049dc       0x14 ./gecko_sdk_4.4.4/platform/emlib/src/em_emu.o
                0x00000000000049dc                EMU_EM4Init
 .text.EMU_VScaleEM01
                0x00000000000049f0       0xa8 ./gecko_sdk_4.4.4/platform/emlib/src/em_emu.o
                0x00000000000049f0                EMU_VScaleEM01
 .text.EMU_VScaleEM01ByClock
                0x0000000000004a98       0x30 ./gecko_sdk_4.4.4/platform/emlib/src/em_emu.o
                0x0000000000004a98                EMU_VScaleEM01ByClock
 .text.EMU_DCDCModeSet
                0x0000000000004ac8       0xb8 ./gecko_sdk_4.4.4/platform/emlib/src/em_emu.o
                0x0000000000004ac8                EMU_DCDCModeSet
 .text.EMU_DCDCInit
                0x0000000000004b80       0x74 ./gecko_sdk_4.4.4/platform/emlib/src/em_emu.o
                0x0000000000004b80                EMU_DCDCInit
 .text.EUSART_Reset
                0x0000000000004bf4       0x34 ./gecko_sdk_4.4.4/platform/emlib/src/em_eusart.o
                0x0000000000004bf4                EUSART_Reset
 .text.EUSART_Enable
                0x0000000000004c28       0x60 ./gecko_sdk_4.4.4/platform/emlib/src/em_eusart.o
                0x0000000000004c28                EUSART_Enable
 .text.EUSART_BaudrateSet
                0x0000000000004c88      0x128 ./gecko_sdk_4.4.4/platform/emlib/src/em_eusart.o
                0x0000000000004c88                EUSART_BaudrateSet
 .text.EUSART_AsyncInitCommon.constprop.0
                0x0000000000004db0      0x178 ./gecko_sdk_4.4.4/platform/emlib/src/em_eusart.o
 .text.EUSART_UartInitLf
                0x0000000000004f28       0xb4 ./gecko_sdk_4.4.4/platform/emlib/src/em_eusart.o
                0x0000000000004f28                EUSART_UartInitLf
 .text.EUSART_UartInitHf
                0x0000000000004fdc       0x50 ./gecko_sdk_4.4.4/platform/emlib/src/em_eusart.o
                0x0000000000004fdc                EUSART_UartInitHf
 .text.BUS_RegBitWrite
                0x000000000000502c       0x2c ./gecko_sdk_4.4.4/platform/emlib/src/em_gpio.o
 .text.GPIO_PinOutSet
                0x0000000000005058       0x40 ./gecko_sdk_4.4.4/platform/emlib/src/em_gpio.o
 .text.GPIO_PinOutClear
                0x0000000000005098       0x40 ./gecko_sdk_4.4.4/platform/emlib/src/em_gpio.o
 .text.GPIO_ExtIntConfig
                0x00000000000050d8       0xe0 ./gecko_sdk_4.4.4/platform/emlib/src/em_gpio.o
                0x00000000000050d8                GPIO_ExtIntConfig
 .text.GPIO_PinModeSet
                0x00000000000051b8       0x90 ./gecko_sdk_4.4.4/platform/emlib/src/em_gpio.o
                0x00000000000051b8                GPIO_PinModeSet
 .text.LDMA_DeInit
                0x0000000000005248       0x3c ./gecko_sdk_4.4.4/platform/emlib/src/em_ldma.o
                0x0000000000005248                LDMA_DeInit
 .text.LDMA_EnableChannelRequest
                0x0000000000005284       0x40 ./gecko_sdk_4.4.4/platform/emlib/src/em_ldma.o
                0x0000000000005284                LDMA_EnableChannelRequest
 .text.LDMA_Init
                0x00000000000052c4       0x94 ./gecko_sdk_4.4.4/platform/emlib/src/em_ldma.o
                0x00000000000052c4                LDMA_Init
 .text.LDMA_StartTransfer
                0x0000000000005358      0x100 ./gecko_sdk_4.4.4/platform/emlib/src/em_ldma.o
                0x0000000000005358                LDMA_StartTransfer
 .text.LDMA_StopTransfer
                0x0000000000005458       0x38 ./gecko_sdk_4.4.4/platform/emlib/src/em_ldma.o
                0x0000000000005458                LDMA_StopTransfer
 .text.LDMA_TransferDone
                0x0000000000005490       0x44 ./gecko_sdk_4.4.4/platform/emlib/src/em_ldma.o
                0x0000000000005490                LDMA_TransferDone
 .text.RTCC_ChannelInit
                0x00000000000054d4       0x48 ./gecko_sdk_4.4.4/platform/emlib/src/em_rtcc.o
                0x00000000000054d4                RTCC_ChannelInit
 .text.RTCC_Enable
                0x000000000000551c       0x54 ./gecko_sdk_4.4.4/platform/emlib/src/em_rtcc.o
                0x000000000000551c                RTCC_Enable
 .text.RTCC_Init
                0x0000000000005570       0x48 ./gecko_sdk_4.4.4/platform/emlib/src/em_rtcc.o
                0x0000000000005570                RTCC_Init
 .text.SYSTEM_GetProdRev
                0x00000000000055b8       0x10 ./gecko_sdk_4.4.4/platform/emlib/src/em_system.o
                0x00000000000055b8                SYSTEM_GetProdRev
 .text.USART_BaudrateSyncSet
                0x00000000000055c8       0x48 ./gecko_sdk_4.4.4/platform/emlib/src/em_usart.o
                0x00000000000055c8                USART_BaudrateSyncSet
 .text.USART_Reset
                0x0000000000005610       0x70 ./gecko_sdk_4.4.4/platform/emlib/src/em_usart.o
                0x0000000000005610                USART_Reset
 .text.USART_InitSync
                0x0000000000005680       0xcc ./gecko_sdk_4.4.4/platform/emlib/src/em_usart.o
                0x0000000000005680                USART_InitSync
 .text.sl_device_init_dcdc
                0x000000000000574c       0x20 ./gecko_sdk_4.4.4/platform/service/device_init/src/sl_device_init_dcdc_s2.o
                0x000000000000574c                sl_device_init_dcdc
 .text.sl_device_init_emu
                0x000000000000576c       0x24 ./gecko_sdk_4.4.4/platform/service/device_init/src/sl_device_init_emu_s2.o
                0x000000000000576c                sl_device_init_emu
 .text.sl_device_init_hfxo
                0x0000000000005790       0x74 ./gecko_sdk_4.4.4/platform/service/device_init/src/sl_device_init_hfxo_s2.o
                0x0000000000005790                sl_device_init_hfxo
 .text.sl_device_init_lfxo
                0x0000000000005804       0x2c ./gecko_sdk_4.4.4/platform/service/device_init/src/sl_device_init_lfxo_s2.o
                0x0000000000005804                sl_device_init_lfxo
 .text.sl_device_init_nvic
                0x0000000000005830       0x3c ./gecko_sdk_4.4.4/platform/service/device_init/src/sl_device_init_nvic.o
                0x0000000000005830                sl_device_init_nvic
 .text.sl_iostream_set_default
                0x000000000000586c       0x18 ./gecko_sdk_4.4.4/platform/service/iostream/src/sl_iostream.o
                0x000000000000586c                sl_iostream_set_default
 .text.sl_iostream_get_default
                0x0000000000005884       0x18 ./gecko_sdk_4.4.4/platform/service/iostream/src/sl_iostream.o
                0x0000000000005884                sl_iostream_get_default
 .text.sl_iostream_eusart_init
                0x000000000000589c      0x1e4 ./gecko_sdk_4.4.4/platform/service/iostream/src/sl_iostream_eusart.o
                0x000000000000589c                sl_iostream_eusart_init
 .text._write   0x0000000000005a80       0x20 ./gecko_sdk_4.4.4/platform/service/iostream/src/sl_iostream_retarget_stdio.o
                0x0000000000005a80                _write
 .text.sl_iostream_stdlib_disable_buffering
                0x0000000000005aa0       0x14 ./gecko_sdk_4.4.4/platform/service/iostream/src/sl_iostream_stdlib_config.o
                0x0000000000005aa0                sl_iostream_stdlib_disable_buffering
 .text.get_write_ptr
                0x0000000000005ab4       0x40 ./gecko_sdk_4.4.4/platform/service/iostream/src/sl_iostream_uart.o
 .text.dma_irq_handler
                0x0000000000005af4       0x74 ./gecko_sdk_4.4.4/platform/service/iostream/src/sl_iostream_uart.o
 .text.uart_read
                0x0000000000005b68      0x1f4 ./gecko_sdk_4.4.4/platform/service/iostream/src/sl_iostream_uart.o
 .text.uart_deinit
                0x0000000000005d5c       0x98 ./gecko_sdk_4.4.4/platform/service/iostream/src/sl_iostream_uart.o
 .text.uart_write
                0x0000000000005df4       0xc0 ./gecko_sdk_4.4.4/platform/service/iostream/src/sl_iostream_uart.o
 .text.sli_iostream_uart_context_init
                0x0000000000005eb4       0xf8 ./gecko_sdk_4.4.4/platform/service/iostream/src/sl_iostream_uart.o
                0x0000000000005eb4                sli_iostream_uart_context_init
 .text.delta_list_insert_timer
                0x0000000000005fac       0x40 ./gecko_sdk_4.4.4/platform/service/sleeptimer/src/sl_sleeptimer.o
 .text.update_delta_list
                0x0000000000005fec       0x34 ./gecko_sdk_4.4.4/platform/service/sleeptimer/src/sl_sleeptimer.o
 .text.set_comparator_for_next_timer
                0x0000000000006020       0x5c ./gecko_sdk_4.4.4/platform/service/sleeptimer/src/sl_sleeptimer.o
 .text.delta_list_remove_timer
                0x000000000000607c       0x38 ./gecko_sdk_4.4.4/platform/service/sleeptimer/src/sl_sleeptimer.o
 .text.sl_sleeptimer_init
                0x00000000000060b4       0x74 ./gecko_sdk_4.4.4/platform/service/sleeptimer/src/sl_sleeptimer.o
                0x00000000000060b4                sl_sleeptimer_init
 .text.sl_sleeptimer_stop_timer
                0x0000000000006128       0x60 ./gecko_sdk_4.4.4/platform/service/sleeptimer/src/sl_sleeptimer.o
                0x0000000000006128                sl_sleeptimer_stop_timer
 .text.process_timer_irq
                0x0000000000006188      0x150 ./gecko_sdk_4.4.4/platform/service/sleeptimer/src/sl_sleeptimer.o
                0x0000000000006188                process_timer_irq
 .text.sleeptimer_hal_init_timer
                0x00000000000062d8       0x88 ./gecko_sdk_4.4.4/platform/service/sleeptimer/src/sl_sleeptimer_hal_rtcc.o
                0x00000000000062d8                sleeptimer_hal_init_timer
 .text.sleeptimer_hal_set_compare
                0x0000000000006360       0x64 ./gecko_sdk_4.4.4/platform/service/sleeptimer/src/sl_sleeptimer_hal_rtcc.o
                0x0000000000006360                sleeptimer_hal_set_compare
 .text.sleeptimer_hal_disable_int
                0x00000000000063c4       0x30 ./gecko_sdk_4.4.4/platform/service/sleeptimer/src/sl_sleeptimer_hal_rtcc.o
                0x00000000000063c4                sleeptimer_hal_disable_int
 .text.sleeptimer_hal_set_int
                0x00000000000063f4       0x10 ./gecko_sdk_4.4.4/platform/service/sleeptimer/src/sl_sleeptimer_hal_rtcc.o
                0x00000000000063f4                sleeptimer_hal_set_int
 .text.RTCC_IRQHandler
                0x0000000000006404       0x34 ./gecko_sdk_4.4.4/platform/service/sleeptimer/src/sl_sleeptimer_hal_rtcc.o
                0x0000000000006404                RTCC_IRQHandler
 .text.sl_udelay_wait
                0x0000000000006438       0x58 ./gecko_sdk_4.4.4/platform/service/udelay/src/sl_udelay.o
                0x0000000000006438                sl_udelay_wait
 .text          0x0000000000006490      0x378 /Applications/Simplicity Studio.app/Contents/Eclipse/developer/toolchains/gnu_arm/12.2.rel1_2023.7/bin/../lib/gcc/arm-none-eabi/12.2.1/thumb/v8-m.main+fp/hard/libgcc.a(_arm_addsubdf3.o)
                0x0000000000006490                __aeabi_drsub
                0x0000000000006498                __subdf3
                0x0000000000006498                __aeabi_dsub
                0x000000000000649c                __aeabi_dadd
                0x000000000000649c                __adddf3
                0x0000000000006714                __aeabi_ui2d
                0x0000000000006714                __floatunsidf
                0x0000000000006734                __floatsidf
                0x0000000000006734                __aeabi_i2d
                0x0000000000006758                __extendsfdf2
                0x0000000000006758                __aeabi_f2d
                0x000000000000679c                __aeabi_ul2d
                0x000000000000679c                __floatundidf
                0x00000000000067ac                __aeabi_l2d
                0x00000000000067ac                __floatdidf
 .text          0x0000000000006808      0x424 /Applications/Simplicity Studio.app/Contents/Eclipse/developer/toolchains/gnu_arm/12.2.rel1_2023.7/bin/../lib/gcc/arm-none-eabi/12.2.1/thumb/v8-m.main+fp/hard/libgcc.a(_arm_muldivdf3.o)
                0x0000000000006808                __aeabi_dmul
                0x0000000000006808                __muldf3
                0x0000000000006a5c                __aeabi_ddiv
                0x0000000000006a5c                __divdf3
 .text          0x0000000000006c2c      0x110 /Applications/Simplicity Studio.app/Contents/Eclipse/developer/toolchains/gnu_arm/12.2.rel1_2023.7/bin/../lib/gcc/arm-none-eabi/12.2.1/thumb/v8-m.main+fp/hard/libgcc.a(_arm_cmpdf2.o)
                0x0000000000006c2c                __gedf2
                0x0000000000006c2c                __gtdf2
                0x0000000000006c34                __ledf2
                0x0000000000006c34                __ltdf2
                0x0000000000006c3c                __cmpdf2
                0x0000000000006c3c                __eqdf2
                0x0000000000006c3c                __nedf2
                0x0000000000006cb8                __aeabi_cdrcmple
                0x0000000000006cc8                __aeabi_cdcmple
                0x0000000000006cc8                __aeabi_cdcmpeq
                0x0000000000006cd8                __aeabi_dcmpeq
                0x0000000000006cec                __aeabi_dcmplt
                0x0000000000006d00                __aeabi_dcmple
                0x0000000000006d14                __aeabi_dcmpge
                0x0000000000006d28                __aeabi_dcmpgt
 .text          0x0000000000006d3c       0xa0 /Applications/Simplicity Studio.app/Contents/Eclipse/developer/toolchains/gnu_arm/12.2.rel1_2023.7/bin/../lib/gcc/arm-none-eabi/12.2.1/thumb/v8-m.main+fp/hard/libgcc.a(_arm_truncdfsf2.o)
                0x0000000000006d3c                __aeabi_d2f
                0x0000000000006d3c                __truncdfsf2
 .text          0x0000000000006ddc       0x30 /Applications/Simplicity Studio.app/Contents/Eclipse/developer/toolchains/gnu_arm/12.2.rel1_2023.7/bin/../lib/gcc/arm-none-eabi/12.2.1/thumb/v8-m.main+fp/hard/libgcc.a(_aeabi_uldivmod.o)
                0x0000000000006ddc                __aeabi_uldivmod
 .text.__udivmoddi4
                0x0000000000006e0c      0x2ec /Applications/Simplicity Studio.app/Contents/Eclipse/developer/toolchains/gnu_arm/12.2.rel1_2023.7/bin/../lib/gcc/arm-none-eabi/12.2.1/thumb/v8-m.main+fp/hard/libgcc.a(_udivmoddi4.o)
                0x0000000000006e0c                __udivmoddi4
 .text          0x00000000000070f8        0x4 /Applications/Simplicity Studio.app/Contents/Eclipse/developer/toolchains/gnu_arm/12.2.rel1_2023.7/bin/../lib/gcc/arm-none-eabi/12.2.1/thumb/v8-m.main+fp/hard/libgcc.a(_dvmd_tls.o)
                0x00000000000070f8                __aeabi_ldiv0
                0x00000000000070f8                __aeabi_idiv0
 .text.exit     0x00000000000070fc       0x24 /Applications/Simplicity Studio.app/Contents/Eclipse/developer/toolchains/gnu_arm/12.2.rel1_2023.7/bin/../lib/gcc/arm-none-eabi/12.2.1/../../../../arm-none-eabi/lib/thumb/v8-m.main+fp/hard/libc_nano.a(libc_a-exit.o)
                0x00000000000070fc                exit
 .text._printf_float
                0x0000000000007120      0x468 /Applications/Simplicity Studio.app/Contents/Eclipse/developer/toolchains/gnu_arm/12.2.rel1_2023.7/bin/../lib/gcc/arm-none-eabi/12.2.1/../../../../arm-none-eabi/lib/thumb/v8-m.main+fp/hard/libc_nano.a(libc_a-nano-vfprintf_float.o)
                0x0000000000007120                _printf_float
 .text._printf_i
                0x0000000000007588      0x258 /Applications/Simplicity Studio.app/Contents/Eclipse/developer/toolchains/gnu_arm/12.2.rel1_2023.7/bin/../lib/gcc/arm-none-eabi/12.2.1/../../../../arm-none-eabi/lib/thumb/v8-m.main+fp/hard/libc_nano.a(libc_a-nano-vfprintf_i.o)
                0x0000000000007588                _printf_i
 .text.setvbuf  0x00000000000077e0      0x168 /Applications/Simplicity Studio.app/Contents/Eclipse/developer/toolchains/gnu_arm/12.2.rel1_2023.7/bin/../lib/gcc/arm-none-eabi/12.2.1/../../../../arm-none-eabi/lib/thumb/v8-m.main+fp/hard/libc_nano.a(libc_a-setvbuf.o)
                0x00000000000077e0                setvbuf
 .text.std      0x0000000000007948       0x6c /Applications/Simplicity Studio.app/Contents/Eclipse/developer/toolchains/gnu_arm/12.2.rel1_2023.7/bin/../lib/gcc/arm-none-eabi/12.2.1/../../../../arm-none-eabi/lib/thumb/v8-m.main+fp/hard/libc_nano.a(libc_a-findfp.o)
 .text.stdio_exit_handler
                0x00000000000079b4       0x18 /Applications/Simplicity Studio.app/Contents/Eclipse/developer/toolchains/gnu_arm/12.2.rel1_2023.7/bin/../lib/gcc/arm-none-eabi/12.2.1/../../../../arm-none-eabi/lib/thumb/v8-m.main+fp/hard/libc_nano.a(libc_a-findfp.o)
 .text.cleanup_stdio
                0x00000000000079cc       0x40 /Applications/Simplicity Studio.app/Contents/Eclipse/developer/toolchains/gnu_arm/12.2.rel1_2023.7/bin/../lib/gcc/arm-none-eabi/12.2.1/../../../../arm-none-eabi/lib/thumb/v8-m.main+fp/hard/libc_nano.a(libc_a-findfp.o)
 .text.global_stdio_init.part.0
                0x0000000000007a0c       0x3c /Applications/Simplicity Studio.app/Contents/Eclipse/developer/toolchains/gnu_arm/12.2.rel1_2023.7/bin/../lib/gcc/arm-none-eabi/12.2.1/../../../../arm-none-eabi/lib/thumb/v8-m.main+fp/hard/libc_nano.a(libc_a-findfp.o)
 .text.__sfp_lock_acquire
                0x0000000000007a48        0xc /Applications/Simplicity Studio.app/Contents/Eclipse/developer/toolchains/gnu_arm/12.2.rel1_2023.7/bin/../lib/gcc/arm-none-eabi/12.2.1/../../../../arm-none-eabi/lib/thumb/v8-m.main+fp/hard/libc_nano.a(libc_a-findfp.o)
                0x0000000000007a48                __sfp_lock_acquire
 .text.__sfp_lock_release
                0x0000000000007a54        0xc /Applications/Simplicity Studio.app/Contents/Eclipse/developer/toolchains/gnu_arm/12.2.rel1_2023.7/bin/../lib/gcc/arm-none-eabi/12.2.1/../../../../arm-none-eabi/lib/thumb/v8-m.main+fp/hard/libc_nano.a(libc_a-findfp.o)
                0x0000000000007a54                __sfp_lock_release
 .text.__sinit  0x0000000000007a60       0x30 /Applications/Simplicity Studio.app/Contents/Eclipse/developer/toolchains/gnu_arm/12.2.rel1_2023.7/bin/../lib/gcc/arm-none-eabi/12.2.1/../../../../arm-none-eabi/lib/thumb/v8-m.main+fp/hard/libc_nano.a(libc_a-findfp.o)
                0x0000000000007a60                __sinit
 .text.printf   0x0000000000007a90       0x24 /Applications/Simplicity Studio.app/Contents/Eclipse/developer/toolchains/gnu_arm/12.2.rel1_2023.7/bin/../lib/gcc/arm-none-eabi/12.2.1/../../../../arm-none-eabi/lib/thumb/v8-m.main+fp/hard/libc_nano.a(libc_a-printf.o)
                0x0000000000007a90                printf
                0x0000000000007a90                iprintf
 .text.puts     0x0000000000007ab4       0x10 /Applications/Simplicity Studio.app/Contents/Eclipse/developer/toolchains/gnu_arm/12.2.rel1_2023.7/bin/../lib/gcc/arm-none-eabi/12.2.1/../../../../arm-none-eabi/lib/thumb/v8-m.main+fp/hard/libc_nano.a(libc_a-puts.o)
                0x0000000000007ab4                puts
 .text._localeconv_r
                0x0000000000007ac4        0x8 /Applications/Simplicity Studio.app/Contents/Eclipse/developer/toolchains/gnu_arm/12.2.rel1_2023.7/bin/../lib/gcc/arm-none-eabi/12.2.1/../../../../arm-none-eabi/lib/thumb/v8-m.main+fp/hard/libc_nano.a(libc_a-localeconv.o)
                0x0000000000007ac4                _localeconv_r
 .text._fstat_r
                0x0000000000007acc       0x24 /Applications/Simplicity Studio.app/Contents/Eclipse/developer/toolchains/gnu_arm/12.2.rel1_2023.7/bin/../lib/gcc/arm-none-eabi/12.2.1/../../../../arm-none-eabi/lib/thumb/v8-m.main+fp/hard/libc_nano.a(libc_a-fstatr.o)
                0x0000000000007acc                _fstat_r
 .text._isatty_r
                0x0000000000007af0       0x20 /Applications/Simplicity Studio.app/Contents/Eclipse/developer/toolchains/gnu_arm/12.2.rel1_2023.7/bin/../lib/gcc/arm-none-eabi/12.2.1/../../../../arm-none-eabi/lib/thumb/v8-m.main+fp/hard/libc_nano.a(libc_a-isattyr.o)
                0x0000000000007af0                _isatty_r
 .text.__libc_init_array
                0x0000000000007b10       0x48 /Applications/Simplicity Studio.app/Contents/Eclipse/developer/toolchains/gnu_arm/12.2.rel1_2023.7/bin/../lib/gcc/arm-none-eabi/12.2.1/../../../../arm-none-eabi/lib/thumb/v8-m.main+fp/hard/libc_nano.a(libc_a-init.o)
                0x0000000000007b10                __libc_init_array
 .text._free_r  0x0000000000007b58       0x94 /Applications/Simplicity Studio.app/Contents/Eclipse/developer/toolchains/gnu_arm/12.2.rel1_2023.7/bin/../lib/gcc/arm-none-eabi/12.2.1/../../../../arm-none-eabi/lib/thumb/v8-m.main+fp/hard/libc_nano.a(libc_a-freer.o)
                0x0000000000007b58                _free_r
 .text._vfprintf_r
                0x0000000000007bec      0x230 /Applications/Simplicity Studio.app/Contents/Eclipse/developer/toolchains/gnu_arm/12.2.rel1_2023.7/bin/../lib/gcc/arm-none-eabi/12.2.1/../../../../arm-none-eabi/lib/thumb/v8-m.main+fp/hard/libc_nano.a(libc_a-nano-vfprintf.o)
                0x0000000000007bec                _vfiprintf_r
                0x0000000000007bec                _vfprintf_r
 .text.malloc   0x0000000000007e1c       0x10 /Applications/Simplicity Studio.app/Contents/Eclipse/developer/toolchains/gnu_arm/12.2.rel1_2023.7/bin/../lib/gcc/arm-none-eabi/12.2.1/../../../../arm-none-eabi/lib/thumb/v8-m.main+fp/hard/libc_nano.a(libc_a-malloc.o)
                0x0000000000007e1c                malloc
 .text.sbrk_aligned
                0x0000000000007e2c       0x44 /Applications/Simplicity Studio.app/Contents/Eclipse/developer/toolchains/gnu_arm/12.2.rel1_2023.7/bin/../lib/gcc/arm-none-eabi/12.2.1/../../../../arm-none-eabi/lib/thumb/v8-m.main+fp/hard/libc_nano.a(libc_a-mallocr.o)
 .text._malloc_r
                0x0000000000007e70       0xf0 /Applications/Simplicity Studio.app/Contents/Eclipse/developer/toolchains/gnu_arm/12.2.rel1_2023.7/bin/../lib/gcc/arm-none-eabi/12.2.1/../../../../arm-none-eabi/lib/thumb/v8-m.main+fp/hard/libc_nano.a(libc_a-mallocr.o)
                0x0000000000007e70                _malloc_r
 .text.__malloc_lock
                0x0000000000007f60        0xc /Applications/Simplicity Studio.app/Contents/Eclipse/developer/toolchains/gnu_arm/12.2.rel1_2023.7/bin/../lib/gcc/arm-none-eabi/12.2.1/../../../../arm-none-eabi/lib/thumb/v8-m.main+fp/hard/libc_nano.a(libc_a-mlock.o)
                0x0000000000007f60                __malloc_lock
 .text.__malloc_unlock
                0x0000000000007f6c        0xc /Applications/Simplicity Studio.app/Contents/Eclipse/developer/toolchains/gnu_arm/12.2.rel1_2023.7/bin/../lib/gcc/arm-none-eabi/12.2.1/../../../../arm-none-eabi/lib/thumb/v8-m.main+fp/hard/libc_nano.a(libc_a-mlock.o)
                0x0000000000007f6c                __malloc_unlock
 .text._Balloc  0x0000000000007f78       0x80 /Applications/Simplicity Studio.app/Contents/Eclipse/developer/toolchains/gnu_arm/12.2.rel1_2023.7/bin/../lib/gcc/arm-none-eabi/12.2.1/../../../../arm-none-eabi/lib/thumb/v8-m.main+fp/hard/libc_nano.a(libc_a-mprec.o)
                0x0000000000007f78                _Balloc
 .text._Bfree   0x0000000000007ff8       0x44 /Applications/Simplicity Studio.app/Contents/Eclipse/developer/toolchains/gnu_arm/12.2.rel1_2023.7/bin/../lib/gcc/arm-none-eabi/12.2.1/../../../../arm-none-eabi/lib/thumb/v8-m.main+fp/hard/libc_nano.a(libc_a-mprec.o)
                0x0000000000007ff8                _Bfree
 .text.__multadd
                0x000000000000803c       0x90 /Applications/Simplicity Studio.app/Contents/Eclipse/developer/toolchains/gnu_arm/12.2.rel1_2023.7/bin/../lib/gcc/arm-none-eabi/12.2.1/../../../../arm-none-eabi/lib/thumb/v8-m.main+fp/hard/libc_nano.a(libc_a-mprec.o)
                0x000000000000803c                __multadd
 .text.__i2b    0x00000000000080cc       0x2c /Applications/Simplicity Studio.app/Contents/Eclipse/developer/toolchains/gnu_arm/12.2.rel1_2023.7/bin/../lib/gcc/arm-none-eabi/12.2.1/../../../../arm-none-eabi/lib/thumb/v8-m.main+fp/hard/libc_nano.a(libc_a-mprec.o)
                0x00000000000080cc                __i2b
 .text.__multiply
                0x00000000000080f8      0x154 /Applications/Simplicity Studio.app/Contents/Eclipse/developer/toolchains/gnu_arm/12.2.rel1_2023.7/bin/../lib/gcc/arm-none-eabi/12.2.1/../../../../arm-none-eabi/lib/thumb/v8-m.main+fp/hard/libc_nano.a(libc_a-mprec.o)
                0x00000000000080f8                __multiply
 .text.__pow5mult
                0x000000000000824c       0xb4 /Applications/Simplicity Studio.app/Contents/Eclipse/developer/toolchains/gnu_arm/12.2.rel1_2023.7/bin/../lib/gcc/arm-none-eabi/12.2.1/../../../../arm-none-eabi/lib/thumb/v8-m.main+fp/hard/libc_nano.a(libc_a-mprec.o)
                0x000000000000824c                __pow5mult
 .text.__lshift
                0x0000000000008300       0xd8 /Applications/Simplicity Studio.app/Contents/Eclipse/developer/toolchains/gnu_arm/12.2.rel1_2023.7/bin/../lib/gcc/arm-none-eabi/12.2.1/../../../../arm-none-eabi/lib/thumb/v8-m.main+fp/hard/libc_nano.a(libc_a-mprec.o)
                0x0000000000008300                __lshift
 .text.__mdiff  0x00000000000083d8      0x130 /Applications/Simplicity Studio.app/Contents/Eclipse/developer/toolchains/gnu_arm/12.2.rel1_2023.7/bin/../lib/gcc/arm-none-eabi/12.2.1/../../../../arm-none-eabi/lib/thumb/v8-m.main+fp/hard/libc_nano.a(libc_a-mprec.o)
                0x00000000000083d8                __mdiff
 .text.__d2b    0x0000000000008508       0xb0 /Applications/Simplicity Studio.app/Contents/Eclipse/developer/toolchains/gnu_arm/12.2.rel1_2023.7/bin/../lib/gcc/arm-none-eabi/12.2.1/../../../../arm-none-eabi/lib/thumb/v8-m.main+fp/hard/libc_nano.a(libc_a-mprec.o)
                0x0000000000008508                __d2b
 .text.__swsetup_r
                0x00000000000085b8       0xac /Applications/Simplicity Studio.app/Contents/Eclipse/developer/toolchains/gnu_arm/12.2.rel1_2023.7/bin/../lib/gcc/arm-none-eabi/12.2.1/../../../../arm-none-eabi/lib/thumb/v8-m.main+fp/hard/libc_nano.a(libc_a-wsetup.o)
                0x00000000000085b8                __swsetup_r
 .text._close_r
                0x0000000000008664       0x20 /Applications/Simplicity Studio.app/Contents/Eclipse/developer/toolchains/gnu_arm/12.2.rel1_2023.7/bin/../lib/gcc/arm-none-eabi/12.2.1/../../../../arm-none-eabi/lib/thumb/v8-m.main+fp/hard/libc_nano.a(libc_a-closer.o)
                0x0000000000008664                _close_r
 .text._lseek_r
                0x0000000000008684       0x24 /Applications/Simplicity Studio.app/Contents/Eclipse/developer/toolchains/gnu_arm/12.2.rel1_2023.7/bin/../lib/gcc/arm-none-eabi/12.2.1/../../../../arm-none-eabi/lib/thumb/v8-m.main+fp/hard/libc_nano.a(libc_a-lseekr.o)
                0x0000000000008684                _lseek_r
 .text._read_r  0x00000000000086a8       0x24 /Applications/Simplicity Studio.app/Contents/Eclipse/developer/toolchains/gnu_arm/12.2.rel1_2023.7/bin/../lib/gcc/arm-none-eabi/12.2.1/../../../../arm-none-eabi/lib/thumb/v8-m.main+fp/hard/libc_nano.a(libc_a-readr.o)
                0x00000000000086a8                _read_r
 .text._sbrk_r  0x00000000000086cc       0x20 /Applications/Simplicity Studio.app/Contents/Eclipse/developer/toolchains/gnu_arm/12.2.rel1_2023.7/bin/../lib/gcc/arm-none-eabi/12.2.1/../../../../arm-none-eabi/lib/thumb/v8-m.main+fp/hard/libc_nano.a(libc_a-sbrkr.o)
                0x00000000000086cc                _sbrk_r
 .text._write_r
                0x00000000000086ec       0x24 /Applications/Simplicity Studio.app/Contents/Eclipse/developer/toolchains/gnu_arm/12.2.rel1_2023.7/bin/../lib/gcc/arm-none-eabi/12.2.1/../../../../arm-none-eabi/lib/thumb/v8-m.main+fp/hard/libc_nano.a(libc_a-writer.o)
                0x00000000000086ec                _write_r
 .text.__assert_func
                0x0000000000008710       0x3c /Applications/Simplicity Studio.app/Contents/Eclipse/developer/toolchains/gnu_arm/12.2.rel1_2023.7/bin/../lib/gcc/arm-none-eabi/12.2.1/../../../../arm-none-eabi/lib/thumb/v8-m.main+fp/hard/libc_nano.a(libc_a-assert.o)
                0x0000000000008710                __assert_func
 .text.fprintf  0x000000000000874c       0x24 /Applications/Simplicity Studio.app/Contents/Eclipse/developer/toolchains/gnu_arm/12.2.rel1_2023.7/bin/../lib/gcc/arm-none-eabi/12.2.1/../../../../arm-none-eabi/lib/thumb/v8-m.main+fp/hard/libc_nano.a(libc_a-fprintf.o)
                0x000000000000874c                fprintf
                0x000000000000874c                fiprintf
 .text.raise    0x0000000000008770       0x10 /Applications/Simplicity Studio.app/Contents/Eclipse/developer/toolchains/gnu_arm/12.2.rel1_2023.7/bin/../lib/gcc/arm-none-eabi/12.2.1/../../../../arm-none-eabi/lib/thumb/v8-m.main+fp/hard/libc_nano.a(libc_a-signal.o)
                0x0000000000008770                raise
 .text._kill_r  0x0000000000008780       0x24 /Applications/Simplicity Studio.app/Contents/Eclipse/developer/toolchains/gnu_arm/12.2.rel1_2023.7/bin/../lib/gcc/arm-none-eabi/12.2.1/../../../../arm-none-eabi/lib/thumb/v8-m.main+fp/hard/libc_nano.a(libc_a-signalr.o)
                0x0000000000008780                _kill_r
 .text          0x00000000000087a4       0x2c /Applications/Simplicity Studio.app/Contents/Eclipse/developer/toolchains/gnu_arm/12.2.rel1_2023.7/bin/../lib/gcc/arm-none-eabi/12.2.1/thumb/v8-m.main+fp/hard/libgcc.a(_arm_unorddf2.o)
                0x00000000000087a4                __aeabi_dcmpun
                0x00000000000087a4                __unorddf2
 .text          0x00000000000087d0       0x50 /Applications/Simplicity Studio.app/Contents/Eclipse/developer/toolchains/gnu_arm/12.2.rel1_2023.7/bin/../lib/gcc/arm-none-eabi/12.2.1/thumb/v8-m.main+fp/hard/libgcc.a(_arm_fixdfsi.o)
                0x00000000000087d0                __fixdfsi
                0x00000000000087d0                __aeabi_d2iz
 .text.atan2    0x0000000000008820        0x4 /Applications/Simplicity Studio.app/Contents/Eclipse/developer/toolchains/gnu_arm/12.2.rel1_2023.7/bin/../lib/gcc/arm-none-eabi/12.2.1/../../../../arm-none-eabi/lib/thumb/v8-m.main+fp/hard/libm.a(libm_a-w_atan2.o)
                0x0000000000008820                atan2
 .text.sqrt     0x0000000000008824       0x68 /Applications/Simplicity Studio.app/Contents/Eclipse/developer/toolchains/gnu_arm/12.2.rel1_2023.7/bin/../lib/gcc/arm-none-eabi/12.2.1/../../../../arm-none-eabi/lib/thumb/v8-m.main+fp/hard/libm.a(libm_a-w_sqrt.o)
                0x0000000000008824                sqrt
 .text.fabs     0x000000000000888c       0x10 /Applications/Simplicity Studio.app/Contents/Eclipse/developer/toolchains/gnu_arm/12.2.rel1_2023.7/bin/../lib/gcc/arm-none-eabi/12.2.1/../../../../arm-none-eabi/lib/thumb/v8-m.main+fp/hard/libm.a(libm_a-s_fabs.o)
                0x000000000000888c                fabs
 .text.__ieee754_sqrt
                0x000000000000889c      0x1f4 /Applications/Simplicity Studio.app/Contents/Eclipse/developer/toolchains/gnu_arm/12.2.rel1_2023.7/bin/../lib/gcc/arm-none-eabi/12.2.1/../../../../arm-none-eabi/lib/thumb/v8-m.main+fp/hard/libm.a(libm_a-e_sqrt.o)
                0x000000000000889c                __ieee754_sqrt
 .text.__errno  0x0000000000008a90        0xc /Applications/Simplicity Studio.app/Contents/Eclipse/developer/toolchains/gnu_arm/12.2.rel1_2023.7/bin/../lib/gcc/arm-none-eabi/12.2.1/../../../../arm-none-eabi/lib/thumb/v8-m.main+fp/hard/libc_nano.a(libc_a-errno.o)
                0x0000000000008a90                __errno
 .text.AD5940_Delay10us
                0x0000000000008a9c        0x8 ./BGM220Port.o
                0x0000000000008a9c                AD5940_Delay10us
 .text.app_init
                0x0000000000008aa4        0xe ./app.o
                0x0000000000008aa4                app_init
 .text.app_process_action
                0x0000000000008ab2        0x4 ./app.o
                0x0000000000008ab2                app_process_action
 .text.startup.main
                0x0000000000008ab6       0x16 ./main.o
                0x0000000000008ab6                main
 .text.spidrv_app_process_action
                0x0000000000008acc        0x4 ./spidrv_master_baremetal.o
                0x0000000000008acc                spidrv_app_process_action
 .text._is_value_in_table
                0x0000000000008ad0       0x1a ./ad5940lib/ad5940.o
 .text.AD5940_ReadWrite16B
                0x0000000000008aea       0x20 ./ad5940lib/ad5940.o
 .text.AD5940_ReadWrite32B
                0x0000000000008b0a       0x1c ./ad5940lib/ad5940.o
 .text.AD5940_ReadWrite8B.isra.0
                0x0000000000008b26       0x16 ./ad5940lib/ad5940.o
 .text.AD5940_SPIReadReg
                0x0000000000008b3c       0x4e ./ad5940lib/ad5940.o
 .text.AD5940_StructInit
                0x0000000000008b8a        0x8 ./ad5940lib/ad5940.o
                0x0000000000008b8a                AD5940_StructInit
 .text.AD5940_ComplexDivInt
                0x0000000000008b92       0x46 ./ad5940lib/ad5940.o
                0x0000000000008b92                AD5940_ComplexDivInt
 .text.AD5940_ComplexMag
                0x0000000000008bd8       0x30 ./ad5940lib/ad5940.o
                0x0000000000008bd8                AD5940_ComplexMag
 .text.AD5940_ComplexPhase
                0x0000000000008c08       0x3a ./ad5940lib/ad5940.o
                0x0000000000008c08                AD5940_ComplexPhase
 .text.AD5940_FIFORd
                0x0000000000008c42       0x94 ./ad5940lib/ad5940.o
                0x0000000000008c42                AD5940_FIFORd
 .text.AD5940_AFECtrlS
                0x0000000000008cd6       0x58 ./ad5940lib/ad5940.o
                0x0000000000008cd6                AD5940_AFECtrlS
 .text.AD5940_AFEPwrBW
                0x0000000000008d2e        0xc ./ad5940lib/ad5940.o
                0x0000000000008d2e                AD5940_AFEPwrBW
 .text.AD5940_REFCfgS
                0x0000000000008d3a       0xaa ./ad5940lib/ad5940.o
                0x0000000000008d3a                AD5940_REFCfgS
 .text.AD5940_SWMatrixCfgS
                0x0000000000008de4       0x3c ./ad5940lib/ad5940.o
                0x0000000000008de4                AD5940_SWMatrixCfgS
 .text.AD5940_HSDacCfgS
                0x0000000000008e20       0x28 ./ad5940lib/ad5940.o
                0x0000000000008e20                AD5940_HSDacCfgS
 .text.AD5940_HSTIACfgS
                0x0000000000008e48       0x52 ./ad5940lib/ad5940.o
                0x0000000000008e48                AD5940_HSTIACfgS
 .text.AD5940_WGCfgS
                0x0000000000008e9a       0x9e ./ad5940lib/ad5940.o
                0x0000000000008e9a                AD5940_WGCfgS
 .text.AD5940_HSLoopCfgS
                0x0000000000008f38       0x24 ./ad5940lib/ad5940.o
                0x0000000000008f38                AD5940_HSLoopCfgS
 .text.AD5940_WGDACCodeS
                0x0000000000008f5c       0x12 ./ad5940lib/ad5940.o
                0x0000000000008f5c                AD5940_WGDACCodeS
 .text.AD5940_LPDAC0WriteS
                0x0000000000008f6e       0x14 ./ad5940lib/ad5940.o
                0x0000000000008f6e                AD5940_LPDAC0WriteS
 .text.AD5940_LPDAC1WriteS
                0x0000000000008f82       0x14 ./ad5940lib/ad5940.o
                0x0000000000008f82                AD5940_LPDAC1WriteS
 .text.AD5940_LPDACCfgS
                0x0000000000008f96       0x6c ./ad5940lib/ad5940.o
                0x0000000000008f96                AD5940_LPDACCfgS
 .text.AD5940_LPAMPCfgS
                0x0000000000009002       0x64 ./ad5940lib/ad5940.o
                0x0000000000009002                AD5940_LPAMPCfgS
 .text.AD5940_LPLoopCfgS
                0x0000000000009066       0x14 ./ad5940lib/ad5940.o
                0x0000000000009066                AD5940_LPLoopCfgS
 .text.AD5940_ADCBaseCfgS
                0x000000000000907a       0x16 ./ad5940lib/ad5940.o
                0x000000000000907a                AD5940_ADCBaseCfgS
 .text.AD5940_ADCFilterCfgS
                0x0000000000009090       0x58 ./ad5940lib/ad5940.o
                0x0000000000009090                AD5940_ADCFilterCfgS
 .text.AD5940_ADCDigCompCfgS
                0x00000000000090e8       0x30 ./ad5940lib/ad5940.o
                0x00000000000090e8                AD5940_ADCDigCompCfgS
 .text.AD5940_StatisticCfgS
                0x0000000000009118       0x1c ./ad5940lib/ad5940.o
                0x0000000000009118                AD5940_StatisticCfgS
 .text.AD5940_DFTCfgS
                0x0000000000009134       0x4e ./ad5940lib/ad5940.o
                0x0000000000009134                AD5940_DFTCfgS
 .text.AD5940_DSPCfgS
                0x0000000000009182       0x2c ./ad5940lib/ad5940.o
                0x0000000000009182                AD5940_DSPCfgS
 .text.AD5940_FIFOCfg
                0x00000000000091ae       0x56 ./ad5940lib/ad5940.o
                0x00000000000091ae                AD5940_FIFOCfg
 .text.AD5940_FIFOCtrlS
                0x0000000000009204       0x16 ./ad5940lib/ad5940.o
                0x0000000000009204                AD5940_FIFOCtrlS
 .text.AD5940_FIFOGetCnt
                0x000000000000921a        0xe ./ad5940lib/ad5940.o
                0x000000000000921a                AD5940_FIFOGetCnt
 .text.AD5940_SEQCfg
                0x0000000000009228       0x70 ./ad5940lib/ad5940.o
                0x0000000000009228                AD5940_SEQCfg
 .text.AD5940_SEQGetCfg
                0x0000000000009298       0x36 ./ad5940lib/ad5940.o
                0x0000000000009298                AD5940_SEQGetCfg
 .text.AD5940_SEQCtrlS
                0x00000000000092ce       0x26 ./ad5940lib/ad5940.o
                0x00000000000092ce                AD5940_SEQCtrlS
 .text.AD5940_SEQMmrTrig
                0x00000000000092f4       0x12 ./ad5940lib/ad5940.o
                0x00000000000092f4                AD5940_SEQMmrTrig
 .text.AD5940_SEQCmdWrite
                0x0000000000009306       0x28 ./ad5940lib/ad5940.o
                0x0000000000009306                AD5940_SEQCmdWrite
 .text.AD5940_SEQInfoCfg
                0x000000000000932e       0x62 ./ad5940lib/ad5940.o
                0x000000000000932e                AD5940_SEQInfoCfg
 .text.AD5940_SEQGpioCtrlS
                0x0000000000009390        0xa ./ad5940lib/ad5940.o
                0x0000000000009390                AD5940_SEQGpioCtrlS
 .text.AD5940_SEQTimeOutRd
                0x000000000000939a        0x8 ./ad5940lib/ad5940.o
                0x000000000000939a                AD5940_SEQTimeOutRd
 .text.AD5940_WUPTCfg
                0x00000000000093a2      0x13e ./ad5940lib/ad5940.o
                0x00000000000093a2                AD5940_WUPTCfg
 .text.AD5940_WUPTCtrl
                0x00000000000094e0       0x28 ./ad5940lib/ad5940.o
                0x00000000000094e0                AD5940_WUPTCtrl
 .text.AD5940_WUPTTime
                0x0000000000009508       0xc6 ./ad5940lib/ad5940.o
                0x0000000000009508                AD5940_WUPTTime
 .text.AD5940_HFOSC32MHzCtrl
                0x00000000000095ce       0x78 ./ad5940lib/ad5940.o
                0x00000000000095ce                AD5940_HFOSC32MHzCtrl
 .text.AD5940_CLKCfg
                0x0000000000009646       0xfe ./ad5940lib/ad5940.o
                0x0000000000009646                AD5940_CLKCfg
 .text.AD5940_INTCCfg
                0x0000000000009744       0x30 ./ad5940lib/ad5940.o
                0x0000000000009744                AD5940_INTCCfg
 .text.AD5940_INTCClrFlag
                0x0000000000009774        0xa ./ad5940lib/ad5940.o
                0x0000000000009774                AD5940_INTCClrFlag
 .text.AD5940_INTCTestFlag
                0x000000000000977e       0x22 ./ad5940lib/ad5940.o
                0x000000000000977e                AD5940_INTCTestFlag
 .text.AD5940_INTCGetFlag
                0x00000000000097a0       0x14 ./ad5940lib/ad5940.o
                0x00000000000097a0                AD5940_INTCGetFlag
 .text.AD5940_AGPIOFuncCfg
                0x00000000000097b4        0x8 ./ad5940lib/ad5940.o
                0x00000000000097b4                AD5940_AGPIOFuncCfg
 .text.AD5940_AGPIOOen
                0x00000000000097bc        0x8 ./ad5940lib/ad5940.o
                0x00000000000097bc                AD5940_AGPIOOen
 .text.AD5940_AGPIOIen
                0x00000000000097c4        0x8 ./ad5940lib/ad5940.o
                0x00000000000097c4                AD5940_AGPIOIen
 .text.AD5940_AGPIOPen
                0x00000000000097cc        0x8 ./ad5940lib/ad5940.o
                0x00000000000097cc                AD5940_AGPIOPen
 .text.AD5940_AGPIOCfg
                0x00000000000097d4       0x28 ./ad5940lib/ad5940.o
                0x00000000000097d4                AD5940_AGPIOCfg
 .text.AD5940_SleepKeyCtrlS
                0x00000000000097fc        0xa ./ad5940lib/ad5940.o
                0x00000000000097fc                AD5940_SleepKeyCtrlS
 .text.AD5940_EnterSleepS
                0x0000000000009806       0x1a ./ad5940lib/ad5940.o
                0x0000000000009806                AD5940_EnterSleepS
 .text.AD5940_WakeUp
                0x0000000000009820       0x26 ./ad5940lib/ad5940.o
                0x0000000000009820                AD5940_WakeUp
 .text.AD5940_HWReset
                0x0000000000009846       0x1c ./ad5940lib/ad5940.o
                0x0000000000009846                AD5940_HWReset
 .text.sl_board_default_init
                0x0000000000009862        0x4 ./autogen/sl_board_default_init.o
                0x0000000000009862                sl_board_default_init
 .text.sl_emlib_gpio_simple_init
                0x0000000000009866       0x32 ./autogen/sl_emlib_gpio_simple_init.o
                0x0000000000009866                sl_emlib_gpio_simple_init
 .text.sl_driver_init
                0x0000000000009898       0x1a ./autogen/sl_event_handler.o
                0x0000000000009898                sl_driver_init
 .text.sl_service_init
                0x00000000000098b2       0x16 ./autogen/sl_event_handler.o
                0x00000000000098b2                sl_service_init
 .text.sl_stack_init
                0x00000000000098c8        0x2 ./autogen/sl_event_handler.o
                0x00000000000098c8                sl_stack_init
 .text.sl_internal_app_init
                0x00000000000098ca        0x2 ./autogen/sl_event_handler.o
                0x00000000000098ca                sl_internal_app_init
 .text.sl_platform_process_action
                0x00000000000098cc        0x2 ./autogen/sl_event_handler.o
                0x00000000000098cc                sl_platform_process_action
 .text.sl_service_process_action
                0x00000000000098ce        0x2 ./autogen/sl_event_handler.o
                0x00000000000098ce                sl_service_process_action
 .text.sl_stack_process_action
                0x00000000000098d0        0x2 ./autogen/sl_event_handler.o
                0x00000000000098d0                sl_stack_process_action
 .text.sl_internal_app_process_action
                0x00000000000098d2        0x2 ./autogen/sl_event_handler.o
                0x00000000000098d2                sl_internal_app_process_action
 .text.sl_iostream_eusart_init_instances
                0x00000000000098d4        0x4 ./autogen/sl_iostream_init_eusart_instances.o
                0x00000000000098d4                sl_iostream_eusart_init_instances
 .text.EUART0_TX_IRQHandler
                0x00000000000098d8        0x4 ./autogen/sl_iostream_init_eusart_instances.o
                0x00000000000098d8                EUART0_TX_IRQHandler
 .text.sl_board_enable_vcom
                0x00000000000098dc       0x12 ./gecko_sdk_4.4.4/hardware/board/src/sl_board_control_gpio.o
                0x00000000000098dc                sl_board_enable_vcom
 .text.sl_board_configure_vcom
                0x00000000000098ee        0x4 ./gecko_sdk_4.4.4/hardware/board/src/sl_board_control_gpio.o
                0x00000000000098ee                sl_board_configure_vcom
 .text.sl_board_disable_vcom
                0x00000000000098f2       0x12 ./gecko_sdk_4.4.4/hardware/board/src/sl_board_control_gpio.o
                0x00000000000098f2                sl_board_disable_vcom
 .text.sl_board_init
                0x0000000000009904       0x16 ./gecko_sdk_4.4.4/hardware/board/src/sl_board_init.o
                0x0000000000009904                sl_board_init
 .text.sl_board_preinit
                0x000000000000991a        0x8 ./gecko_sdk_4.4.4/hardware/board/src/sl_board_init.o
                0x000000000000991a                sl_board_preinit
 .text.sli_cos_swo_itm_8_write.constprop.0.isra.0
                0x0000000000009922       0x78 ./gecko_sdk_4.4.4/hardware/driver/configuration_over_swo/src/sl_cos.o
 .text.sl_cos_send_config
                0x000000000000999a       0x12 ./gecko_sdk_4.4.4/hardware/driver/configuration_over_swo/src/sl_cos.o
                0x000000000000999a                sl_cos_send_config
 .text.sl_cos_config_vcom
                0x00000000000099ac       0x1e ./gecko_sdk_4.4.4/hardware/driver/configuration_over_swo/src/sl_cos.o
                0x00000000000099ac                sl_cos_config_vcom
 .text.Default_Handler
                0x00000000000099ca        0x2 ./gecko_sdk_4.4.4/platform/Device/SiliconLabs/BGM22/Source/startup_bgm22.o
                0x00000000000099ca                TRNG_IRQHandler
                0x00000000000099ca                SW2_IRQHandler
                0x00000000000099ca                TIMER2_IRQHandler
                0x00000000000099ca                DebugMon_Handler
                0x00000000000099ca                PKE_IRQHandler
                0x00000000000099ca                USART0_TX_IRQHandler
                0x00000000000099ca                PRORTC_IRQHandler
                0x00000000000099ca                IADC_IRQHandler
                0x00000000000099ca                I2C0_IRQHandler
                0x00000000000099ca                LFXO_IRQHandler
                0x00000000000099ca                CRYPTOACC_IRQHandler
                0x00000000000099ca                HardFault_Handler
                0x00000000000099ca                SMU_SECURE_IRQHandler
                0x00000000000099ca                SysTick_Handler
                0x00000000000099ca                USART1_RX_IRQHandler
                0x00000000000099ca                EMUEFP_IRQHandler
                0x00000000000099ca                PendSV_Handler
                0x00000000000099ca                NMI_Handler
                0x00000000000099ca                SYNTH_IRQHandler
                0x00000000000099ca                HFXO0_IRQHandler
                0x00000000000099ca                I2C1_IRQHandler
                0x00000000000099ca                PDM_IRQHandler
                0x00000000000099ca                WDOG0_IRQHandler
                0x00000000000099ca                TIMER3_IRQHandler
                0x00000000000099ca                SYSCFG_IRQHandler
                0x00000000000099ca                EMUSE_IRQHandler
                0x00000000000099ca                EMUDG_IRQHandler
                0x00000000000099ca                USART1_TX_IRQHandler
                0x00000000000099ca                MSC_IRQHandler
                0x00000000000099ca                DPLL0_IRQHandler
                0x00000000000099ca                UsageFault_Handler
                0x00000000000099ca                M33CTI1_IRQHandler
                0x00000000000099ca                TIMER4_IRQHandler
                0x00000000000099ca                SW0_IRQHandler
                0x00000000000099ca                TIMER0_IRQHandler
                0x00000000000099ca                LETIMER0_IRQHandler
                0x00000000000099ca                TIMER1_IRQHandler
                0x00000000000099ca                HFRCO0_IRQHandler
                0x00000000000099ca                RFSENSE_IRQHandler
                0x00000000000099ca                SecureFault_Handler
                0x00000000000099ca                BUFC_IRQHandler
                0x00000000000099ca                DCDC_IRQHandler
                0x00000000000099ca                MODEM_IRQHandler
                0x00000000000099ca                Default_Handler
                0x00000000000099ca                RAC_SEQ_IRQHandler
                0x00000000000099ca                FRC_PRI_IRQHandler
                0x00000000000099ca                EMU_IRQHandler
                0x00000000000099ca                SW3_IRQHandler
                0x00000000000099ca                KERNEL0_IRQHandler
                0x00000000000099ca                FRC_IRQHandler
                0x00000000000099ca                KERNEL1_IRQHandler
                0x00000000000099ca                AGC_IRQHandler
                0x00000000000099ca                sl_app_properties
                0x00000000000099ca                BURTC_IRQHandler
                0x00000000000099ca                LFRCO_IRQHandler
                0x00000000000099ca                USART0_RX_IRQHandler
                0x00000000000099ca                MemManage_Handler
                0x00000000000099ca                RDMAILBOX_IRQHandler
                0x00000000000099ca                SVC_Handler
                0x00000000000099ca                SMU_S_PRIVILEGED_IRQHandler
                0x00000000000099ca                SW1_IRQHandler
                0x00000000000099ca                CMU_IRQHandler
                0x00000000000099ca                RAC_RSM_IRQHandler
                0x00000000000099ca                AES_IRQHandler
                0x00000000000099ca                M33CTI0_IRQHandler
                0x00000000000099ca                ICACHE0_IRQHandler
                0x00000000000099ca                SMU_NS_PRIVILEGED_IRQHandler
                0x00000000000099ca                PROTIMER_IRQHandler
                0x00000000000099ca                BusFault_Handler
                0x00000000000099ca                ULFRCO_IRQHandler
 .text.FlashToRamCopy
                0x00000000000099cc       0x16 ./gecko_sdk_4.4.4/platform/Device/SiliconLabs/BGM22/Source/system_bgm22.o
                0x00000000000099cc                FlashToRamCopy
 .text.SystemCLKIN0Get
                0x00000000000099e2        0x4 ./gecko_sdk_4.4.4/platform/Device/SiliconLabs/BGM22/Source/system_bgm22.o
                0x00000000000099e2                SystemCLKIN0Get
 .text.SystemLFRCOClockGet
                0x00000000000099e6        0x6 ./gecko_sdk_4.4.4/platform/Device/SiliconLabs/BGM22/Source/system_bgm22.o
                0x00000000000099e6                SystemLFRCOClockGet
 .text.SystemULFRCOClockGet
                0x00000000000099ec        0x6 ./gecko_sdk_4.4.4/platform/Device/SiliconLabs/BGM22/Source/system_bgm22.o
                0x00000000000099ec                SystemULFRCOClockGet
 .text.assertEFM
                0x00000000000099f2        0x2 ./gecko_sdk_4.4.4/platform/common/src/sl_assert.o
                0x00000000000099f2                assertEFM
 .text.sl_debug_swo_enable_itm
                0x00000000000099f4       0x16 ./gecko_sdk_4.4.4/platform/driver/debug/src/sl_debug_swo.o
                0x00000000000099f4                sl_debug_swo_enable_itm
 .text.sl_debug_swo_disable_itm
                0x0000000000009a0a       0x18 ./gecko_sdk_4.4.4/platform/driver/debug/src/sl_debug_swo.o
                0x0000000000009a0a                sl_debug_swo_disable_itm
 .text.DMADRV_MemoryPeripheral
                0x0000000000009a22       0x34 ./gecko_sdk_4.4.4/platform/emdrv/dmadrv/src/dmadrv.o
                0x0000000000009a22                DMADRV_MemoryPeripheral
 .text.DMADRV_PeripheralMemory
                0x0000000000009a56       0x34 ./gecko_sdk_4.4.4/platform/emdrv/dmadrv/src/dmadrv.o
                0x0000000000009a56                DMADRV_PeripheralMemory
 .text.BlockingComplete
                0x0000000000009a8a        0xa ./gecko_sdk_4.4.4/platform/emdrv/spidrv/src/spidrv.o
 .text.WaitForTransferCompletion
                0x0000000000009a94       0x24 ./gecko_sdk_4.4.4/platform/emdrv/spidrv/src/spidrv.o
 .text.waitStateMax
                0x0000000000009ab8       0x10 ./gecko_sdk_4.4.4/platform/emlib/src/em_cmu.o
 .text.CMU_UpdateWaitStates
                0x0000000000009ac8        0xc ./gecko_sdk_4.4.4/platform/emlib/src/em_cmu.o
                0x0000000000009ac8                CMU_UpdateWaitStates
 .text.pclkDivMax
                0x0000000000009ad4        0xa ./gecko_sdk_4.4.4/platform/emlib/src/em_cmu.o
 .text.sli_em_cmu_SYSCLKInitPostClockSelect
                0x0000000000009ade       0x2a ./gecko_sdk_4.4.4/platform/emlib/src/em_cmu.o
                0x0000000000009ade                sli_em_cmu_SYSCLKInitPostClockSelect
 .text.CORE_EnterCritical
                0x0000000000009b08        0x8 ./gecko_sdk_4.4.4/platform/emlib/src/em_core.o
                0x0000000000009b08                CORE_EnterCritical
 .text.CORE_ExitCritical
                0x0000000000009b10        0x6 ./gecko_sdk_4.4.4/platform/emlib/src/em_core.o
                0x0000000000009b10                CORE_ExitCritical
 .text.CORE_EnterAtomic
                0x0000000000009b16        0xc ./gecko_sdk_4.4.4/platform/emlib/src/em_core.o
                0x0000000000009b16                CORE_EnterAtomic
 .text.CORE_ExitAtomic
                0x0000000000009b22        0x6 ./gecko_sdk_4.4.4/platform/emlib/src/em_core.o
                0x0000000000009b22                CORE_ExitAtomic
 .text.EMU_EFPEM01VScale
                0x0000000000009b28        0x2 ./gecko_sdk_4.4.4/platform/emlib/src/em_emu.o
                0x0000000000009b28                EMU_EFPEM01VScale
 .text.EMU_DCDCUpdatedHook
                0x0000000000009b2a        0x2 ./gecko_sdk_4.4.4/platform/emlib/src/em_emu.o
                0x0000000000009b2a                EMU_DCDCUpdatedHook
 .text.eusart_sync
                0x0000000000009b2c        0x8 ./gecko_sdk_4.4.4/platform/emlib/src/em_eusart.o
 .text.EUSART_Disable
                0x0000000000009b34       0x3a ./gecko_sdk_4.4.4/platform/emlib/src/em_eusart.o
 .text.EUSART_Tx
                0x0000000000009b6e        0xa ./gecko_sdk_4.4.4/platform/emlib/src/em_eusart.o
                0x0000000000009b6e                EUSART_Tx
 .text.BUS_RegMaskedWrite
                0x0000000000009b78       0x1e ./gecko_sdk_4.4.4/platform/emlib/src/em_gpio.o
 .text.GPIO_DbgLocationSet
                0x0000000000009b96        0x2 ./gecko_sdk_4.4.4/platform/emlib/src/em_gpio.o
                0x0000000000009b96                GPIO_DbgLocationSet
 .text.RTCC_SyncWait
                0x0000000000009b98       0x10 ./gecko_sdk_4.4.4/platform/emlib/src/em_rtcc.o
 .text.USART_SpiTransfer
                0x0000000000009ba8       0x14 ./gecko_sdk_4.4.4/platform/emlib/src/em_usart.o
                0x0000000000009ba8                USART_SpiTransfer
 .text.sl_iostream_write
                0x0000000000009bbc       0x22 ./gecko_sdk_4.4.4/platform/service/iostream/src/sl_iostream.o
                0x0000000000009bbc                sl_iostream_write
 .text.sl_iostream_read
                0x0000000000009bde       0x30 ./gecko_sdk_4.4.4/platform/service/iostream/src/sl_iostream.o
                0x0000000000009bde                sl_iostream_read
 .text.eusart_deinit
                0x0000000000009c0e       0x70 ./gecko_sdk_4.4.4/platform/service/iostream/src/sl_iostream_eusart.o
 .text.eusart_set_next_byte_detect
                0x0000000000009c7e       0x30 ./gecko_sdk_4.4.4/platform/service/iostream/src/sl_iostream_eusart.o
 .text.eusart_tx
                0x0000000000009cae        0xc ./gecko_sdk_4.4.4/platform/service/iostream/src/sl_iostream_eusart.o
 .text.sl_iostream_eusart_irq_handler
                0x0000000000009cba       0x72 ./gecko_sdk_4.4.4/platform/service/iostream/src/sl_iostream_eusart.o
                0x0000000000009cba                sl_iostream_eusart_irq_handler
 .text._close   0x0000000000009d2c        0x4 ./gecko_sdk_4.4.4/platform/service/iostream/src/sl_iostream_retarget_stdio.o
                0x0000000000009d2c                _close
 .text._exit    0x0000000000009d30        0x2 ./gecko_sdk_4.4.4/platform/service/iostream/src/sl_iostream_retarget_stdio.o
                0x0000000000009d30                _exit
 .text._fstat   0x0000000000009d32        0xa ./gecko_sdk_4.4.4/platform/service/iostream/src/sl_iostream_retarget_stdio.o
                0x0000000000009d32                _fstat
 .text._getpid  0x0000000000009d3c        0x4 ./gecko_sdk_4.4.4/platform/service/iostream/src/sl_iostream_retarget_stdio.o
                0x0000000000009d3c                _getpid
 .text._isatty  0x0000000000009d40        0x4 ./gecko_sdk_4.4.4/platform/service/iostream/src/sl_iostream_retarget_stdio.o
                0x0000000000009d40                _isatty
 .text._kill    0x0000000000009d44        0x6 ./gecko_sdk_4.4.4/platform/service/iostream/src/sl_iostream_retarget_stdio.o
                0x0000000000009d44                _kill
 .text._lseek   0x0000000000009d4a        0x4 ./gecko_sdk_4.4.4/platform/service/iostream/src/sl_iostream_retarget_stdio.o
                0x0000000000009d4a                _lseek
 .text._read    0x0000000000009d4e       0x1c ./gecko_sdk_4.4.4/platform/service/iostream/src/sl_iostream_retarget_stdio.o
                0x0000000000009d4e                _read
 .text.set_auto_cr_lf
                0x0000000000009d6a        0x6 ./gecko_sdk_4.4.4/platform/service/iostream/src/sl_iostream_uart.o
 .text.get_auto_cr_lf
                0x0000000000009d70        0x6 ./gecko_sdk_4.4.4/platform/service/iostream/src/sl_iostream_uart.o
 .text.CMU_PrescToLog2.constprop.0
                0x0000000000009d76        0x4 ./gecko_sdk_4.4.4/platform/service/sleeptimer/src/sl_sleeptimer_hal_rtcc.o
 .text.sleeptimer_hal_get_counter
                0x0000000000009d7a        0xe ./gecko_sdk_4.4.4/platform/service/sleeptimer/src/sl_sleeptimer_hal_rtcc.o
                0x0000000000009d7a                sleeptimer_hal_get_counter
 .text.sleeptimer_hal_enable_int
                0x0000000000009d88       0x18 ./gecko_sdk_4.4.4/platform/service/sleeptimer/src/sl_sleeptimer_hal_rtcc.o
                0x0000000000009d88                sleeptimer_hal_enable_int
 .text.sleeptimer_hal_get_timer_frequency
                0x0000000000009da0       0x14 ./gecko_sdk_4.4.4/platform/service/sleeptimer/src/sl_sleeptimer_hal_rtcc.o
                0x0000000000009da0                sleeptimer_hal_get_timer_frequency
 .text.sl_system_init
                0x0000000000009db4       0x1a ./gecko_sdk_4.4.4/platform/service/system/src/sl_system_init.o
                0x0000000000009db4                sl_system_init
 .text.sl_system_process_action
                0x0000000000009dce       0x16 ./gecko_sdk_4.4.4/platform/service/system/src/sl_system_process_action.o
                0x0000000000009dce                sl_system_process_action
 .text.__cvt    0x0000000000009de4       0xd0 /Applications/Simplicity Studio.app/Contents/Eclipse/developer/toolchains/gnu_arm/12.2.rel1_2023.7/bin/../lib/gcc/arm-none-eabi/12.2.1/../../../../arm-none-eabi/lib/thumb/v8-m.main+fp/hard/libc_nano.a(libc_a-nano-vfprintf_float.o)
                0x0000000000009de4                __cvt
 .text.__exponent
                0x0000000000009eb4       0x72 /Applications/Simplicity Studio.app/Contents/Eclipse/developer/toolchains/gnu_arm/12.2.rel1_2023.7/bin/../lib/gcc/arm-none-eabi/12.2.1/../../../../arm-none-eabi/lib/thumb/v8-m.main+fp/hard/libc_nano.a(libc_a-nano-vfprintf_float.o)
                0x0000000000009eb4                __exponent
 .text._printf_common
                0x0000000000009f26       0xe4 /Applications/Simplicity Studio.app/Contents/Eclipse/developer/toolchains/gnu_arm/12.2.rel1_2023.7/bin/../lib/gcc/arm-none-eabi/12.2.1/../../../../arm-none-eabi/lib/thumb/v8-m.main+fp/hard/libc_nano.a(libc_a-nano-vfprintf_i.o)
                0x0000000000009f26                _printf_common
 .text._fwalk_sglue
                0x000000000000a00a       0x3c /Applications/Simplicity Studio.app/Contents/Eclipse/developer/toolchains/gnu_arm/12.2.rel1_2023.7/bin/../lib/gcc/arm-none-eabi/12.2.1/../../../../arm-none-eabi/lib/thumb/v8-m.main+fp/hard/libc_nano.a(libc_a-fwalk.o)
                0x000000000000a00a                _fwalk_sglue
 .text.__swhatbuf_r
                0x000000000000a046       0x4a /Applications/Simplicity Studio.app/Contents/Eclipse/developer/toolchains/gnu_arm/12.2.rel1_2023.7/bin/../lib/gcc/arm-none-eabi/12.2.1/../../../../arm-none-eabi/lib/thumb/v8-m.main+fp/hard/libc_nano.a(libc_a-makebuf.o)
                0x000000000000a046                __swhatbuf_r
 .text.__smakebuf_r
                0x000000000000a090       0x78 /Applications/Simplicity Studio.app/Contents/Eclipse/developer/toolchains/gnu_arm/12.2.rel1_2023.7/bin/../lib/gcc/arm-none-eabi/12.2.1/../../../../arm-none-eabi/lib/thumb/v8-m.main+fp/hard/libc_nano.a(libc_a-makebuf.o)
                0x000000000000a090                __smakebuf_r
 .text._puts_r  0x000000000000a108       0xaa /Applications/Simplicity Studio.app/Contents/Eclipse/developer/toolchains/gnu_arm/12.2.rel1_2023.7/bin/../lib/gcc/arm-none-eabi/12.2.1/../../../../arm-none-eabi/lib/thumb/v8-m.main+fp/hard/libc_nano.a(libc_a-puts.o)
                0x000000000000a108                _puts_r
 .text.memset   0x000000000000a1b2       0x10 /Applications/Simplicity Studio.app/Contents/Eclipse/developer/toolchains/gnu_arm/12.2.rel1_2023.7/bin/../lib/gcc/arm-none-eabi/12.2.1/../../../../arm-none-eabi/lib/thumb/v8-m.main+fp/hard/libc_nano.a(libc_a-memset.o)
                0x000000000000a1b2                memset
 .text.__retarget_lock_init_recursive
                0x000000000000a1c2        0x2 /Applications/Simplicity Studio.app/Contents/Eclipse/developer/toolchains/gnu_arm/12.2.rel1_2023.7/bin/../lib/gcc/arm-none-eabi/12.2.1/../../../../arm-none-eabi/lib/thumb/v8-m.main+fp/hard/libc_nano.a(libc_a-lock.o)
                0x000000000000a1c2                __retarget_lock_init_recursive
 .text.__retarget_lock_acquire_recursive
                0x000000000000a1c4        0x2 /Applications/Simplicity Studio.app/Contents/Eclipse/developer/toolchains/gnu_arm/12.2.rel1_2023.7/bin/../lib/gcc/arm-none-eabi/12.2.1/../../../../arm-none-eabi/lib/thumb/v8-m.main+fp/hard/libc_nano.a(libc_a-lock.o)
                0x000000000000a1c4                __retarget_lock_acquire_recursive
 .text.__retarget_lock_release_recursive
                0x000000000000a1c6        0x2 /Applications/Simplicity Studio.app/Contents/Eclipse/developer/toolchains/gnu_arm/12.2.rel1_2023.7/bin/../lib/gcc/arm-none-eabi/12.2.1/../../../../arm-none-eabi/lib/thumb/v8-m.main+fp/hard/libc_nano.a(libc_a-lock.o)
                0x000000000000a1c6                __retarget_lock_release_recursive
 .text.memchr   0x000000000000a1c8       0x1c /Applications/Simplicity Studio.app/Contents/Eclipse/developer/toolchains/gnu_arm/12.2.rel1_2023.7/bin/../lib/gcc/arm-none-eabi/12.2.1/../../../../arm-none-eabi/lib/thumb/v8-m.main+fp/hard/libc_nano.a(libc_a-memchr-stub.o)
                0x000000000000a1c8                memchr
 .text.memcpy   0x000000000000a1e4       0x1a /Applications/Simplicity Studio.app/Contents/Eclipse/developer/toolchains/gnu_arm/12.2.rel1_2023.7/bin/../lib/gcc/arm-none-eabi/12.2.1/../../../../arm-none-eabi/lib/thumb/v8-m.main+fp/hard/libc_nano.a(libc_a-memcpy-stub.o)
                0x000000000000a1e4                memcpy
 .text          0x000000000000a1fe       0x10 /Applications/Simplicity Studio.app/Contents/Eclipse/developer/toolchains/gnu_arm/12.2.rel1_2023.7/bin/../lib/gcc/arm-none-eabi/12.2.1/../../../../arm-none-eabi/lib/thumb/v8-m.main+fp/hard/libc_nano.a(libc_a-strlen.o)
                0x000000000000a1fe                strlen
 .text.quorem   0x000000000000a20e      0x11a /Applications/Simplicity Studio.app/Contents/Eclipse/developer/toolchains/gnu_arm/12.2.rel1_2023.7/bin/../lib/gcc/arm-none-eabi/12.2.1/../../../../arm-none-eabi/lib/thumb/v8-m.main+fp/hard/libc_nano.a(libc_a-dtoa.o)
 .text.__sfputc_r
                0x000000000000a328       0x2e /Applications/Simplicity Studio.app/Contents/Eclipse/developer/toolchains/gnu_arm/12.2.rel1_2023.7/bin/../lib/gcc/arm-none-eabi/12.2.1/../../../../arm-none-eabi/lib/thumb/v8-m.main+fp/hard/libc_nano.a(libc_a-nano-vfprintf.o)
 .text.__sfputs_r
                0x000000000000a356       0x24 /Applications/Simplicity Studio.app/Contents/Eclipse/developer/toolchains/gnu_arm/12.2.rel1_2023.7/bin/../lib/gcc/arm-none-eabi/12.2.1/../../../../arm-none-eabi/lib/thumb/v8-m.main+fp/hard/libc_nano.a(libc_a-nano-vfprintf.o)
                0x000000000000a356                __sfputs_r
 .text.__sflush_r
                0x000000000000a37a      0x106 /Applications/Simplicity Studio.app/Contents/Eclipse/developer/toolchains/gnu_arm/12.2.rel1_2023.7/bin/../lib/gcc/arm-none-eabi/12.2.1/../../../../arm-none-eabi/lib/thumb/v8-m.main+fp/hard/libc_nano.a(libc_a-fflush.o)
                0x000000000000a37a                __sflush_r
 .text._fflush_r
                0x000000000000a480       0x50 /Applications/Simplicity Studio.app/Contents/Eclipse/developer/toolchains/gnu_arm/12.2.rel1_2023.7/bin/../lib/gcc/arm-none-eabi/12.2.1/../../../../arm-none-eabi/lib/thumb/v8-m.main+fp/hard/libc_nano.a(libc_a-fflush.o)
                0x000000000000a480                _fflush_r
 .text.__hi0bits